2025-09-28 05:18:11,287 - INFO - FAILED - Reason: UNEXPECTED_ERROR: [Errno 32] Broken pipe | Company ID: 8887 | Company Name: HYUNDAI GLOVIS CO LTD | Expected URL: https://magicport.ai/owners-managers/south-korea/hyundai-glovis-co-ltd
2025-09-28 05:21:56,536 - INFO - FAILED - Reason: UNEXPECTED_ERROR: [Errno 32] Broken pipe | Company ID: 9244 | Company Name: BOLUDA TOWAGE FRANCE SAS | Expected URL: https://magicport.ai/owners-managers/spain/boluda-towage-france-sas
2025-09-28 05:22:44,792 - INFO - FAILED - Reason: UNEXPECTED_ERROR: [Errno 32] Broken pipe | Company ID: 13168 | Company Name: HMC SHIPMANAGEMENT CO LTD | Expected URL: https://magicport.ai/owners-managers/china/hmc-shipmanagement-co-ltd
2025-09-28 05:23:31,587 - INFO - FAILED - Reason: UNEXPECTED_ERROR: [Errno 32] Broken pipe | Company ID: 15536 | Company Name: MARAN GAS MARITIME INC | Expected URL: https://magicport.ai/owners-managers/greece/maran-gas-maritime-inc
2025-09-28 05:24:15,060 - INFO - FAILED - Reason: UNEXPECTED_ERROR: [Errno 32] Broken pipe | Company ID: 5702 | Company Name: SEATRADE GRONINGEN BV | Expected URL: https://magicport.ai/owners-managers/netherlands/seatrade-groningen-bv
2025-09-28 05:25:23,082 - INFO - FAILED - Reason: UNEXPECTED_ERROR: [Errno 32] Broken pipe | Company ID: 6857 | Company Name: RATU SHIPPING CO SA | Expected URL: https://magicport.ai/owners-managers/panama/ratu-shipping-co-sa
2025-09-28 05:26:11,828 - INFO - FAILED - Reason: UNEXPECTED_ERROR: [Errno 32] Broken pipe | Company ID: 12712 | Company Name: CMB.TECH NV | Expected URL: https://magicport.ai/owners-managers/belgium/cmbtech-nv
2025-09-28 05:26:56,937 - INFO - FAILED - Reason: UNEXPECTED_ERROR: [Errno 32] Broken pipe | Company ID: 17017 | Company Name: JEMBATAN NUSANTARA PT | Expected URL: https://magicport.ai/owners-managers/indonesia/jembatan-nusantara-pt
2025-09-28 05:27:40,275 - INFO - FAILED - Reason: UNEXPECTED_ERROR: [Errno 32] Broken pipe | Company ID: 17924 | Company Name: TODA KISEN KK | Expected URL: https://magicport.ai/owners-managers/japan/toda-kisen-kk
2025-09-28 05:28:23,504 - INFO - FAILED - Reason: UNEXPECTED_ERROR: [Errno 32] Broken pipe | Company ID: 6295 | Company Name: TORGHATTEN NORD AS | Expected URL: https://magicport.ai/owners-managers/norway/torghatten-nord-as
2025-09-28 05:29:09,659 - INFO - FAILED - Reason: UNEXPECTED_ERROR: [Errno 32] Broken pipe | Company ID: 12780 | Company Name: SEAPEAK MARITIME LTD | Expected URL: https://magicport.ai/owners-managers/bermuda/seapeak-maritime-ltd
2025-09-28 05:29:56,698 - INFO - FAILED - Reason: UNEXPECTED_ERROR: [Errno 32] Broken pipe | Company ID: 13170 | Company Name: MINSHENG FINANCIAL LEASING CO | Expected URL: https://magicport.ai/owners-managers/china/minsheng-financial-leasing-co
2025-09-28 05:30:19,746 - INFO - FAILED - Reason: UNEXPECTED_ERROR: [Errno 32] Broken pipe | Company ID: 13171 | Company Name: FUJIAN PINGTAN COUNTY OCEAN | Expected URL: https://magicport.ai/owners-managers/china/fujian-pingtan-county-ocean
2025-09-28 05:31:03,330 - INFO - FAILED - Reason: UNEXPECTED_ERROR: [Errno 32] Broken pipe | Company ID: 14982 | Company Name: BOURBON OFFSHORE SURF SAS | Expected URL: https://magicport.ai/owners-managers/france/bourbon-offshore-surf-sas
2025-09-28 05:31:48,193 - INFO - FAILED - Reason: UNEXPECTED_ERROR: [Errno 32] Broken pipe | Company ID: 17926 | Company Name: KYOWA KISEN/GREEN SPANKER | Expected URL: https://magicport.ai/owners-managers/japan/kyowa-kisengreen-spanker
2025-09-28 05:32:33,572 - INFO - FAILED - Reason: UNEXPECTED_ERROR: [Errno 32] Broken pipe | Company ID: 8889 | Company Name: WILHELMSEN SHIP MGMT KOREA LTD | Expected URL: https://magicport.ai/owners-managers/south-korea/wilhelmsen-ship-mgmt-korea-ltd
2025-09-28 05:33:17,286 - INFO - FAILED - Reason: UNEXPECTED_ERROR: [Errno 32] Broken pipe | Company ID: 11458 | Company Name: UNITED STATES GOVT MARAD | Expected URL: https://magicport.ai/owners-managers/united-states/united-states-govt-marad
2025-09-28 05:33:39,870 - INFO - FAILED - Reason: UNEXPECTED_ERROR: [Errno 32] Broken pipe | Company ID: 11459 | Company Name: HORNBECK OFFSHORE SERVICES LLC | Expected URL: https://magicport.ai/owners-managers/united-states/hornbeck-offshore-services-llc
2025-09-28 05:34:52,765 - INFO - FAILED - Reason: UNEXPECTED_ERROR: [Errno 32] Broken pipe | Company ID: 14462 | Company Name: THOME CROATIA DOO | Expected URL: https://magicport.ai/owners-managers/croatia/thome-croatia-doo
2025-09-28 05:35:13,812 - INFO - FAILED - Reason: UNEXPECTED_ERROR: [Errno 32] Broken pipe | Company ID: 14604 | Company Name: MAERSK SHIPPING HONG KONG LTD | Expected URL: https://magicport.ai/owners-managers/denmark/maersk-shipping-hong-kong-ltd
2025-09-28 05:35:36,839 - INFO - FAILED - Reason: UNEXPECTED_ERROR: [Errno 32] Broken pipe | Company ID: 14605 | Company Name: ESVAGT A/S | Expected URL: https://magicport.ai/owners-managers/denmark/esvagt-as
2025-09-28 05:36:59,087 - INFO - FAILED - Reason: UNEXPECTED_ERROR: [Errno 32] Broken pipe | Company ID: 7234 | Company Name: HALUL OFFSHORE SERVICES CO WLL | Expected URL: https://magicport.ai/owners-managers/qatar/halul-offshore-services-co-wll
2025-09-28 05:38:08,371 - INFO - FAILED - Reason: UNEXPECTED_ERROR: [Errno 32] Broken pipe | Company ID: 8076 | Company Name: INTERNATIONAL TANKER MNGMT LTD | Expected URL: https://magicport.ai/owners-managers/singapore/international-tanker-mngmt-ltd
2025-09-28 05:38:50,167 - INFO - FAILED - Reason: UNEXPECTED_ERROR: [Errno 32] Broken pipe | Company ID: 9599 | Company Name: U-MING MARINE TRANSPORT CORP | Expected URL: https://magicport.ai/owners-managers/taiwan/u-ming-marine-transport-corp
2025-09-28 05:39:33,543 - INFO - FAILED - Reason: UNEXPECTED_ERROR: [Errno 32] Broken pipe | Company ID: 13172 | Company Name: COSCO SHIPPING TANKER SHANGHAI | Expected URL: https://magicport.ai/owners-managers/china/cosco-shipping-tanker-shanghai
2025-09-28 05:39:55,924 - INFO - FAILED - Reason: UNEXPECTED_ERROR: [Errno 32] Broken pipe | Company ID: 14514 | Company Name: SMT SHIPPING CYPRUS LTD | Expected URL: https://magicport.ai/owners-managers/cyprus/smt-shipping-cyprus-ltd
2025-09-28 05:40:45,464 - INFO - FAILED - Reason: UNEXPECTED_ERROR: [Errno 32] Broken pipe | Company ID: 14776 | Company Name: SUEZ CANAL AUTHORITY | Expected URL: https://magicport.ai/owners-managers/egypt/suez-canal-authority
2025-09-28 05:41:30,375 - INFO - FAILED - Reason: UNEXPECTED_ERROR: [Errno 32] Broken pipe | Company ID: 16307 | Company Name: HONG KONG MING WAH SHPG CO LTD | Expected URL: https://magicport.ai/owners-managers/hong-kong/hong-kong-ming-wah-shpg-co-ltd
2025-09-28 05:43:08,581 - INFO - FAILED - Reason: UNEXPECTED_ERROR: [Errno 32] Broken pipe | Company ID: 10577 | Company Name: DENSAY SHIPPING & TRADING DMCC | Expected URL: https://magicport.ai/owners-managers/united-arab-emirates/densay-shipping-trading-dmcc
2025-09-28 05:44:23,285 - INFO - FAILED - Reason: UNEXPECTED_ERROR: [Errno 32] Broken pipe | Company ID: 7140 | Company Name: SMT SHIPPING POLAND SP ZOO | Expected URL: https://magicport.ai/owners-managers/poland/smt-shipping-poland-sp-zoo
2025-09-28 05:45:10,432 - INFO - FAILED - Reason: UNEXPECTED_ERROR: [Errno 32] Broken pipe | Company ID: 8891 | Company Name: SAJO INDUSTRIES CO LTD | Expected URL: https://magicport.ai/owners-managers/south-korea/sajo-industries-co-ltd
2025-09-28 05:46:32,061 - INFO - FAILED - Reason: UNEXPECTED_ERROR: [Errno 32] Broken pipe | Company ID: 12925 | Company Name: NAVIGATION MARITIME BULGARE | Expected URL: https://magicport.ai/owners-managers/bulgaria/navigation-maritime-bulgare
2025-09-28 05:47:18,769 - INFO - FAILED - Reason: UNEXPECTED_ERROR: [Errno 32] Broken pipe | Company ID: 15542 | Company Name: PANTHEON TANKERS MANAGEMENT | Expected URL: https://magicport.ai/owners-managers/greece/pantheon-tankers-management
2025-09-28 05:48:05,829 - INFO - FAILED - Reason: UNEXPECTED_ERROR: [Errno 32] Broken pipe | Company ID: 16308 | Company Name: ANGLO-EASTERN TANKER MGMT-HKG | Expected URL: https://magicport.ai/owners-managers/hong-kong/anglo-eastern-tanker-mgmt-hkg
2025-09-28 05:48:51,132 - INFO - FAILED - Reason: UNEXPECTED_ERROR: [Errno 32] Broken pipe | Company ID: 17020 | Company Name: DHARMA LAUTAN UTAMA PT | Expected URL: https://magicport.ai/owners-managers/indonesia/dharma-lautan-utama-pt
2025-09-28 05:51:17,615 - INFO - FAILED - Reason: UNEXPECTED_ERROR: [Errno 32] Broken pipe | Company ID: 12115 | Company Name: HADUCO | Expected URL: https://magicport.ai/owners-managers/vietnam/haduco
2025-09-28 05:52:03,040 - INFO - FAILED - Reason: UNEXPECTED_ERROR: [Errno 32] Broken pipe | Company ID: 15544 | Company Name: CONTSHIPS MANAGEMENT INC | Expected URL: https://magicport.ai/owners-managers/greece/contships-management-inc
2025-09-28 05:53:10,130 - INFO - FAILED - Reason: UNEXPECTED_ERROR: [Errno 32] Broken pipe | Company ID: 18881 | Company Name: RIX SHIPMANAGEMENT SIA | Expected URL: https://magicport.ai/owners-managers/latvia/rix-shipmanagement-sia
2025-09-28 05:53:57,062 - INFO - FAILED - Reason: UNEXPECTED_ERROR: [Errno 32] Broken pipe | Company ID: 5494 | Company Name: PEMEX LOGISTICA, TRANSPORTE | Expected URL: https://magicport.ai/owners-managers/mexico/pemex-logistica-transporte
2025-09-28 05:54:42,054 - INFO - FAILED - Reason: UNEXPECTED_ERROR: [Errno 32] Broken pipe | Company ID: 8081 | Company Name: RAFFLES SHIPMANAGEMENT SERV | Expected URL: https://magicport.ai/owners-managers/singapore/raffles-shipmanagement-serv
2025-09-28 05:55:30,031 - INFO - FAILED - Reason: UNEXPECTED_ERROR: [Errno 32] Broken pipe | Company ID: 8082 | Company Name: ANGLO-EASTERN TANKER MGMT-SNG | Expected URL: https://magicport.ai/owners-managers/singapore/anglo-eastern-tanker-mgmt-sng
2025-09-28 05:56:42,890 - INFO - FAILED - Reason: UNEXPECTED_ERROR: [Errno 32] Broken pipe | Company ID: 11134 | Company Name: HELIKON SHIPPING ENTERPRISES | Expected URL: https://magicport.ai/owners-managers/united-kingdom/helikon-shipping-enterprises
2025-09-28 05:57:49,227 - INFO - FAILED - Reason: UNEXPECTED_ERROR: [Errno 32] Broken pipe | Company ID: 11464 | Company Name: HARVEY GULF INTL MARINE LLC | Expected URL: https://magicport.ai/owners-managers/united-states/harvey-gulf-intl-marine-llc
2025-09-28 05:58:34,254 - INFO - FAILED - Reason: UNEXPECTED_ERROR: [Errno 32] Broken pipe | Company ID: 13174 | Company Name: SAFE SHIPS LTD | Expected URL: https://magicport.ai/owners-managers/china/safe-ships-ltd
2025-09-28 05:59:54,641 - INFO - FAILED - Reason: UNEXPECTED_ERROR: [Errno 32] Broken pipe | Company ID: 15142 | Company Name: HARTMANN GAS CARRIERS GERMANY | Expected URL: https://magicport.ai/owners-managers/germany/hartmann-gas-carriers-germany
2025-09-28 06:00:41,936 - INFO - FAILED - Reason: UNEXPECTED_ERROR: [Errno 32] Broken pipe | Company ID: 15545 | Company Name: AM NOMIKOS TRANSWORLD MARITIME | Expected URL: https://magicport.ai/owners-managers/greece/am-nomikos-transworld-maritime
2025-09-28 06:01:30,380 - INFO - FAILED - Reason: UNEXPECTED_ERROR: [Errno 32] Broken pipe | Company ID: 5602 | Company Name: FRASER WORLDWIDE SAM | Expected URL: https://magicport.ai/owners-managers/monaco/fraser-worldwide-sam
2025-09-28 06:03:24,273 - INFO - FAILED - Reason: UNEXPECTED_ERROR: [Errno 32] Broken pipe | Company ID: 13178 | Company Name: HUAYANG MARITIME CENTER CO LTD | Expected URL: https://magicport.ai/owners-managers/china/huayang-maritime-center-co-ltd
2025-09-28 06:04:30,377 - INFO - FAILED - Reason: UNEXPECTED_ERROR: [Errno 32] Broken pipe | Company ID: 13180 | Company Name: SHANGHAI XIN YUAN HAI JI | Expected URL: https://magicport.ai/owners-managers/china/shanghai-xin-yuan-hai-ji
2025-09-28 06:05:18,324 - INFO - FAILED - Reason: UNEXPECTED_ERROR: [Errno 32] Broken pipe | Company ID: 14983 | Company Name: CMA CGM ASIA SHIPPING PTE LTD | Expected URL: https://magicport.ai/owners-managers/france/cma-cgm-asia-shipping-pte-ltd
2025-09-28 06:06:05,442 - INFO - FAILED - Reason: UNEXPECTED_ERROR: [Errno 32] Broken pipe | Company ID: 15144 | Company Name: MARLOW SHIP MGMT DEUTSCHLAND | Expected URL: https://magicport.ai/owners-managers/germany/marlow-ship-mgmt-deutschland
2025-09-28 06:07:25,776 - INFO - FAILED - Reason: UNEXPECTED_ERROR: [Errno 32] Broken pipe | Company ID: 6298 | Company Name: SAGA WELCO AS | Expected URL: https://magicport.ai/owners-managers/norway/saga-welco-as
2025-09-28 06:08:11,984 - INFO - FAILED - Reason: UNEXPECTED_ERROR: [Errno 32] Broken pipe | Company ID: 8085 | Company Name: ISHIMA PTE LTD | Expected URL: https://magicport.ai/owners-managers/singapore/ishima-pte-ltd
2025-09-28 06:09:00,886 - INFO - FAILED - Reason: UNEXPECTED_ERROR: [Errno 32] Broken pipe | Company ID: 10579 | Company Name: NATIONAL MARINE DREDGING CO | Expected URL: https://magicport.ai/owners-managers/united-arab-emirates/national-marine-dredging-co
2025-09-28 06:11:36,810 - INFO - FAILED - Reason: UNEXPECTED_ERROR: [Errno 32] Broken pipe | Company ID: 14777 | Company Name: MARIDIVE & OIL SERVICES SAE | Expected URL: https://magicport.ai/owners-managers/egypt/maridive-oil-services-sae
2025-09-28 06:12:22,939 - INFO - FAILED - Reason: UNEXPECTED_ERROR: [Errno 32] Broken pipe | Company ID: 15546 | Company Name: MM MARINE INC | Expected URL: https://magicport.ai/owners-managers/greece/mm-marine-inc
2025-09-28 06:13:06,546 - INFO - FAILED - Reason: UNEXPECTED_ERROR: [Errno 32] Broken pipe | Company ID: 16309 | Company Name: BG SHIPPING CO LTD-HKG | Expected URL: https://magicport.ai/owners-managers/hong-kong/bg-shipping-co-ltd-hkg
2025-09-28 06:13:50,558 - INFO - FAILED - Reason: UNEXPECTED_ERROR: [Errno 32] Broken pipe | Company ID: 17726 | Company Name: D'AMICO SHIP MANAGEMENT SRL | Expected URL: https://magicport.ai/owners-managers/italy/damico-ship-management-srl
2025-09-28 06:14:34,652 - INFO - FAILED - Reason: UNEXPECTED_ERROR: [Errno 32] Broken pipe | Company ID: 5603 | Company Name: V SHIPS LTD | Expected URL: https://magicport.ai/owners-managers/monaco/v-ships-ltd
2025-09-28 06:16:05,768 - INFO - FAILED - Reason: UNEXPECTED_ERROR: [Errno 32] Broken pipe | Company ID: 7305 | Company Name: RUSSIA GOVT MARINE RESCUE SERV | Expected URL: https://magicport.ai/owners-managers/russia/russia-govt-marine-rescue-serv
2025-09-28 06:16:50,838 - INFO - FAILED - Reason: UNEXPECTED_ERROR: [Errno 32] Broken pipe | Company ID: 8087 | Company Name: SUNTECH SHIP MANAGEMENT | Expected URL: https://magicport.ai/owners-managers/singapore/suntech-ship-management
2025-09-28 06:17:24,505 - INFO - FAILED - Reason: URL_REDIRECT | Company ID: 11137 | Company Name: MOL GLOBAL SHIP MANAGEMENT PTE | Expected URL: https://magicport.ai/owners-managers/united-kingdom/mol-global-ship-management-pte | Redirected to: https://magicport.ai/owners-managers
2025-09-28 06:17:24,528 - INFO - FAILED - Reason: UNEXPECTED_ERROR: cannot unpack non-iterable bool object | Company ID: 11137 | Company Name: MOL GLOBAL SHIP MANAGEMENT PTE | Expected URL: https://magicport.ai/owners-managers/united-kingdom/mol-global-ship-management-pte
2025-09-28 06:17:45,907 - INFO - FAILED - Reason: UNEXPECTED_ERROR: [Errno 32] Broken pipe | Company ID: 13181 | Company Name: SHANGHAI ZHONGGU LOGISTICS CO | Expected URL: https://magicport.ai/owners-managers/china/shanghai-zhonggu-logistics-co
2025-09-28 06:18:33,615 - INFO - FAILED - Reason: UNEXPECTED_ERROR: [Errno 32] Broken pipe | Company ID: 15146 | Company Name: POSH FLEET SERVICES PTE LTD | Expected URL: https://magicport.ai/owners-managers/germany/posh-fleet-services-pte-ltd
2025-09-28 06:19:40,988 - INFO - FAILED - Reason: UNEXPECTED_ERROR: [Errno 32] Broken pipe | Company ID: 15548 | Company Name: ALPHA BULKERS SHIPMANAGEMENT | Expected URL: https://magicport.ai/owners-managers/greece/alpha-bulkers-shipmanagement
2025-09-28 06:20:25,037 - INFO - FAILED - Reason: UNEXPECTED_ERROR: [Errno 32] Broken pipe | Company ID: 16742 | Company Name: ADANI HARBOUR SERVICES LTD | Expected URL: https://magicport.ai/owners-managers/india/adani-harbour-services-ltd
2025-09-28 06:20:50,909 - INFO - FAILED - Reason: UNEXPECTED_ERROR: [Errno 32] Broken pipe | Company ID: 17025 | Company Name: PT JHONLIN MARINE TRANS | Expected URL: https://magicport.ai/owners-managers/indonesia/pt-jhonlin-marine-trans
2025-09-28 06:21:12,668 - INFO - FAILED - Reason: UNEXPECTED_ERROR: [Errno 32] Broken pipe | Company ID: 17025 | Company Name: PT JHONLIN MARINE TRANS | Expected URL: https://magicport.ai/owners-managers/indonesia/pt-jhonlin-marine-trans
2025-09-28 06:22:20,846 - INFO - FAILED - Reason: UNEXPECTED_ERROR: [Errno 32] Broken pipe | Company ID: 17928 | Company Name: MOLSHIP | Expected URL: https://magicport.ai/owners-managers/japan/molship
2025-09-28 06:23:04,794 - INFO - FAILED - Reason: UNEXPECTED_ERROR: [Errno 32] Broken pipe | Company ID: 6301 | Company Name: BUKSER OG BERGING AS | Expected URL: https://magicport.ai/owners-managers/norway/bukser-og-berging-as
2025-09-28 06:23:27,181 - INFO - FAILED - Reason: UNEXPECTED_ERROR: [Errno 32] Broken pipe | Company ID: 8088 | Company Name: NORDIC HAMBURG SHIPMGMT GMBH | Expected URL: https://magicport.ai/owners-managers/singapore/nordic-hamburg-shipmgmt-gmbh
2025-09-28 06:24:11,229 - INFO - FAILED - Reason: UNEXPECTED_ERROR: [Errno 32] Broken pipe | Company ID: 8893 | Company Name: KOREA LINE CORP | Expected URL: https://magicport.ai/owners-managers/south-korea/korea-line-corp
2025-09-28 06:25:22,084 - INFO - FAILED - Reason: UNEXPECTED_ERROR: [Errno 32] Broken pipe | Company ID: 11467 | Company Name: NCL BAHAMAS LTD | Expected URL: https://magicport.ai/owners-managers/united-states/ncl-bahamas-ltd
2025-09-28 06:26:36,363 - INFO - FAILED - Reason: UNEXPECTED_ERROR: [Errno 32] Broken pipe | Company ID: 14607 | Company Name: NORTHERN OFFSHORE SERVICES A/S | Expected URL: https://magicport.ai/owners-managers/denmark/northern-offshore-services-as
2025-09-28 06:27:21,597 - INFO - FAILED - Reason: UNEXPECTED_ERROR: [Errno 32] Broken pipe | Company ID: 16310 | Company Name: TS LINES LTD | Expected URL: https://magicport.ai/owners-managers/hong-kong/ts-lines-ltd
2025-09-28 06:27:44,313 - INFO - FAILED - Reason: UNEXPECTED_ERROR: [Errno 32] Broken pipe | Company ID: 17729 | Company Name: LIBERTY LINES SPA | Expected URL: https://magicport.ai/owners-managers/italy/liberty-lines-spa
2025-09-28 06:28:50,131 - INFO - FAILED - Reason: UNEXPECTED_ERROR: [Errno 32] Broken pipe | Company ID: 17929 | Company Name: IINO MARINE SERVICE CO LTD | Expected URL: https://magicport.ai/owners-managers/japan/iino-marine-service-co-ltd
2025-09-28 06:29:40,773 - INFO - FAILED - Reason: UNEXPECTED_ERROR: [Errno 32] Broken pipe | Company ID: 17930 | Company Name: SHUNZAN KAIUN KK | Expected URL: https://magicport.ai/owners-managers/japan/shunzan-kaiun-kk
2025-09-28 06:32:15,647 - INFO - FAILED - Reason: UNEXPECTED_ERROR: [Errno 32] Broken pipe | Company ID: 9900 | Company Name: KARMARINE KARADENIZ DENIZCILIK | Expected URL: https://magicport.ai/owners-managers/t%C3%BCrkiye/karmarine-karadeniz-denizcilik
2025-09-28 06:33:30,607 - INFO - FAILED - Reason: UNEXPECTED_ERROR: [Errno 32] Broken pipe | Company ID: 11138 | Company Name: EASTERN PACIFIC SHIPPING UK | Expected URL: https://magicport.ai/owners-managers/united-kingdom/eastern-pacific-shipping-uk
2025-09-28 06:35:11,182 - INFO - FAILED - Reason: UNEXPECTED_ERROR: [Errno 32] Broken pipe | Company ID: 11469 | Company Name: CARNIVAL CORP | Expected URL: https://magicport.ai/owners-managers/united-states/carnival-corp
2025-09-28 06:35:58,650 - INFO - FAILED - Reason: UNEXPECTED_ERROR: [Errno 32] Broken pipe | Company ID: 13097 | Company Name: CPT EMPRESAS MARITIMAS SA | Expected URL: https://magicport.ai/owners-managers/chile/cpt-empresas-maritimas-sa
2025-09-28 06:36:45,031 - INFO - FAILED - Reason: UNEXPECTED_ERROR: [Errno 32] Broken pipe | Company ID: 15149 | Company Name: BRIESE SHORTSEA GMBH & CO KG | Expected URL: https://magicport.ai/owners-managers/germany/briese-shortsea-gmbh-co-kg
2025-09-28 06:37:31,937 - INFO - FAILED - Reason: UNEXPECTED_ERROR: [Errno 32] Broken pipe | Company ID: 15550 | Company Name: CONBULK SHIPMANAGEMENT CORP | Expected URL: https://magicport.ai/owners-managers/greece/conbulk-shipmanagement-corp
2025-09-28 06:38:19,410 - INFO - FAILED - Reason: UNEXPECTED_ERROR: [Errno 32] Broken pipe | Company ID: 15552 | Company Name: BERNHARD SCHULTE SHIPMGMT | Expected URL: https://magicport.ai/owners-managers/greece/bernhard-schulte-shipmgmt
2025-09-28 06:39:09,083 - INFO - FAILED - Reason: UNEXPECTED_ERROR: [Errno 32] Broken pipe | Company ID: 17026 | Company Name: BUANA MARITIM SEJAHTERA PT | Expected URL: https://magicport.ai/owners-managers/indonesia/buana-maritim-sejahtera-pt
2025-09-28 06:42:02,659 - INFO - FAILED - Reason: UNEXPECTED_ERROR: [Errno 32] Broken pipe | Company ID: 7306 | Company Name: ANTEY LLC | Expected URL: https://magicport.ai/owners-managers/russia/antey-llc
2025-09-28 06:42:55,662 - INFO - FAILED - Reason: UNEXPECTED_ERROR: [Errno 32] Broken pipe | Company ID: 8093 | Company Name: SYNERGY MARINE BULK PTE LTD | Expected URL: https://magicport.ai/owners-managers/singapore/synergy-marine-bulk-pte-ltd
2025-09-28 06:43:47,366 - INFO - FAILED - Reason: UNEXPECTED_ERROR: [Errno 32] Broken pipe | Company ID: 11470 | Company Name: UNITED STATES GOVT MSC | Expected URL: https://magicport.ai/owners-managers/united-states/united-states-govt-msc
2025-09-28 06:45:58,484 - INFO - FAILED - Reason: UNEXPECTED_ERROR: [Errno 32] Broken pipe | Company ID: 15151 | Company Name: JENS U WALLER GMBH | Expected URL: https://magicport.ai/owners-managers/germany/jens-u-waller-gmbh
2025-09-28 06:47:48,846 - INFO - FAILED - Reason: UNEXPECTED_ERROR: [Errno 32] Broken pipe | Company ID: 6961 | Company Name: SYNERGY OCEAN MARITIME INC | Expected URL: https://magicport.ai/owners-managers/philippines/synergy-ocean-maritime-inc
2025-09-28 06:48:30,425 - INFO - FAILED - Reason: UNEXPECTED_ERROR: [Errno 32] Broken pipe | Company ID: 8095 | Company Name: HONG LAM MARINE PTE LTD | Expected URL: https://magicport.ai/owners-managers/singapore/hong-lam-marine-pte-ltd
2025-09-28 06:49:37,531 - INFO - FAILED - Reason: UNEXPECTED_ERROR: [Errno 32] Broken pipe | Company ID: 9901 | Company Name: GENEL DENIZCILIK NAKLIYATI AS | Expected URL: https://magicport.ai/owners-managers/t%C3%BCrkiye/genel-denizcilik-nakliyati-as
2025-09-28 06:50:20,003 - INFO - FAILED - Reason: UNEXPECTED_ERROR: [Errno 32] Broken pipe | Company ID: 11142 | Company Name: ATLANTAS SHIP MANAGEMENT LTD | Expected URL: https://magicport.ai/owners-managers/united-kingdom/atlantas-ship-management-ltd
2025-09-28 06:51:04,870 - INFO - FAILED - Reason: UNEXPECTED_ERROR: [Errno 32] Broken pipe | Company ID: 12401 | Company Name: TIDEWATER ANGOLA MARINE LTD | Expected URL: https://magicport.ai/owners-managers/angola/tidewater-angola-marine-ltd
2025-09-28 06:51:49,435 - INFO - FAILED - Reason: UNEXPECTED_ERROR: [Errno 32] Broken pipe | Company ID: 12713 | Company Name: EXMAR SHIPMANAGEMENT BV | Expected URL: https://magicport.ai/owners-managers/belgium/exmar-shipmanagement-bv
2025-09-28 06:53:14,823 - INFO - FAILED - Reason: UNEXPECTED_ERROR: [Errno 32] Broken pipe | Company ID: 15555 | Company Name: ENTERPRISES SHIPPING & TRADING | Expected URL: https://magicport.ai/owners-managers/greece/enterprises-shipping-trading
2025-09-28 06:54:02,195 - INFO - FAILED - Reason: UNEXPECTED_ERROR: [Errno 32] Broken pipe | Company ID: 17932 | Company Name: ENEOS OCEAN CORP | Expected URL: https://magicport.ai/owners-managers/japan/eneos-ocean-corp
2025-09-28 06:56:27,247 - INFO - FAILED - Reason: UNEXPECTED_ERROR: [Errno 32] Broken pipe | Company ID: 8098 | Company Name: GOODWILL MARITIME PTE LTD | Expected URL: https://magicport.ai/owners-managers/singapore/goodwill-maritime-pte-ltd
2025-09-28 06:57:13,516 - INFO - FAILED - Reason: UNEXPECTED_ERROR: [Errno 32] Broken pipe | Company ID: 9902 | Company Name: TURKEY GOVT KIYI EMNIYETI | Expected URL: https://magicport.ai/owners-managers/t%C3%BCrkiye/turkey-govt-kiyi-emniyeti
2025-09-28 07:00:37,589 - INFO - FAILED - Reason: UNEXPECTED_ERROR: [Errno 32] Broken pipe | Company ID: 15153 | Company Name: USC BARNKRUG GMBH & CO KG | Expected URL: https://magicport.ai/owners-managers/germany/usc-barnkrug-gmbh-co-kg
2025-09-28 07:01:25,144 - INFO - FAILED - Reason: UNEXPECTED_ERROR: [Errno 32] Broken pipe | Company ID: 15154 | Company Name: BOLUDA DEUTSCHLAND GMBH | Expected URL: https://magicport.ai/owners-managers/germany/boluda-deutschland-gmbh
2025-09-28 07:02:56,195 - INFO - FAILED - Reason: UNEXPECTED_ERROR: [Errno 32] Broken pipe | Company ID: 17933 | Company Name: PRIMAVERA MONTANA SA | Expected URL: https://magicport.ai/owners-managers/japan/primavera-montana-sa
2025-09-28 07:04:56,674 - INFO - FAILED - Reason: UNEXPECTED_ERROR: [Errno 32] Broken pipe | Company ID: 6858 | Company Name: PANAMA CANAL AUTHORITY | Expected URL: https://magicport.ai/owners-managers/panama/panama-canal-authority
2025-09-28 07:06:24,832 - INFO - FAILED - Reason: UNEXPECTED_ERROR: [Errno 32] Broken pipe | Company ID: 8897 | Company Name: STX OCEAN SERVICE CORP | Expected URL: https://magicport.ai/owners-managers/south-korea/stx-ocean-service-corp
2025-09-28 07:07:10,548 - INFO - FAILED - Reason: UNEXPECTED_ERROR: [Errno 32] Broken pipe | Company ID: 9903 | Company Name: BESIKTAS LIKID TASIMACILIK | Expected URL: https://magicport.ai/owners-managers/t%C3%BCrkiye/besiktas-likid-tasimacilik
2025-09-28 07:08:58,531 - INFO - FAILED - Reason: UNEXPECTED_ERROR: [Errno 32] Broken pipe | Company ID: 12660 | Company Name: MERCANTILE SHIPPING LINES LTD | Expected URL: https://magicport.ai/owners-managers/bangladesh/mercantile-shipping-lines-ltd
2025-09-28 07:10:29,475 - INFO - FAILED - Reason: UNEXPECTED_ERROR: [Errno 32] Broken pipe | Company ID: 13188 | Company Name: CHINA YANTAI SALVAGE | Expected URL: https://magicport.ai/owners-managers/china/china-yantai-salvage
2025-09-28 07:11:14,486 - INFO - FAILED - Reason: UNEXPECTED_ERROR: [Errno 32] Broken pipe | Company ID: 14984 | Company Name: RPTD SOLD FRANCE | Expected URL: https://magicport.ai/owners-managers/france/rptd-sold-france
2025-09-28 07:13:30,264 - INFO - FAILED - Reason: UNEXPECTED_ERROR: [Errno 32] Broken pipe | Company ID: 6087 | Company Name: MULTIPLAN NIGERIA LTD | Expected URL: https://magicport.ai/owners-managers/nigeria/multiplan-nigeria-ltd
2025-09-28 07:14:14,629 - INFO - FAILED - Reason: UNEXPECTED_ERROR: [Errno 32] Broken pipe | Company ID: 6309 | Company Name: TORGHATTEN MIDT AS | Expected URL: https://magicport.ai/owners-managers/norway/torghatten-midt-as
2025-09-28 07:17:11,094 - INFO - FAILED - Reason: UNEXPECTED_ERROR: [Errno 32] Broken pipe | Company ID: 9741 | Company Name: SIAM LUCKY MARINE CO LTD | Expected URL: https://magicport.ai/owners-managers/thailand/siam-lucky-marine-co-ltd
2025-09-28 07:18:18,155 - INFO - FAILED - Reason: UNEXPECTED_ERROR: [Errno 32] Broken pipe | Company ID: 10587 | Company Name: RED SEA MARINE SERVICES LLC | Expected URL: https://magicport.ai/owners-managers/united-arab-emirates/red-sea-marine-services-llc
2025-09-28 07:18:58,581 - INFO - FAILED - Reason: UNEXPECTED_ERROR: [Errno 32] Broken pipe | Company ID: 11475 | Company Name: CENTERLINE LOGISTICS CORP | Expected URL: https://magicport.ai/owners-managers/united-states/centerline-logistics-corp
2025-09-28 07:21:26,701 - INFO - FAILED - Reason: UNEXPECTED_ERROR: [Errno 32] Broken pipe | Company ID: 15560 | Company Name: BRAVE MARITIME CORP INC | Expected URL: https://magicport.ai/owners-managers/greece/brave-maritime-corp-inc
2025-09-28 07:23:39,922 - INFO - FAILED - Reason: UNEXPECTED_ERROR: [Errno 32] Broken pipe | Company ID: 15564 | Company Name: SEA TRADE MARINE SA | Expected URL: https://magicport.ai/owners-managers/greece/sea-trade-marine-sa
2025-09-28 07:25:15,606 - INFO - FAILED - Reason: UNEXPECTED_ERROR: [Errno 32] Broken pipe | Company ID: 17028 | Company Name: TEMAS LINE | Expected URL: https://magicport.ai/owners-managers/indonesia/temas-line
2025-09-28 07:26:00,769 - INFO - FAILED - Reason: UNEXPECTED_ERROR: [Errno 32] Broken pipe | Company ID: 17030 | Company Name: PELAYARAN MULTI JAYA SAMUDERA | Expected URL: https://magicport.ai/owners-managers/indonesia/pelayaran-multi-jaya-samudera
2025-09-28 07:27:31,925 - INFO - FAILED - Reason: UNEXPECTED_ERROR: [Errno 32] Broken pipe | Company ID: 15159 | Company Name: SAL HEAVY LIFT GMBH & CO KG | Expected URL: https://magicport.ai/owners-managers/germany/sal-heavy-lift-gmbh-co-kg
2025-09-28 07:29:06,883 - INFO - FAILED - Reason: UNEXPECTED_ERROR: [Errno 32] Broken pipe | Company ID: 17031 | Company Name: ARMADA KAPAL TUNDA KENDARI | Expected URL: https://magicport.ai/owners-managers/indonesia/armada-kapal-tunda-kendari
2025-09-28 07:29:50,924 - INFO - FAILED - Reason: UNEXPECTED_ERROR: [Errno 32] Broken pipe | Company ID: 12782 | Company Name: PETREDEC LTD | Expected URL: https://magicport.ai/owners-managers/bermuda/petredec-ltd
