2025-09-30 23:34:40,269 - INFO - Created new company - ID: 20435, Name: 'SEA BRONCO BV', Country: 'Netherlands'
2025-09-30 23:34:44,422 - INFO - Created new company - ID: 20436, Name: 'SEA BARRACUDA BV', Country: 'Netherlands'
2025-09-30 23:34:48,570 - INFO - Created new company - ID: 20437, Name: 'SEA BISON BV', Country: 'Netherlands'
2025-09-30 23:34:56,801 - INFO - Created new company - ID: 20438, Name: 'SEA BULLDOG BV', Country: 'Netherlands'
2025-09-30 23:35:00,930 - INFO - Created new company - ID: 20439, Name: 'SEA BUFFALO BV', Country: 'Netherlands'
2025-09-30 23:35:05,048 - INFO - Created new company - ID: 20440, Name: 'SEA BELUGA BV', Country: 'Netherlands'
2025-09-30 23:35:21,517 - INFO - Created new company - ID: 20441, Name: 'GLOBAL SHIP LEASING 28 BV', Country: 'Netherlands'
2025-09-30 23:35:29,723 - INFO - Created new company - ID: 20442, Name: 'SEA INDIA BV', Country: 'Netherlands'
2025-09-30 23:36:50,055 - INFO - Created new company - ID: 20443, Name: 'AMSTEL SHIPPING LTD', Country: 'Netherlands'
2025-09-30 23:36:54,231 - INFO - Created new company - ID: 20444, Name: 'OCEAN ARSENAL CO LTD', Country: 'Netherlands'
2025-09-30 23:36:58,378 - INFO - Created new company - ID: 20445, Name: 'RIVER SHIPHOLDING LTD', Country: 'Netherlands'
2025-09-30 23:37:02,538 - INFO - Created new company - ID: 20446, Name: 'EMERALD CONFIDENCE SHIPPING', Country: 'Netherlands'
2025-09-30 23:37:06,689 - INFO - Created new company - ID: 20447, Name: 'MAAS SHIPPING LTD', Country: 'Netherlands'
2025-09-30 23:37:10,853 - INFO - Created new company - ID: 20448, Name: 'BEN SHIPPING LTD', Country: 'Netherlands'
2025-09-30 23:37:15,040 - INFO - Created new company - ID: 20449, Name: 'CRYSTAL SHIPPING LTD-MAI', Country: 'Netherlands'
2025-09-30 23:37:19,544 - INFO - Created new company - ID: 20450, Name: 'ORIENTAL SHIPPING ENTERPRISES', Country: 'Netherlands'
2025-09-30 23:37:23,725 - INFO - Created new company - ID: 20451, Name: 'ORIENTAL MARITIME SERVICES SA', Country: 'Netherlands'
2025-09-30 23:37:27,910 - INFO - Created new company - ID: 20452, Name: 'RUBY SHIPPING LTD', Country: 'Netherlands'
2025-09-30 23:37:32,066 - INFO - Created new company - ID: 20453, Name: 'AMBER CONFIDENCE SHIPPING LTD', Country: 'Netherlands'
2025-09-30 23:37:44,392 - INFO - Created new company - ID: 20454, Name: 'SHM DELTA KING BV', Country: 'Netherlands'
2025-09-30 23:37:48,949 - INFO - Created new company - ID: 20455, Name: 'SHM SARAMACCA BV', Country: 'Netherlands'
2025-09-30 23:37:53,088 - INFO - Created new company - ID: 20456, Name: 'SHM DELTA QUEEN BV', Country: 'Netherlands'
2025-09-30 23:38:01,329 - INFO - Created new company - ID: 20457, Name: 'SHZ AMAZONE BV', Country: 'Netherlands'
2025-09-30 23:38:05,525 - INFO - Created new company - ID: 20458, Name: 'SHM PARANA BV', Country: 'Netherlands'
2025-09-30 23:38:09,667 - INFO - Created new company - ID: 20459, Name: 'SHM ELBEBV', Country: 'Netherlands'
2025-09-30 23:38:13,778 - INFO - Created new company - ID: 20460, Name: 'SHM ALBATROS BV', Country: 'Netherlands'
2025-09-30 23:38:22,061 - INFO - Created new company - ID: 20461, Name: 'SHZ MAHURY BV', Country: 'Netherlands'
2025-09-30 23:38:34,428 - INFO - Created new company - ID: 20462, Name: 'SHM MERWEDE BV', Country: 'Netherlands'
2025-09-30 23:39:29,175 - INFO - Created new company - ID: 20463, Name: 'MEDTUG ANTWERP NV', Country: 'Belgium'
2025-09-30 23:42:18,660 - INFO - Created new company - ID: 20464, Name: 'FLAMINGO SHIPPING LTD', Country: 'Netherlands'
2025-09-30 23:42:22,812 - INFO - Created new company - ID: 20465, Name: 'WALVIS SHIPPING LTD', Country: 'Netherlands'
2025-09-30 23:42:26,962 - INFO - Created new company - ID: 20466, Name: 'TONIJN SHIPPING LTD', Country: 'Netherlands'
2025-09-30 23:42:31,094 - INFO - Created new company - ID: 20467, Name: 'EMANUEL SHIPPING LTD', Country: 'Netherlands'
2025-09-30 23:42:35,212 - INFO - Created new company - ID: 20468, Name: 'SEAGULL SHIPPING LTD', Country: 'Hong-kong'
2025-09-30 23:42:39,385 - INFO - Created new company - ID: 20469, Name: 'EVERSAND LTD', Country: 'Netherlands'
2025-09-30 23:42:43,519 - INFO - Created new company - ID: 20470, Name: 'JAN VAN GENT LTD', Country: 'Netherlands'
2025-09-30 23:42:47,633 - INFO - Created new company - ID: 20471, Name: 'AMBER SHIPPING LTD-IRP', Country: 'Netherlands'
2025-09-30 23:42:51,774 - INFO - Created new company - ID: 20472, Name: 'AQUARIUS SHIPPING LTD', Country: 'Netherlands'
2025-09-30 23:42:55,891 - INFO - Created new company - ID: 20473, Name: 'ARY SHIPPING LTD', Country: 'Netherlands'
2025-09-30 23:43:00,024 - INFO - Created new company - ID: 20474, Name: 'TESS SHIPPING BV', Country: 'Netherlands'
2025-09-30 23:43:04,147 - INFO - Created new company - ID: 20475, Name: 'MIRANDA SHIPPING BV', Country: 'Netherlands'
2025-09-30 23:43:08,281 - INFO - Created new company - ID: 20476, Name: 'RIKA EMSWIND LTD', Country: 'Netherlands'
2025-09-30 23:43:16,479 - INFO - Created new company - ID: 20477, Name: 'O-SHIPPING APS', Country: 'Netherlands'
2025-09-30 23:43:20,668 - INFO - Created new company - ID: 20478, Name: 'ZINNIA SHIPPING BV', Country: 'Netherlands'
2025-09-30 23:43:24,804 - INFO - Created new company - ID: 20479, Name: 'BELLIS SHIPPING BV', Country: 'Netherlands'
2025-09-30 23:43:28,958 - INFO - Created new company - ID: 20480, Name: 'MORINA SHIPPING BV', Country: 'Netherlands'
2025-09-30 23:43:33,140 - INFO - Created new company - ID: 20481, Name: 'MILLA SHIPPING BV', Country: 'Netherlands'
2025-09-30 23:43:37,273 - INFO - Created new company - ID: 20482, Name: 'ROSA SHIPPING BV', Country: 'Netherlands'
2025-09-30 23:43:41,458 - INFO - Created new company - ID: 20483, Name: 'TULIPA SHIPPING BV', Country: 'Netherlands'
2025-09-30 23:43:45,589 - INFO - Created new company - ID: 20484, Name: 'VICTORIA SHIPPING BV', Country: 'Netherlands'
2025-09-30 23:43:49,732 - INFO - Created new company - ID: 20485, Name: 'VIOLA SHIPPING BV', Country: 'Netherlands'
2025-09-30 23:43:53,859 - INFO - Created new company - ID: 20486, Name: 'MAGNOLIA SHIPPING BV', Country: 'Netherlands'
2025-09-30 23:43:58,061 - INFO - Created new company - ID: 20487, Name: 'LAELIA SHIPPING BV', Country: 'Netherlands'
2025-09-30 23:44:02,196 - INFO - Created new company - ID: 20488, Name: 'LILIUM SHIPPING BV', Country: 'Netherlands'
2025-09-30 23:44:30,887 - INFO - Created new company - ID: 20489, Name: 'WESTERSCHELDE SHIPPING BV', Country: 'Netherlands'
2025-09-30 23:44:47,364 - INFO - Created new company - ID: 20490, Name: 'LIVESTOCK CARRIER 5 PTE LTD', Country: 'Netherlands'
2025-09-30 23:45:20,122 - INFO - Created new company - ID: 20491, Name: 'DAMEN MARINE CHARTER 5 BV', Country: 'Netherlands'
2025-09-30 23:45:24,257 - INFO - Created new company - ID: 20492, Name: 'DAGRO 1 BV', Country: 'Cyprus'
2025-09-30 23:45:48,664 - INFO - Created new company - ID: 20493, Name: 'ALPHA SHIP LEASING 6 BV', Country: 'Netherlands'
2025-09-30 23:45:52,802 - INFO - Created new company - ID: 20494, Name: 'DAMEN GREEN TOWAGE CHARTER 1', Country: 'Netherlands'
2025-09-30 23:48:04,565 - INFO - Created new company - ID: 20495, Name: 'NORDDOLPHIN SHIPPING MGMT', Country: 'Germany'
2025-09-30 23:48:08,705 - INFO - Created new company - ID: 20496, Name: 'NORDSYMPHONY SHIPPING MGMT BV', Country: 'Netherlands'
2025-09-30 23:48:12,823 - INFO - Created new company - ID: 20497, Name: 'JULIUS MI LTD', Country: 'Netherlands'
2025-09-30 23:48:16,989 - INFO - Created new company - ID: 20498, Name: 'ROSE SHIPPING MANAGEMENT BV', Country: 'Netherlands'
2025-09-30 23:48:21,101 - INFO - Created new company - ID: 20499, Name: 'TULIP SHIPPING MANAGEMENT BV', Country: 'Netherlands'
2025-09-30 23:48:25,178 - INFO - Created new company - ID: 20500, Name: 'LOTUS SHIPPING MANAGEMENT BV', Country: 'Netherlands'
2025-09-30 23:48:29,288 - INFO - Created new company - ID: 20501, Name: 'ORCHID SHIPPING MANAGEMENT BV', Country: 'Netherlands'
2025-09-30 23:48:33,419 - INFO - Created new company - ID: 20502, Name: 'NORDMARLIN SHIPPING MANAGEMENT', Country: 'Netherlands'
2025-09-30 23:48:37,530 - INFO - Created new company - ID: 20503, Name: 'NORDPENGUIN SHIPPING MGMT BV', Country: 'Netherlands'
2025-09-30 23:48:41,684 - INFO - Created new company - ID: 20504, Name: 'NORDINDEPENDENCE SHIPPING MGMT', Country: 'Netherlands'
2025-09-30 23:48:45,786 - INFO - Created new company - ID: 20505, Name: 'ALLEN SHIPCO LLC', Country: 'Netherlands'
2025-09-30 23:48:49,902 - INFO - Created new company - ID: 20506, Name: 'GOOD UXBRIDGE MI LTD', Country: 'Hong-kong'
2025-09-30 23:49:02,087 - INFO - Created new company - ID: 20507, Name: 'JACZON ZEELAND', Country: 'Netherlands'
2025-09-30 23:49:06,183 - INFO - Created new company - ID: 20508, Name: 'VALIANT TRAWLERS LTD', Country: 'Netherlands'
2025-09-30 23:49:14,328 - INFO - Created new company - ID: 20509, Name: 'JACZON VISSERIJ WIRON', Country: 'Netherlands'
2025-09-30 23:49:18,425 - INFO - Created new company - ID: 20510, Name: 'AFRIKA', Country: 'Netherlands'
2025-09-30 23:49:22,541 - INFO - Created new company - ID: 20511, Name: 'JACZON KOTTER VISSERIJ', Country: 'Netherlands'
2025-09-30 23:49:42,956 - INFO - Created new company - ID: 20512, Name: 'ADELA SHIPPING & FINANCE INC', Country: 'Netherlands'
2025-09-30 23:49:47,029 - INFO - Created new company - ID: 20513, Name: 'LABRADOR PARK SHIPPING CO PTE', Country: 'Netherlands'
2025-09-30 23:49:51,162 - INFO - Created new company - ID: 20514, Name: 'ALAMEDA SHIPPING INC', Country: 'Netherlands'
2025-09-30 23:49:55,266 - INFO - Created new company - ID: 20515, Name: 'DELTAGAS SCHIFFFAHRTS', Country: 'Netherlands'
2025-09-30 23:49:59,376 - INFO - Created new company - ID: 20516, Name: 'FIONIA SHIPPING COMPANY SA', Country: 'Netherlands'
2025-09-30 23:50:03,493 - INFO - Created new company - ID: 20517, Name: 'ETAGAS SCHIFFFAHRTS', Country: 'Netherlands'
2025-09-30 23:50:07,574 - INFO - Created new company - ID: 20518, Name: 'LANGELANDIA SHIPPING CO SA', Country: 'Netherlands'
2025-09-30 23:50:11,647 - INFO - Created new company - ID: 20519, Name: 'MONA SHIPPING COMPANY SA', Country: 'Netherlands'
2025-09-30 23:50:15,775 - INFO - Created new company - ID: 20520, Name: 'ZEELAND SHIPPING CO SA', Country: 'Netherlands'
2025-09-30 23:50:19,910 - INFO - Created new company - ID: 20521, Name: 'ZELANDIA SHIPPING CO SA', Country: 'Netherlands'
2025-09-30 23:50:24,051 - INFO - Created new company - ID: 20522, Name: 'LALANDIA SHIPPING CO SA', Country: 'Netherlands'
2025-09-30 23:50:48,529 - INFO - Created new company - ID: 20523, Name: 'MAINTAL SCHIFFAHRTS UG', Country: 'Germany'
2025-09-30 23:50:52,644 - INFO - Created new company - ID: 20524, Name: 'EMSTAL SCHIFFAHRTS UG', Country: 'Germany'
2025-09-30 23:50:56,750 - INFO - Created new company - ID: 20525, Name: 'RHEINTAL SCHIFFAHRTS UG', Country: 'Germany'
2025-09-30 23:51:00,899 - INFO - Created new company - ID: 20526, Name: 'REDHEAD HS SCHIFFAHRTS UG', Country: 'Netherlands'
2025-09-30 23:51:06,088 - INFO - Created new company - ID: 20527, Name: 'EIDER HS SCHIFFAHRTS UG', Country: 'Netherlands'
2025-09-30 23:51:10,207 - INFO - Created new company - ID: 20528, Name: 'RUDOLF HS SCHIFFAHRTS UG', Country: 'Germany'
2025-09-30 23:51:14,306 - INFO - Created new company - ID: 20529, Name: 'THEKLA HS SCHIFFAHRTS UG', Country: 'Germany'
2025-09-30 23:51:18,426 - INFO - Created new company - ID: 20530, Name: 'SHIP ACQUIRE SL', Country: 'Germany'
2025-09-30 23:51:22,545 - INFO - Created new company - ID: 20531, Name: 'ANNA HS SCHIFFAHRTS GMBH & CO', Country: 'Netherlands'
2025-09-30 23:51:26,663 - INFO - Created new company - ID: 20532, Name: 'ISARTAL SCHIFFAHRTS UG', Country: 'Germany'
2025-09-30 23:51:30,752 - INFO - Created new company - ID: 20533, Name: 'RUHRTAL SCHIFFHARTS UG', Country: 'Germany'
2025-09-30 23:51:38,679 - INFO - Created new company - ID: 20534, Name: 'RIG EXPRESS', Country: 'Netherlands'
2025-09-30 23:53:05,057 - INFO - Created new company - ID: 20535, Name: 'FRISIAN SUMMER BV', Country: 'Netherlands'
2025-09-30 23:53:09,466 - INFO - Created new company - ID: 20536, Name: 'FRISIAN SPRING BV', Country: 'Netherlands'
2025-09-30 23:53:13,970 - INFO - Created new company - ID: 20537, Name: 'FRISIANA II BV', Country: 'Netherlands'
2025-09-30 23:53:18,385 - INFO - Created new company - ID: 20538, Name: 'FRISIAN OCEAN NV', Country: 'Netherlands'
2025-09-30 23:53:22,485 - INFO - Created new company - ID: 20539, Name: 'FRISIAN RIVER BV', Country: 'Netherlands'
2025-09-30 23:53:27,288 - INFO - Created new company - ID: 20540, Name: 'FRISIAN INO II BV', Country: 'Netherlands'
2025-09-30 23:53:32,009 - INFO - Created new company - ID: 20541, Name: 'FRISIAN OCTA BV', Country: 'Netherlands'
2025-09-30 23:53:36,296 - INFO - Created new company - ID: 20542, Name: 'MARFAAM BV', Country: 'Netherlands'
2025-09-30 23:53:42,437 - INFO - Created new company - ID: 20543, Name: 'FRISIAN SEA BV', Country: 'Netherlands'
2025-09-30 23:53:46,598 - INFO - Created new company - ID: 20544, Name: 'WATER SHIPPING BV', Country: 'Netherlands'
2025-09-30 23:53:50,496 - INFO - Created new company - ID: 20545, Name: 'OSTBANK HOCHSEEFISCHEREI', Country: 'Netherlands'
2025-09-30 23:53:54,620 - INFO - Created new company - ID: 20546, Name: 'RONA BV', Country: 'Netherlands'
2025-09-30 23:54:11,017 - INFO - Created new company - ID: 20547, Name: 'ARCTIC NAVIGATION SP Z OO', Country: 'Netherlands'
2025-09-30 23:54:15,169 - INFO - Created new company - ID: 20548, Name: 'ODERBANK HOCHSEEFISCHEREI', Country: 'Netherlands'
2025-09-30 23:54:19,281 - INFO - Created new company - ID: 20549, Name: 'WESTBANK HOCHSEEFISCHEREI GMBH', Country: 'Netherlands'
2025-09-30 23:54:23,349 - INFO - Created new company - ID: 20550, Name: 'ATLANTEX SP Z OO', Country: 'Poland'
2025-09-30 23:54:27,486 - INFO - Created new company - ID: 20551, Name: 'WARNEMUNDER HOCHSEEFISCHEREI', Country: 'Netherlands'
2025-09-30 23:54:31,620 - INFO - Created new company - ID: 20552, Name: 'SS MARITIME SA', Country: 'United-kingdom'
2025-09-30 23:54:35,756 - INFO - Created new company - ID: 20553, Name: 'TANKER BEE 10 SHIPPING BV', Country: 'Netherlands'
2025-09-30 23:54:35,808 - INFO - Created new company - ID: 20554, Name: 'CHART-IT SHIP BROKERS BV', Country: 'Netherlands'
2025-09-30 23:54:39,905 - INFO - Created new company - ID: 20555, Name: 'TANKER BEE 11 SHIPPING BV', Country: 'Netherlands'
2025-09-30 23:54:44,041 - INFO - Created new company - ID: 20556, Name: 'MINA MARITIME SA', Country: 'Netherlands'
2025-09-30 23:54:48,159 - INFO - Created new company - ID: 20557, Name: 'BULKER BEE 30 SHIPPING BV', Country: 'Netherlands'
2025-09-30 23:54:52,282 - INFO - Created new company - ID: 20558, Name: 'BULKER BEE 11 SHIPPING BV', Country: 'Netherlands'
2025-09-30 23:54:56,365 - INFO - Created new company - ID: 20559, Name: 'BULKER BEE 10 SHIPPING BV', Country: 'Netherlands'
2025-09-30 23:55:04,581 - INFO - Created new company - ID: 20560, Name: 'FILYOZ SHIPPING SA', Country: 'Netherlands'
2025-09-30 23:55:08,699 - INFO - Created new company - ID: 20561, Name: 'PENA MARITIME LTD', Country: 'Netherlands'
2025-09-30 23:55:12,790 - INFO - Created new company - ID: 20562, Name: 'RT MARGO BV', Country: 'Netherlands'
2025-09-30 23:55:16,873 - INFO - Created new company - ID: 20563, Name: 'RT CHAMPION BV', Country: 'Netherlands'
2025-09-30 23:55:29,128 - INFO - Created new company - ID: 20564, Name: 'SD POWER BV', Country: 'Netherlands'
2025-09-30 23:55:33,259 - INFO - Created new company - ID: 20565, Name: 'SD PRIDE BV', Country: 'Netherlands'
2025-09-30 23:55:37,374 - INFO - Created new company - ID: 20566, Name: 'SD HONOUR BV', Country: 'Netherlands'
2025-09-30 23:55:57,822 - INFO - Created new company - ID: 20567, Name: 'MANAMA SA', Country: 'Netherlands'
2025-09-30 23:56:01,935 - INFO - Created new company - ID: 20568, Name: 'FPS SCORPIO LLC', Country: 'United-kingdom'
2025-09-30 23:56:05,808 - INFO - Created new company - ID: 20569, Name: 'CORAL OCEAN RESEARCH GROUP LTD', Country: 'Netherlands'
2025-09-30 23:56:26,226 - INFO - Created new company - ID: 20570, Name: 'ROTRA MARE BV', Country: 'Netherlands'
2025-09-30 23:57:11,055 - INFO - Created new company - ID: 20571, Name: 'VB SEINE BV', Country: 'Netherlands'
2025-09-30 23:57:27,405 - INFO - Created new company - ID: 20572, Name: 'EQUINOX ONAR LTD', Country: 'Netherlands'
2025-09-30 23:57:56,441 - INFO - Created new company - ID: 20573, Name: 'SEAZIP 3 SHIPPING BV', Country: 'Netherlands'
2025-09-30 23:58:00,575 - INFO - Created new company - ID: 20574, Name: 'SEAZIP 7 SHIPPING BV', Country: 'Netherlands'
2025-09-30 23:58:04,692 - INFO - Created new company - ID: 20575, Name: 'SEAZIP 8 SHIPPING BV', Country: 'Netherlands'
2025-09-30 23:58:08,811 - INFO - Created new company - ID: 20576, Name: 'SEAZIP 10 SHIPPING BV', Country: 'United-kingdom'
2025-09-30 23:58:12,898 - INFO - Created new company - ID: 20577, Name: 'SEAZIP 9 SHIPPING BV', Country: 'Netherlands'
2025-09-30 23:58:33,359 - INFO - Created new company - ID: 20578, Name: 'ECKO SHIP BV', Country: 'Netherlands'
2025-09-30 23:58:37,496 - INFO - Created new company - ID: 20579, Name: 'ECKO SHIP 2 BV', Country: 'Netherlands'
2025-09-30 23:58:41,598 - INFO - Created new company - ID: 20580, Name: 'ECKO SHIP 3 BV', Country: 'Netherlands'
2025-09-30 23:58:45,757 - INFO - Created new company - ID: 20581, Name: 'GREY SHIPPING BV', Country: 'Netherlands'
2025-09-30 23:58:49,880 - INFO - Created new company - ID: 20582, Name: 'NORDIC ERIKA BV', Country: 'Finland'
2025-09-30 23:58:49,933 - INFO - Created new company - ID: 20583, Name: 'NORDIC CHARTERING AB', Country: 'Finland'
2025-09-30 23:58:54,106 - INFO - Created new company - ID: 20584, Name: 'WHITE MOON SHIPPING LTD', Country: 'Germany'
2025-09-30 23:58:58,244 - INFO - Created new company - ID: 20585, Name: 'HELENA D SHIPPING UG', Country: 'Germany'
2025-09-30 23:59:02,351 - INFO - Created new company - ID: 20586, Name: 'LINZ CONDOR 239 SCHIFFFAHRTS', Country: 'Germany'
2025-09-30 23:59:06,469 - INFO - Created new company - ID: 20587, Name: 'AKH ASSET GMBH & CO KG', Country: 'Germany'
2025-09-30 23:59:10,582 - INFO - Created new company - ID: 20588, Name: 'BOCS-BREMEN OVERSEAS', Country: 'Germany'
2025-09-30 23:59:14,712 - INFO - Created new company - ID: 20589, Name: 'UAFL ATHENS VERWALTUNGS GMBH', Country: 'Germany'
2025-09-30 23:59:18,871 - INFO - Created new company - ID: 20590, Name: 'EGF ASSET GMBH & CO KG', Country: 'Germany'
2025-09-30 23:59:22,990 - INFO - Created new company - ID: 20591, Name: 'OFFSHORE CHARTERING SL', Country: 'Germany'
2025-09-30 23:59:27,125 - INFO - Created new company - ID: 20592, Name: 'NORDIC SINGAPORE GMBH & CO KG', Country: 'Germany'
2025-09-30 23:59:31,215 - INFO - Created new company - ID: 20593, Name: 'MELLUM BREB SCHIFFFAHRTS', Country: 'Netherlands'
2025-09-30 23:59:35,358 - INFO - Created new company - ID: 20594, Name: 'SERPENS BRIESE SCHIFFAHRTS', Country: 'Netherlands'
2025-09-30 23:59:39,487 - INFO - Created new company - ID: 20595, Name: 'MEMMERTBALJE BRIESE SCHIFFAHRT', Country: 'Netherlands'
2025-09-30 23:59:43,619 - INFO - Created new company - ID: 20596, Name: 'ARIES BRIESE SCHIFFAHRTS', Country: 'Netherlands'
2025-09-30 23:59:47,711 - INFO - Created new company - ID: 20597, Name: 'HAGE BRIESE SCHIFFAHRTS', Country: 'Netherlands'
2025-09-30 23:59:51,818 - INFO - Created new company - ID: 20598, Name: 'HINTE BRIESE SCHIFFAHRTS', Country: 'Netherlands'
2025-09-30 23:59:55,930 - INFO - Created new company - ID: 20599, Name: 'RHAUDE BRIESE SCHIFFAHRTS', Country: 'Netherlands'
