2025-10-03 00:00:20,563 - INFO - Created new company - ID: 34750, Name: 'LUCIA SHIPPING CORP', Country: 'Cyprus'
2025-10-03 00:00:27,648 - INFO - Created new company - ID: 34751, Name: 'JAMES NAVIGATION SA', Country: 'India'
2025-10-03 00:01:19,357 - INFO - Created new company - ID: 34752, Name: 'IND-AUST MARITIME PVT LTD', Country: 'India'
2025-10-03 00:01:39,663 - INFO - Created new company - ID: 34753, Name: 'TOLANI PLL PTE LTD', Country: 'Singapore'
2025-10-03 00:01:39,731 - INFO - Created new company - ID: 34754, Name: 'TOLANI SHIPPING SINGAPORE PTE', Country: 'None'
2025-10-03 00:01:44,689 - INFO - Created new company - ID: 34755, Name: 'TOLANI PMH PTE LTD', Country: 'Singapore'
2025-10-03 00:01:44,760 - INFO - Created new company - ID: 34756, Name: 'TSCL HOLDINGS PTE LTD', Country: 'Singapore'
2025-10-03 00:01:49,805 - INFO - Created new company - ID: 34757, Name: 'GLOMARINE LTD', Country: 'India'
2025-10-03 00:01:54,668 - INFO - Created new company - ID: 34758, Name: 'RIYA SHIPPING CORPORATION', Country: 'Singapore'
2025-10-03 00:02:04,325 - INFO - Created new company - ID: 34759, Name: 'RIYA SHIPPING LTD', Country: 'India'
2025-10-03 00:02:19,182 - INFO - Created new company - ID: 34760, Name: 'MONTANE FOREST CORP SA', Country: 'India'
2025-10-03 00:02:23,801 - INFO - Created new company - ID: 34761, Name: 'KELLERTONG CORP', Country: 'India'
2025-10-03 00:02:31,309 - INFO - Created new company - ID: 34762, Name: 'NAMIRA INTERNATIONAL INC', Country: 'India'
2025-10-03 00:02:36,328 - INFO - Created new company - ID: 34763, Name: 'KARTAL MANAGEMENT SA', Country: 'India'
2025-10-03 00:02:53,404 - INFO - Created new company - ID: 34764, Name: 'NAJDIAH SHIPPING INC', Country: 'India'
2025-10-03 00:02:58,770 - INFO - Created new company - ID: 34765, Name: 'ASBONG SHIPPING LINES INC', Country: 'India'
2025-10-03 00:05:04,665 - INFO - Created new company - ID: 34766, Name: 'MIDDLE EAST & NORTH AFRICA', Country: 'Greece'
2025-10-03 00:05:09,587 - INFO - Created new company - ID: 34767, Name: 'TESSA SHIPPING INC', Country: 'Ukraine'
2025-10-03 00:05:18,192 - INFO - Created new company - ID: 34768, Name: 'ELZA SHIPPING SA', Country: 'India'
2025-10-03 00:05:23,268 - INFO - Created new company - ID: 34769, Name: 'SEA SPEED INC', Country: 'India'
2025-10-03 00:05:27,923 - INFO - Created new company - ID: 34770, Name: 'SILVER PORT SERVICES PVT LTD', Country: 'India'
2025-10-03 00:05:38,033 - INFO - Created new company - ID: 34771, Name: 'LEADERS SHIPPING CO CORP', Country: 'United-arab-emirates'
2025-10-03 00:05:42,595 - INFO - Created new company - ID: 34772, Name: 'BLUE DIAMOND SHIPPING SA', Country: 'United-arab-emirates'
2025-10-03 00:05:49,612 - INFO - Created new company - ID: 34773, Name: 'GREEN DIAMOND SHIPPING CO LTD', Country: 'India'
2025-10-03 00:05:54,239 - INFO - Created new company - ID: 34774, Name: 'WHITE DIAMOND SHIPPING CO LTD', Country: 'India'
2025-10-03 00:06:03,195 - INFO - Created new company - ID: 34775, Name: 'AB SHIPPING INC', Country: 'India'
2025-10-03 00:06:12,046 - INFO - Created new company - ID: 34776, Name: 'GLOBAL TANKER LTD INC', Country: 'Panama'
2025-10-03 00:06:16,741 - INFO - Created new company - ID: 34777, Name: 'M K A SHIPPING INC', Country: 'Marshall-islands'
2025-10-03 00:06:21,973 - INFO - Created new company - ID: 34778, Name: 'PKA SHIPPING INC', Country: 'Panama'
2025-10-03 00:07:43,797 - INFO - Created new company - ID: 34779, Name: 'TRITON VENTURES PVT LTD', Country: 'India'
2025-10-03 00:07:54,441 - INFO - Created new company - ID: 34780, Name: 'SERENE GREEN SHIPPING INC', Country: 'United-arab-emirates'
2025-10-03 00:07:54,510 - INFO - Created new company - ID: 34781, Name: 'SERENE GREEN SHIPPING DMCC', Country: 'United-arab-emirates'
2025-10-03 00:08:02,391 - INFO - Created new company - ID: 34782, Name: 'SERENE GREEN SHIPPING PVT LTD', Country: 'India'
2025-10-03 00:08:07,092 - INFO - Created new company - ID: 34783, Name: 'SERENE INGRID INC', Country: 'United-arab-emirates'
2025-10-03 00:08:07,162 - INFO - Created new company - ID: 34784, Name: 'SPLENDOUR MARINE LLC', Country: 'United-arab-emirates'
2025-10-03 00:08:12,912 - INFO - Created new company - ID: 34785, Name: 'SPLENDOUR MARINE PTE LTD', Country: 'Singapore'
2025-10-03 00:08:45,900 - INFO - Created new company - ID: 34786, Name: 'HANSA SHIPPING & LOGISTICS PVT', Country: 'India'
2025-10-03 00:08:51,707 - INFO - Created new company - ID: 34787, Name: 'BONAIRE HOLDINGS PTE LTD', Country: 'Singapore'
2025-10-03 00:09:19,871 - INFO - Created new company - ID: 34788, Name: 'LATHYRUS SHIPPING CO', Country: 'India'
2025-10-03 00:09:24,450 - INFO - Created new company - ID: 34789, Name: 'ZARA SHIPHOLDING CO', Country: 'India'
2025-10-03 00:09:41,451 - INFO - Created new company - ID: 34790, Name: 'JOSHUA CARGO LLC-FZ', Country: 'India'
2025-10-03 00:09:46,185 - INFO - Created new company - ID: 34791, Name: 'VERIDIAN SHIPPING LTD', Country: 'India'
2025-10-03 00:09:51,755 - INFO - Created new company - ID: 34792, Name: 'PRESTIGE TRANSPORTS LLC-FZ', Country: 'India'
2025-10-03 00:10:04,789 - INFO - Created new company - ID: 34793, Name: 'LAN DUNG SEA FREIGHT SERVICE', Country: 'Vietnam'
2025-10-03 00:10:10,374 - INFO - Created new company - ID: 34794, Name: 'LUCKY IMPACT LTD', Country: 'British-virgin-islands'
2025-10-03 00:10:15,597 - INFO - Created new company - ID: 34795, Name: 'VITALITY WINNER LTD', Country: 'British-virgin-islands'
2025-10-03 00:10:47,356 - INFO - Created new company - ID: 34796, Name: 'DRAGON ROAD LTD', Country: 'India'
2025-10-03 00:10:52,380 - INFO - Created new company - ID: 34797, Name: 'FAITH ENTERPRISE LTD', Country: 'India'
2025-10-03 00:10:57,260 - INFO - Created new company - ID: 34798, Name: 'BAIKAL SHIPPING & TRADING CORP', Country: 'India'
2025-10-03 00:11:02,239 - INFO - Created new company - ID: 34799, Name: 'BLACK GOLD TRADE CORP', Country: 'India'
2025-10-03 00:11:09,171 - INFO - Created new company - ID: 34800, Name: 'DEEP BLUE TEMUJIN LTD', Country: 'India'
2025-10-03 00:11:14,277 - INFO - Created new company - ID: 34801, Name: 'BERWEN VENTURES CORP', Country: 'India'
2025-10-03 00:11:28,518 - INFO - Created new company - ID: 34802, Name: 'SHRI SAGAR STEVEDORES LLP', Country: 'India'
2025-10-03 00:11:34,305 - INFO - Created new company - ID: 34803, Name: 'AICL OVERSEAS INC', Country: 'Panama'
2025-10-03 00:11:38,845 - INFO - Created new company - ID: 34804, Name: 'B PRINCESS SHIPPING INC', Country: 'Panama'
2025-10-03 00:11:43,791 - INFO - Created new company - ID: 34805, Name: 'RUDRA SHIPPING INC', Country: 'Liberia'
2025-10-03 00:12:27,369 - INFO - Created new company - ID: 34806, Name: 'SDS OFFSHORE PVT LTD', Country: 'India'
2025-10-03 00:12:31,928 - INFO - Created new company - ID: 34807, Name: 'GRASO SHIPPING SINGAPORE', Country: 'India'
2025-10-03 00:12:36,620 - INFO - Created new company - ID: 34808, Name: 'NIRVAN WORLD CORP', Country: 'India'
2025-10-03 00:12:41,507 - INFO - Created new company - ID: 34809, Name: 'SUITBAY INVESTMENT CORP', Country: 'India'
2025-10-03 00:12:46,433 - INFO - Created new company - ID: 34810, Name: 'M PALLONJI SHIPPING PVT LTD', Country: 'India'
2025-10-03 00:12:51,194 - INFO - Created new company - ID: 34811, Name: 'SPDBFL NO TWO HUNDRED & SEVEN', Country: 'South-korea'
2025-10-03 00:12:55,842 - INFO - Created new company - ID: 34812, Name: 'SPDBFL NO TWO HUNDRED & EIGHT', Country: 'South-korea'
2025-10-03 00:13:10,197 - INFO - Created new company - ID: 34813, Name: 'TRADEX SHIPPING CO PVT LTD', Country: 'India'
2025-10-03 00:13:14,732 - INFO - Created new company - ID: 34814, Name: 'SC MUMBAI SA', Country: 'None'
2025-10-03 00:13:19,349 - INFO - Created new company - ID: 34815, Name: 'SC MANILA SA', Country: 'Panama'
2025-10-03 00:13:23,889 - INFO - Created new company - ID: 34816, Name: 'SC YANGON SA', Country: 'None'
2025-10-03 00:13:28,395 - INFO - Created new company - ID: 34817, Name: 'STEADYBLUE SHIPPING SA', Country: 'India'
2025-10-03 00:13:33,012 - INFO - Created new company - ID: 34818, Name: 'SOLID ANCHOR SHIPPING LTD', Country: 'India'
2025-10-03 00:13:37,548 - INFO - Created new company - ID: 34819, Name: 'SOLIDANCHOR SHIPPING SA', Country: 'India'
2025-10-03 00:13:56,481 - INFO - Created new company - ID: 34820, Name: 'BHOIR OFFSHORE PVT LTD', Country: 'India'
2025-10-03 00:14:00,825 - INFO - Created new company - ID: 34821, Name: 'BRIDGEVIEW MARITIME PVT LTD', Country: 'India'
2025-10-03 00:14:14,195 - INFO - Created new company - ID: 34822, Name: 'ORION TOWING SERVICES PTE LTD', Country: 'India'
2025-10-03 00:14:53,030 - INFO - Created new company - ID: 34823, Name: 'FARIVA SHIP INC', Country: 'India'
2025-10-03 00:14:57,410 - INFO - Created new company - ID: 34824, Name: 'YARA SHIPPING CO INC', Country: 'United-arab-emirates'
2025-10-03 00:15:23,427 - INFO - Created new company - ID: 34825, Name: 'FIST MANAGEMENT LTD', Country: 'Marshall-islands'
2025-10-03 00:15:27,839 - INFO - Created new company - ID: 34826, Name: 'DOKOS MANAGEMENT CO', Country: 'Marshall-islands'
2025-10-03 00:15:32,195 - INFO - Created new company - ID: 34827, Name: 'ESSAR BULK TERMINAL SALAYA LTD', Country: 'India'
2025-10-03 00:16:23,794 - INFO - Created new company - ID: 34828, Name: 'KSJ HOLDINGS LTD', Country: 'India'
2025-10-03 00:16:28,217 - INFO - Created new company - ID: 34829, Name: 'LC LOGISTICS LTD', Country: 'Marshall-islands'
2025-10-03 00:16:45,582 - INFO - Created new company - ID: 34830, Name: 'SERVA SHANTI PROPERTIES PVT', Country: 'None'
2025-10-03 00:16:54,299 - INFO - Created new company - ID: 34831, Name: 'TRIDENT BEAUTY LTD', Country: 'India'
2025-10-03 00:17:00,093 - INFO - Created new company - ID: 34832, Name: 'TRIDENT INFINITY LTD', Country: 'India'
2025-10-03 00:17:04,808 - INFO - Created new company - ID: 34833, Name: 'ARGO GLOBAL TRADING FZE', Country: 'United-arab-emirates'
2025-10-03 00:17:38,904 - INFO - Created new company - ID: 34834, Name: 'DURMAST ENTERPRISES LTD', Country: 'India'
2025-10-03 00:17:56,294 - INFO - Created new company - ID: 34835, Name: 'ARIHANT SHIPPING INC', Country: 'Panama'
2025-10-03 00:18:00,650 - INFO - Created new company - ID: 34836, Name: 'PARIMAL SHIPPING INC', Country: 'United-arab-emirates'
2025-10-03 00:18:05,728 - INFO - Created new company - ID: 34837, Name: 'EAST WEST PROPERTY DEVELOPMENT', Country: 'Bangladesh'
2025-10-03 00:18:05,799 - INFO - Created new company - ID: 34838, Name: 'ATRO SHIPPING LTD', Country: 'Bangladesh'
2025-10-03 00:18:10,141 - INFO - Created new company - ID: 34839, Name: 'BASHUNDHARA MULTI FOOD PRODUCT', Country: 'Bangladesh'
2025-10-03 00:18:44,443 - INFO - Created new company - ID: 34840, Name: 'MISHRA AP', Country: 'India'
2025-10-03 00:19:05,794 - INFO - Created new company - ID: 34841, Name: 'GHAD SHIPPING INC', Country: 'India'
2025-10-03 00:19:10,156 - INFO - Created new company - ID: 34842, Name: 'KAWKAB SHIPPING INC', Country: 'India'
2025-10-03 00:19:26,983 - INFO - Created new company - ID: 34843, Name: 'MARIAN SHIP MGMT & CONSULTANCY', Country: 'India'
2025-10-03 00:19:35,687 - INFO - Created new company - ID: 34844, Name: 'INTEGRITY SHIPS PVT LTD', Country: 'India'
2025-10-03 00:19:40,036 - INFO - Created new company - ID: 34845, Name: 'HAMSA SHIPS PVT LTD', Country: 'India'
2025-10-03 00:19:48,745 - INFO - Created new company - ID: 34846, Name: 'PHILKOR MARINE TECH OPC', Country: 'Philippines'
2025-10-03 00:20:01,756 - INFO - Created new company - ID: 34847, Name: 'CHOMO LUNGMAN SHIPPING INC', Country: 'India'
2025-10-03 00:20:06,135 - INFO - Created new company - ID: 34848, Name: 'FORTUNE TRADE CORP', Country: 'India'
2025-10-03 00:20:32,077 - INFO - Created new company - ID: 34849, Name: 'SYNNOTECH INFRA PVT LTD', Country: 'India'
2025-10-03 00:20:36,418 - INFO - Created new company - ID: 34850, Name: 'ADANI GLOBAL PTE LTD', Country: 'India'
2025-10-03 00:26:11,369 - INFO - Created new company - ID: 34851, Name: 'BEPONDI BAHTERA LAJU ABADI PT', Country: 'Indonesia'
2025-10-03 00:27:24,077 - INFO - Created new company - ID: 34852, Name: 'DOK PANTAI LAMONGAN PT', Country: 'Indonesia'
2025-10-03 00:28:42,508 - INFO - Created new company - ID: 34853, Name: 'NYK LINE INDONESIA', Country: 'Indonesia'
2025-10-03 00:28:51,228 - INFO - Created new company - ID: 34854, Name: 'NYK-SPIL INDORORO PT', Country: 'Indonesia'
2025-10-03 00:53:25,318 - INFO - Created new company - ID: 34855, Name: 'K LINE INDONESIA', Country: 'Indonesia'
2025-10-03 01:00:36,919 - INFO - Created new company - ID: 34856, Name: 'AMAN MARITIM NUSANTARA PT', Country: 'Indonesia'
2025-10-03 01:00:54,201 - INFO - Created new company - ID: 34857, Name: 'DAGANG SAMUDERA HUTAMA PT', Country: 'Indonesia'
2025-10-03 01:01:03,199 - INFO - Created new company - ID: 34858, Name: 'BANGUN SARANA SAMUDRA LAUT PT', Country: 'Indonesia'
2025-10-03 01:01:20,600 - INFO - Created new company - ID: 34859, Name: 'SAMUDERA LINTAS TIMUR PT', Country: 'Indonesia'
2025-10-03 01:05:25,728 - INFO - Created new company - ID: 34860, Name: 'ASIA BAHARI SEJAHTERA PT', Country: 'Indonesia'
2025-10-03 01:05:43,127 - INFO - Created new company - ID: 34861, Name: 'COSMOCEAN SAMUDRA PASIFIK', Country: 'Indonesia'
2025-10-03 01:06:23,506 - INFO - Created new company - ID: 34862, Name: 'HYC SEALION INDONESIA PT', Country: 'Indonesia'
2025-10-03 01:06:40,909 - INFO - Created new company - ID: 34863, Name: 'MARITIM INDO TRANS PT', Country: 'Indonesia'
2025-10-03 01:07:06,844 - INFO - Created new company - ID: 34864, Name: 'BAHTERA SUKSES ADIGUNA PT', Country: 'Indonesia'
2025-10-03 01:09:12,891 - INFO - Created new company - ID: 34865, Name: 'ERA MARINASIA FORTUNE PT', Country: 'Indonesia'
2025-10-03 01:10:18,801 - INFO - Created new company - ID: 34866, Name: 'LUMOSO GALLEY HARMONI PT', Country: 'Indonesia'
2025-10-03 01:17:48,591 - INFO - Created new company - ID: 34867, Name: 'POLITEKNIK PELAYARAN SURABAYA', Country: 'Indonesia'
2025-10-03 01:32:52,970 - INFO - Created new company - ID: 34868, Name: 'EMERALD MARITIME', Country: 'Indonesia'
2025-10-03 01:33:01,701 - INFO - Created new company - ID: 34869, Name: 'CIMC ARIES LTD', Country: 'Indonesia'
2025-10-03 01:33:06,074 - INFO - Created new company - ID: 34870, Name: 'BANYU LAJU SHIPPING PT', Country: 'Indonesia'
2025-10-03 01:33:36,010 - INFO - Created new company - ID: 34871, Name: 'MAHAMERU NUSA MENTARI PT', Country: 'Indonesia'
2025-10-03 01:33:49,041 - INFO - Created new company - ID: 34872, Name: 'NAGA SINAR MARITIM PT', Country: 'Indonesia'
2025-10-03 01:33:53,427 - INFO - Created new company - ID: 34873, Name: 'SAPPHIRE MARITIME PT', Country: 'Indonesia'
2025-10-03 01:33:57,809 - INFO - Created new company - ID: 34874, Name: 'JOKO TOLE MARITIM', Country: 'Indonesia'
2025-10-03 01:42:58,567 - INFO - Created new company - ID: 34875, Name: 'VISTA MARITIM INDONESIA PT', Country: 'Indonesia'
2025-10-03 01:51:27,933 - INFO - Created new company - ID: 34876, Name: 'GUNAWAN G', Country: 'Indonesia'
2025-10-03 01:51:40,995 - INFO - Created new company - ID: 34877, Name: 'PERSADA LAUT ENERGI PT', Country: 'Indonesia'
2025-10-03 01:52:02,631 - INFO - Created new company - ID: 34878, Name: 'GLOBAL KARYA INDONESIA PT', Country: 'Indonesia'
2025-10-03 01:52:06,995 - INFO - Created new company - ID: 34879, Name: 'BERKAT TERANG SENTOSA PT', Country: 'Indonesia'
2025-10-03 02:01:59,502 - INFO - Created new company - ID: 34880, Name: 'MARUTRANS SAMUDRA PT', Country: 'Indonesia'
2025-10-03 02:02:35,222 - INFO - Created new company - ID: 34881, Name: 'INDONESIA PORT II, TELUK BAYUR', Country: 'Indonesia'
2025-10-03 02:03:00,984 - INFO - Created new company - ID: 34882, Name: 'LAUTAN PASIFIK SEJAHTERA PT', Country: 'Indonesia'
2025-10-03 02:10:35,705 - INFO - Created new company - ID: 34883, Name: 'BENUA RAYA KATULISTIWA PT', Country: 'Indonesia'
2025-10-03 02:11:45,184 - INFO - Created new company - ID: 34884, Name: 'SPECIALITY TANKER INDONESIA PT', Country: 'Indonesia'
2025-10-03 02:12:45,708 - INFO - Created new company - ID: 34885, Name: 'ANUGERAH ARMADA SAMUDERA PT', Country: 'Indonesia'
2025-10-03 02:19:09,804 - INFO - Created new company - ID: 34886, Name: 'SHIPPING SERVICES SRL', Country: 'Italy'
2025-10-03 02:25:50,462 - INFO - Created new company - ID: 34887, Name: 'TALIAMAN UNGGUL LINES', Country: 'Indonesia'
2025-10-03 02:27:04,823 - INFO - Created new company - ID: 34888, Name: 'MELCO JAYA BAHARI', Country: 'Indonesia'
2025-10-03 02:27:47,816 - INFO - Created new company - ID: 34889, Name: 'JSK ABADI LINES PT', Country: 'Indonesia'
2025-10-03 02:27:52,231 - INFO - Created new company - ID: 34890, Name: 'LINTAS SAMUDRA SEJAHTERA', Country: 'Indonesia'
2025-10-03 02:27:56,576 - INFO - Created new company - ID: 34891, Name: 'SAMUDRA BERKAT LINES', Country: 'Indonesia'
2025-10-03 02:30:10,477 - INFO - Created new company - ID: 34892, Name: 'BHASKARA INTI SAMUDERA PT', Country: 'Indonesia'
2025-10-03 02:34:17,068 - INFO - Created new company - ID: 34893, Name: 'ANDHIKA SAMUDRA INTERNUSA', Country: 'Indonesia'
2025-10-03 02:35:17,542 - INFO - Created new company - ID: 34894, Name: 'SINGMALLOYD MARINE S PTE LTD', Country: 'Singapore'
2025-10-03 02:41:48,999 - INFO - Created new company - ID: 34895, Name: 'MOLLAEI AM', Country: 'United-arab-emirates'
2025-10-03 02:41:54,131 - INFO - Created new company - ID: 34896, Name: 'PATIN BAHDERA SAMUDERA PT', Country: 'Indonesia'
2025-10-03 02:42:18,076 - INFO - Created new company - ID: 34897, Name: 'ARMADA PERKASA OCEAN', Country: 'Indonesia'
2025-10-03 02:42:18,147 - INFO - Created new company - ID: 34898, Name: 'BUMI PERKASA BAHTERA LTD', Country: 'Indonesia'
2025-10-03 02:47:56,338 - INFO - Created new company - ID: 34899, Name: 'SAMUDRA SINAR UTAMA PT', Country: 'Indonesia'
2025-10-03 02:48:13,677 - INFO - Created new company - ID: 34900, Name: 'SINAR SANJAYA ABADI', Country: 'Indonesia'
2025-10-03 02:49:48,705 - INFO - Created new company - ID: 34901, Name: 'JAVA SHIPPING LINES PT', Country: 'Indonesia'
2025-10-03 02:50:01,706 - INFO - Created new company - ID: 34902, Name: 'PELAYARAN INSAN SAMUDERA PT', Country: 'Indonesia'
2025-10-03 02:50:44,726 - INFO - Created new company - ID: 34903, Name: 'KARYA SAMUDERA INSANI PT', Country: 'Indonesia'
2025-10-03 02:52:36,835 - INFO - Created new company - ID: 34904, Name: 'ENI INDONESIA LTD', Country: 'Indonesia'
2025-10-03 02:52:41,169 - INFO - Created new company - ID: 34905, Name: 'HARBOUR ENERGY PLC', Country: 'United-kingdom'
2025-10-03 02:54:17,235 - INFO - Created new company - ID: 34906, Name: 'ARYANA TIRTA LINES PT', Country: 'Indonesia'
2025-10-03 02:57:23,273 - INFO - Created new company - ID: 34907, Name: 'INDONESIA GOVT JAWA TIMUR', Country: 'Indonesia'
2025-10-03 02:59:05,945 - INFO - Created new company - ID: 34908, Name: 'PAGARUYUNG PRASETYA LINES PT', Country: 'Indonesia'
2025-10-03 03:02:09,804 - INFO - Created new company - ID: 34909, Name: 'PELAYARAN BAHARI MAJU PT', Country: 'Indonesia'
2025-10-03 03:04:23,076 - INFO - Created new company - ID: 34910, Name: 'CAKRAWALA MITRA INTIPRIMA PT', Country: 'Indonesia'
2025-10-03 03:04:32,016 - INFO - Created new company - ID: 34911, Name: 'CAKRAWALA YURAN ZAMAN', Country: 'Greece'
2025-10-03 03:07:37,115 - INFO - Created new company - ID: 34912, Name: 'SEVEN OFFSHORE INDONESIA PT', Country: 'Indonesia'
2025-10-03 03:09:54,476 - INFO - Created new company - ID: 34913, Name: 'BAHTERA BAYU MARIN PT', Country: 'Indonesia'
2025-10-03 03:11:13,827 - INFO - Created new company - ID: 34914, Name: 'GAIA BAHTERA INDONESIA', Country: 'Indonesia'
2025-10-03 03:11:57,074 - INFO - Created new company - ID: 34915, Name: 'INTERNUSA BAHTERA PT', Country: 'Indonesia'
2025-10-03 03:12:15,482 - INFO - Created new company - ID: 34916, Name: 'PELAYARAN NASIONAL TANJUNGRIAU', Country: 'Indonesia'
2025-10-03 03:17:45,970 - INFO - Created new company - ID: 34917, Name: 'PELAYARAN UNITED MARITIME JAYA', Country: 'Indonesia'
2025-10-03 03:18:35,039 - INFO - Created new company - ID: 34918, Name: 'WAHYUDI RIDWAN RDKI', Country: 'Indonesia'
2025-10-03 03:19:27,576 - INFO - Created new company - ID: 34919, Name: 'ELNUSA TBK PT', Country: 'Indonesia'
2025-10-03 03:20:54,728 - INFO - Created new company - ID: 34920, Name: 'WIJAYA H', Country: 'Indonesia'
2025-10-03 03:21:58,372 - INFO - Created new company - ID: 34921, Name: 'ROYLEA MARINE SERVICE', Country: 'None'
2025-10-03 03:22:20,051 - INFO - Created new company - ID: 34922, Name: 'CAKRA BUANA RESOURCES ENERGI', Country: 'Indonesia'
2025-10-03 03:24:06,117 - INFO - Created new company - ID: 34923, Name: 'NEZARAT A&A', Country: 'Iran'
2025-10-03 03:24:10,510 - INFO - Created new company - ID: 34924, Name: 'SHABANI AE', Country: 'Iran'
2025-10-03 03:24:14,870 - INFO - Created new company - ID: 34925, Name: 'ZHARA DASHTY & PARTNERS', Country: 'Iran'
2025-10-03 03:24:19,251 - INFO - Created new company - ID: 34926, Name: 'AZIZ HAMIDAVI & PARTNERS', Country: 'Iran'
2025-10-03 03:24:32,154 - INFO - Created new company - ID: 34927, Name: 'EURASIA PETROCHEMICAL', Country: 'None'
2025-10-03 03:25:27,829 - INFO - Created new company - ID: 34928, Name: 'ADEL HOSSEINI QESHMI & PARTNER', Country: 'Iran'
2025-10-03 03:25:32,206 - INFO - Created new company - ID: 34929, Name: 'BIABANI M & PARTNER', Country: 'Iran'
2025-10-03 03:25:36,562 - INFO - Created new company - ID: 34930, Name: 'RAEISI A G', Country: 'Iran'
2025-10-03 03:26:24,508 - INFO - Created new company - ID: 34931, Name: 'FARAHZADI G & PARTNER', Country: 'Iran'
2025-10-03 03:26:28,887 - INFO - Created new company - ID: 34932, Name: 'MALLAEI POLI MT', Country: 'Iran'
2025-10-03 03:28:00,200 - INFO - Created new company - ID: 34933, Name: 'KAMAL MAREI', Country: 'Iran'
2025-10-03 03:28:39,057 - INFO - Created new company - ID: 34934, Name: 'ARTAN DARYA SANAT HORMOZ CO', Country: 'Iran'
2025-10-03 03:28:56,091 - INFO - Created new company - ID: 34935, Name: 'AMIRAN M', Country: 'Iran'
2025-10-03 03:30:42,157 - INFO - Created new company - ID: 34936, Name: 'ARSHIYA PETRO SANAT KHAVARMIYA', Country: 'Panama'
2025-10-03 03:31:09,855 - INFO - Created new company - ID: 34937, Name: 'MEAMED INTERNATIONAL OFFSHORE', Country: 'Lebanon'
2025-10-03 03:31:09,925 - INFO - Created new company - ID: 34938, Name: 'AMITIS JAZIREH KISH SHIP MGMT', Country: 'United-states'
2025-10-03 03:31:22,910 - INFO - Created new company - ID: 34939, Name: 'POSHTIBAN BANDAR SAHEL SHOMAL', Country: 'Iran'
2025-10-03 03:32:01,810 - INFO - Created new company - ID: 34940, Name: 'ARKLOW MUSE LTD', Country: 'Ireland'
2025-10-03 03:32:06,219 - INFO - Created new company - ID: 34941, Name: 'SOLLUBE NAVIERA C-284 AIE', Country: 'Ireland'
2025-10-03 03:32:23,578 - INFO - Created new company - ID: 34942, Name: 'ARKLOW SPIRIT LTD', Country: 'Ireland'
2025-10-03 03:32:27,945 - INFO - Created new company - ID: 34943, Name: 'ARKLOW SPRAY LTD', Country: 'Ireland'
2025-10-03 03:33:25,120 - INFO - Created new company - ID: 34944, Name: 'FARRA MARINE FRANCE SAS', Country: 'Ireland'
2025-10-03 03:33:56,089 - INFO - Created new company - ID: 34945, Name: 'BAL-BULK', Country: 'Faroe-islands'
2025-10-03 03:34:01,165 - INFO - Created new company - ID: 34946, Name: 'BG STONE A/S', Country: 'Denmark'
2025-10-03 03:34:05,575 - INFO - Created new company - ID: 34947, Name: 'AMANDA REDERIET', Country: 'Denmark'
2025-10-03 03:34:05,647 - INFO - Created new company - ID: 34948, Name: 'BOYE HC', Country: 'Denmark'
2025-10-03 03:34:10,020 - INFO - Created new company - ID: 34949, Name: 'CAROLINE SAMSO', Country: 'Denmark'
2025-10-03 03:34:14,357 - INFO - Created new company - ID: 34950, Name: 'FLINTHOLM STEN & GRUS APS', Country: 'Denmark'
2025-10-03 03:34:18,746 - INFO - Created new company - ID: 34951, Name: 'ANNA K APS', Country: 'Denmark'
2025-10-03 03:34:32,027 - INFO - Created new company - ID: 34952, Name: 'VERMLAND SP/F', Country: 'Ireland'
2025-10-03 03:35:41,177 - INFO - Created new company - ID: 34953, Name: 'DOLFYN SHIPPING LTD', Country: 'Ireland'
2025-10-03 03:35:45,554 - INFO - Created new company - ID: 34954, Name: 'FENNY SHIPPING LTD', Country: 'Ireland'
2025-10-03 03:35:49,903 - INFO - Created new company - ID: 34955, Name: 'SURSUM CORDA SHIPPING LTD', Country: 'Ireland'
2025-10-03 03:35:54,292 - INFO - Created new company - ID: 34956, Name: 'EAGLE SHIPPING CO LTD', Country: 'Ireland'
2025-10-03 03:35:58,662 - INFO - Created new company - ID: 34957, Name: 'ST JOHN SHIPPING LTD', Country: 'Ireland'
2025-10-03 03:36:03,249 - INFO - Created new company - ID: 34958, Name: 'MIMER SHIPPING LTD', Country: 'Ireland'
2025-10-03 03:37:20,891 - INFO - Created new company - ID: 34959, Name: 'MURPHY E', Country: 'Ireland'
2025-10-03 03:37:25,206 - INFO - Created new company - ID: 34960, Name: 'TAIPAN MARITIME LTD', Country: 'Isle-of-man'
2025-10-03 03:37:29,532 - INFO - Created new company - ID: 34961, Name: 'ISTRA MARITIME LTD', Country: 'Isle-of-man'
2025-10-03 03:37:33,891 - INFO - Created new company - ID: 34962, Name: 'TARIFA MARITIME LTD', Country: 'Isle-of-man'
2025-10-03 03:37:38,255 - INFO - Created new company - ID: 34963, Name: 'GLORIOUS MARITIME LTD', Country: 'Isle-of-man'
2025-10-03 03:37:42,621 - INFO - Created new company - ID: 34964, Name: 'GRACEFUL MARITIME', Country: 'Isle-of-man'
2025-10-03 03:37:46,975 - INFO - Created new company - ID: 34965, Name: 'GOLIATH MARITIME LTD', Country: 'Isle-of-man'
2025-10-03 03:37:51,335 - INFO - Created new company - ID: 34966, Name: 'GARNET MARITIME LTD-IOM', Country: 'Isle-of-man'
2025-10-03 03:37:56,274 - INFO - Created new company - ID: 34967, Name: 'LAPIS MARITIME LTD', Country: 'Isle-of-man'
2025-10-03 03:38:01,007 - INFO - Created new company - ID: 34968, Name: 'SHANGHAI MARITIME LTD', Country: 'Isle-of-man'
2025-10-03 03:38:05,372 - INFO - Created new company - ID: 34969, Name: 'TIANJIN MARITIME LTD', Country: 'Isle-of-man'
2025-10-03 03:38:09,738 - INFO - Created new company - ID: 34970, Name: 'NORDIC HIGHWAY LTD', Country: 'Isle-of-man'
2025-10-03 03:38:14,685 - INFO - Created new company - ID: 34971, Name: 'GUARDIAN MARITIME LTD', Country: 'Isle-of-man'
2025-10-03 03:38:19,337 - INFO - Created new company - ID: 34972, Name: 'GENTLE MARITIME LTD', Country: 'Isle-of-man'
2025-10-03 03:38:23,788 - INFO - Created new company - ID: 34973, Name: 'SERENITY MARITIME LTD-IOM', Country: 'Isle-of-man'
2025-10-03 03:38:28,162 - INFO - Created new company - ID: 34974, Name: 'ASIA MARITIME LTD', Country: 'Isle-of-man'
2025-10-03 03:38:32,505 - INFO - Created new company - ID: 34975, Name: 'ADMIRAL NEPTUNE SHIPPING CO', Country: 'Germany'
2025-10-03 03:38:36,888 - INFO - Created new company - ID: 34976, Name: 'SKYEAGLE LIBERIA SHIPPING CO', Country: 'Isle-of-man'
2025-10-03 03:38:45,582 - INFO - Created new company - ID: 34977, Name: 'ELI SHIPPING CO LTD', Country: 'Isle-of-man'
2025-10-03 03:38:49,959 - INFO - Created new company - ID: 34978, Name: 'ADMIRAL STAR SHIPPING CO LTD', Country: 'Isle-of-man'
2025-10-03 03:38:54,339 - INFO - Created new company - ID: 34979, Name: 'ADMIRAL AMIGO INC', Country: 'Isle-of-man'
2025-10-03 03:38:58,675 - INFO - Created new company - ID: 34980, Name: 'MARTI STAR SHIPPING CO LTD', Country: 'Germany'
2025-10-03 03:39:03,067 - INFO - Created new company - ID: 34981, Name: 'ADMIRAL MOON SHIPPING CO LTD', Country: 'Isle-of-man'
2025-10-03 03:39:07,447 - INFO - Created new company - ID: 34982, Name: 'MARTI SPIRIT SHIPPING CO LTD', Country: 'Germany'
2025-10-03 03:39:11,844 - INFO - Created new company - ID: 34983, Name: 'ANITA SHIPPING CO LTD-LIB', Country: 'Isle-of-man'
2025-10-03 03:39:16,210 - INFO - Created new company - ID: 34984, Name: 'CAS CHARLOTTE LTD', Country: 'Isle-of-man'
2025-10-03 03:39:20,621 - INFO - Created new company - ID: 34985, Name: 'CAS KATHARINA LTD', Country: 'Slovenia'
2025-10-03 03:39:24,988 - INFO - Created new company - ID: 34986, Name: 'ADMIRAL SUN SHIPPING CO LTD', Country: 'Isle-of-man'
2025-10-03 03:39:29,371 - INFO - Created new company - ID: 34987, Name: 'NINA SHIPPING CO LTD', Country: 'Isle-of-man'
2025-10-03 03:39:33,748 - INFO - Created new company - ID: 34988, Name: 'TRI-DO TWO SHIPPING LTD', Country: 'Germany'
2025-10-03 03:39:38,118 - INFO - Created new company - ID: 34989, Name: 'SKYVIEW SHIPPING CO LTD', Country: 'Liberia'
2025-10-03 03:39:42,476 - INFO - Created new company - ID: 34990, Name: 'DAFFODIL LTD', Country: 'Singapore'
2025-10-03 03:39:46,861 - INFO - Created new company - ID: 34991, Name: 'COCOA LTD', Country: 'Monaco'
2025-10-03 03:39:51,279 - INFO - Created new company - ID: 34992, Name: 'ST7 LTD', Country: 'Isle-of-man'
2025-10-03 03:39:55,673 - INFO - Created new company - ID: 34993, Name: 'ST6 LTD', Country: 'Isle-of-man'
2025-10-03 03:40:00,073 - INFO - Created new company - ID: 34994, Name: 'ST2 LTD', Country: 'Isle-of-man'
2025-10-03 03:40:04,487 - INFO - Created new company - ID: 34995, Name: 'OCTANE LTD', Country: 'Singapore'
2025-10-03 03:40:09,210 - INFO - Created new company - ID: 34996, Name: 'SIERRA LTD-IOM', Country: 'Singapore'
2025-10-03 03:40:13,767 - INFO - Created new company - ID: 34997, Name: 'MAYFLOWER LTD-IOM', Country: 'Greece'
2025-10-03 03:40:18,686 - INFO - Created new company - ID: 34998, Name: 'LAUREL LTD', Country: 'Greece'
2025-10-03 03:40:23,391 - INFO - Created new company - ID: 34999, Name: 'MARVELOUS LTD', Country: 'Singapore'
2025-10-03 03:40:27,901 - INFO - Created new company - ID: 35000, Name: 'EXCEPTIONAL LTD', Country: 'Isle-of-man'
2025-10-03 03:40:32,487 - INFO - Created new company - ID: 35001, Name: 'MASTERFUL LTD', Country: 'United-kingdom'
2025-10-03 03:40:37,316 - INFO - Created new company - ID: 35002, Name: 'MINDFUL LTD', Country: 'Germany'
2025-10-03 03:40:42,127 - INFO - Created new company - ID: 35003, Name: 'CHARMING LTD', Country: 'Isle-of-man'
2025-10-03 03:40:46,943 - INFO - Created new company - ID: 35004, Name: 'COURTEOUS LTD', Country: 'Singapore'
2025-10-03 03:40:51,329 - INFO - Created new company - ID: 35005, Name: 'ATHENA ADVENTURES LTD', Country: 'Isle-of-man'
2025-10-03 03:40:55,949 - INFO - Created new company - ID: 35006, Name: 'ILONA MY PTC', Country: 'Isle-of-man'
2025-10-03 03:41:00,650 - INFO - Created new company - ID: 35007, Name: 'TEMPLE MARINE LP', Country: 'Isle-of-man'
2025-10-03 03:41:05,004 - INFO - Created new company - ID: 35008, Name: 'MEDUSAS TRIUMPH LTD', Country: 'Isle-of-man'
2025-10-03 03:41:09,367 - INFO - Created new company - ID: 35009, Name: 'VIVID HORIZON INVESTMENTS LTD', Country: 'Isle-of-man'
2025-10-03 03:41:13,675 - INFO - Created new company - ID: 35010, Name: 'ROPELIA HOLDINGS LTD', Country: 'None'
2025-10-03 03:41:18,275 - INFO - Created new company - ID: 35011, Name: 'HERO LEAD GLOBAL LTD', Country: 'Isle-of-man'
2025-10-03 03:41:22,641 - INFO - Created new company - ID: 35012, Name: 'SEAGEM I LLC', Country: 'Marshall-islands'
2025-10-03 03:41:27,007 - INFO - Created new company - ID: 35013, Name: 'YACHT MARALA LTD', Country: 'Isle-of-man'
2025-10-03 03:41:31,383 - INFO - Created new company - ID: 35014, Name: 'MY FRIENDSHIP BV', Country: 'Isle-of-man'
2025-10-03 03:41:35,806 - INFO - Created new company - ID: 35015, Name: 'STARGATE II LTD', Country: 'Isle-of-man'
2025-10-03 03:41:40,154 - INFO - Created new company - ID: 35016, Name: 'COBALT MARITIME LTD', Country: 'Isle-of-man'
2025-10-03 03:41:44,532 - INFO - Created new company - ID: 35017, Name: 'YACHT NORTHERN SUN LTD', Country: 'Isle-of-man'
2025-10-03 03:41:48,865 - INFO - Created new company - ID: 35018, Name: 'MARCO POLO LTD', Country: 'Isle-of-man'
2025-10-03 03:41:53,188 - INFO - Created new company - ID: 35019, Name: 'KAVICA LTD', Country: 'Isle-of-man'
2025-10-03 03:41:57,573 - INFO - Created new company - ID: 35020, Name: 'URSULA MARINE LTD', Country: 'Isle-of-man'
2025-10-03 03:42:01,918 - INFO - Created new company - ID: 35021, Name: 'ELLAN MARINE LTD', Country: 'Isle-of-man'
2025-10-03 03:42:06,278 - INFO - Created new company - ID: 35022, Name: 'MAYE MARINE LTD', Country: 'Isle-of-man'
2025-10-03 03:42:10,671 - INFO - Created new company - ID: 35023, Name: 'GREEBA MARINE LTD', Country: 'Isle-of-man'
2025-10-03 03:42:15,035 - INFO - Created new company - ID: 35024, Name: 'KIRRY MARINE LTD', Country: 'Isle-of-man'
2025-10-03 03:43:02,731 - INFO - Created new company - ID: 35025, Name: 'EASY RIDER LTD', Country: 'Cayman-islands'
2025-10-03 03:43:11,418 - INFO - Created new company - ID: 35026, Name: 'COCASENELREFRI', Country: 'Cayman-islands'
2025-10-03 03:43:17,413 - INFO - Created new company - ID: 35027, Name: 'SOVEREIGN RENTAL CORP', Country: 'None'
2025-10-03 03:43:21,768 - INFO - Created new company - ID: 35028, Name: 'MMM EXPLORATION LTD', Country: 'Isle-of-man'
2025-10-03 03:43:26,099 - INFO - Created new company - ID: 35029, Name: 'TANGO BRAVO MARITIME', Country: 'Isle-of-man'
2025-10-03 03:43:30,478 - INFO - Created new company - ID: 35030, Name: 'GLACIERSAIL INC', Country: 'Isle-of-man'
2025-10-03 03:43:34,827 - INFO - Created new company - ID: 35031, Name: 'BP MARINE LTD', Country: 'Isle-of-man'
2025-10-03 03:43:39,179 - INFO - Created new company - ID: 35032, Name: 'BLUERIDGE INVESTMENTS II LTD', Country: 'Isle-of-man'
2025-10-03 03:43:43,541 - INFO - Created new company - ID: 35033, Name: 'SARISSA LTD', Country: 'Isle-of-man'
2025-10-03 03:43:47,885 - INFO - Created new company - ID: 35034, Name: 'ISTROS LTD', Country: 'Isle-of-man'
2025-10-03 03:43:52,239 - INFO - Created new company - ID: 35035, Name: 'WEIRVIEW LTD', Country: 'Isle-of-man'
2025-10-03 03:43:57,707 - INFO - Created new company - ID: 35036, Name: 'CARPE DIEM HOLDINGS LTD', Country: 'Isle-of-man'
2025-10-03 03:44:19,510 - INFO - Created new company - ID: 35037, Name: 'FIDUCS YACHT MANGEMENT LTD', Country: 'Isle-of-man'
2025-10-03 03:44:23,833 - INFO - Created new company - ID: 35038, Name: 'SEA OWL III INC', Country: 'Isle-of-man'
2025-10-03 03:44:28,217 - INFO - Created new company - ID: 35039, Name: 'EXODUS TRANSPORT LTD', Country: 'Isle-of-man'
2025-10-03 03:44:32,560 - INFO - Created new company - ID: 35040, Name: 'KATCINA SERVICES LTD', Country: 'Isle-of-man'
2025-10-03 03:44:36,945 - INFO - Created new company - ID: 35041, Name: 'NORTH STAR TRADING CO LTD', Country: 'Israel'
2025-10-03 03:44:41,335 - INFO - Created new company - ID: 35042, Name: 'WEST NAVIGATE LTD', Country: 'Israel'
2025-10-03 03:44:45,704 - INFO - Created new company - ID: 35043, Name: 'PURPLE IRIS SHIPPING LTD', Country: 'Israel'
2025-10-03 03:44:50,058 - INFO - Created new company - ID: 35044, Name: 'NOUVELLE LUNE SHIPPING SA', Country: 'Israel'
2025-10-03 03:44:54,438 - INFO - Created new company - ID: 35045, Name: 'HSINCHU'S REFO SHIPPING LTD', Country: 'Israel'
2025-10-03 03:44:58,809 - INFO - Created new company - ID: 35046, Name: 'TAICHUNG REFO SHIPPING LTD', Country: 'Israel'
2025-10-03 03:45:03,164 - INFO - Created new company - ID: 35047, Name: 'GALENE MARITIME PTE LTD', Country: 'Israel'
2025-10-03 03:45:07,901 - INFO - Created new company - ID: 35048, Name: 'EBISU SHIPPING PTE LTD', Country: 'Israel'
2025-10-03 03:45:12,262 - INFO - Created new company - ID: 35049, Name: 'SHINTO MARITIME PTE LTD', Country: 'Israel'
2025-10-03 03:45:16,747 - INFO - Created new company - ID: 35050, Name: 'SAREE SHIPPING PTE LTD', Country: 'Israel'
2025-10-03 03:45:21,121 - INFO - Created new company - ID: 35051, Name: 'BLUE FIN NAVIGATION LTD', Country: 'Liberia'
2025-10-03 03:45:25,490 - INFO - Created new company - ID: 35052, Name: 'GREEN VALLEYS NAVIGATION LTD', Country: 'Liberia'
2025-10-03 03:45:29,857 - INFO - Created new company - ID: 35053, Name: 'CALM MARITIME LTD', Country: 'Israel'
2025-10-03 03:45:34,266 - INFO - Created new company - ID: 35054, Name: 'CHAMPION MARITIME LTD-IOM', Country: 'Israel'
2025-10-03 03:45:39,049 - INFO - Created new company - ID: 35055, Name: 'COURIER SHIPPING LTD', Country: 'Israel'
2025-10-03 03:45:43,422 - INFO - Created new company - ID: 35056, Name: 'CROWN MARITIME LTD', Country: 'Israel'
2025-10-03 03:45:47,802 - INFO - Created new company - ID: 35057, Name: 'HELIOS RAY LTD', Country: 'Israel'
2025-10-03 03:45:52,184 - INFO - Created new company - ID: 35058, Name: 'STAR MARITIME LTD', Country: 'Israel'
2025-10-03 03:45:56,601 - INFO - Created new company - ID: 35059, Name: 'SIGMA MARITIME LTD', Country: 'Israel'
2025-10-03 03:46:01,015 - INFO - Created new company - ID: 35060, Name: 'BOSS SHIPPING LLC', Country: 'Israel'
2025-10-03 03:46:05,444 - INFO - Created new company - ID: 35061, Name: 'SHIRA-E SHIPPING LLC', Country: 'Israel'
2025-10-03 03:46:09,559 - INFO - Created new company - ID: 35062, Name: 'MORAZ SHIPPING LLC', Country: 'Israel'
2025-10-03 03:46:13,948 - INFO - Created new company - ID: 35063, Name: 'ROMA SHIPPING LLC', Country: 'Israel'
2025-10-03 03:46:18,345 - INFO - Created new company - ID: 35064, Name: 'DEBBIE SHIPPING LLC', Country: 'Israel'
2025-10-03 03:46:22,720 - INFO - Created new company - ID: 35065, Name: 'ELBO SHIPPING LLC', Country: 'Israel'
2025-10-03 03:46:27,063 - INFO - Created new company - ID: 35066, Name: 'MINIBULK INC', Country: 'Israel'
2025-10-03 03:47:18,958 - INFO - Created new company - ID: 35067, Name: 'MYEDEN HOLDINGS LTD', Country: 'Israel'
2025-10-03 03:47:23,340 - INFO - Created new company - ID: 35068, Name: 'CLUB M YACHTING LTD', Country: 'Israel'
2025-10-03 03:47:27,714 - INFO - Created new company - ID: 35069, Name: 'KUZY SHIPPING LTD', Country: 'Israel'
2025-10-03 03:47:31,784 - INFO - Created new company - ID: 35070, Name: 'MINT MARINE LTD', Country: 'Israel'
2025-10-03 03:47:36,159 - INFO - Created new company - ID: 35071, Name: 'UNIVERSE CRUISES LTD', Country: 'Israel'
2025-10-03 03:48:02,353 - INFO - Created new company - ID: 35072, Name: 'MARTINA OCEANWAY LTD', Country: 'Italy'
2025-10-03 03:48:06,708 - INFO - Created new company - ID: 35073, Name: 'KERRY OCEANWAY LTD', Country: 'Italy'
2025-10-03 03:48:11,059 - INFO - Created new company - ID: 35074, Name: 'AUREA INTERNATIONAL SA', Country: 'Italy'
2025-10-03 03:48:15,422 - INFO - Created new company - ID: 35075, Name: 'ROSALIA INTERNATIONAL SA', Country: 'Italy'
2025-10-03 03:48:20,199 - INFO - Created new company - ID: 35076, Name: 'SERENA INTERNATIONAL SA', Country: 'Panama'
2025-10-03 03:48:24,601 - INFO - Created new company - ID: 35077, Name: 'DUART SA', Country: 'Panama'
2025-10-03 03:48:28,977 - INFO - Created new company - ID: 35078, Name: 'FABIENNE OCEANWAY LTD', Country: 'Italy'
2025-10-03 03:48:42,038 - INFO - Created new company - ID: 35079, Name: 'CNB COMPANIA NAVIERA BERYL SA', Country: 'Italy'
2025-10-03 03:48:46,406 - INFO - Created new company - ID: 35080, Name: 'COMPANIA NAVIERA LAUREN SA', Country: 'Italy'
2025-10-03 03:48:50,763 - INFO - Created new company - ID: 35081, Name: 'OHELLEN SHIPPING CO LTD', Country: 'Italy'
2025-10-03 03:48:55,158 - INFO - Created new company - ID: 35082, Name: 'BLUE STAR DESIREE LLC', Country: 'Italy'
2025-10-03 03:49:05,151 - INFO - Created new company - ID: 35083, Name: 'ROSSELLA MARITIME INC', Country: 'Switzerland'
2025-10-03 03:49:09,530 - INFO - Created new company - ID: 35084, Name: 'SOPHIE NAVIERA CO SA', Country: 'Switzerland'
2025-10-03 03:49:13,906 - INFO - Created new company - ID: 35085, Name: 'ABILEAR CORP', Country: 'Switzerland'
2025-10-03 03:49:18,320 - INFO - Created new company - ID: 35086, Name: 'JACINIA HOLDINGS INC', Country: 'Switzerland'
2025-10-03 03:49:22,712 - INFO - Created new company - ID: 35087, Name: 'BERTIL COMPANIA NAVIERA SA', Country: 'Switzerland'
2025-10-03 03:49:27,102 - INFO - Created new company - ID: 35088, Name: 'ANNICA COMPANIA NAVIERA SA', Country: 'Switzerland'
2025-10-03 03:49:31,451 - INFO - Created new company - ID: 35089, Name: 'NORBERT COMPANIA NAVIERA SA', Country: 'Switzerland'
2025-10-03 03:49:35,817 - INFO - Created new company - ID: 35090, Name: 'MIRKA CNM COMPANIA NAVIERA', Country: 'Switzerland'
2025-10-03 03:49:40,208 - INFO - Created new company - ID: 35091, Name: 'BERITH COMPANIA NAVIERA SA', Country: 'Switzerland'
2025-10-03 03:49:44,586 - INFO - Created new company - ID: 35092, Name: 'GONTE INVESTMENTS INC', Country: 'Switzerland'
2025-10-03 03:49:48,978 - INFO - Created new company - ID: 35093, Name: 'AVANTAGE ENTERPRISES INC', Country: 'Switzerland'
2025-10-03 03:50:36,742 - INFO - Created new company - ID: 35094, Name: 'ACL SHIP OWNERS 2005 AB', Country: 'Italy'
2025-10-03 03:54:40,469 - INFO - Created new company - ID: 35095, Name: 'MARNAVI HOLLAND BV', Country: 'Netherlands'
2025-10-03 03:54:44,878 - INFO - Created new company - ID: 35096, Name: 'GREEN FLEET SRL', Country: 'Italy'
2025-10-03 03:55:23,869 - INFO - Created new company - ID: 35097, Name: 'MARTANKER SRL', Country: 'Italy'
2025-10-03 04:00:36,216 - INFO - Created new company - ID: 35098, Name: 'GRIMALDI INVESTMENTS SRL', Country: 'Italy'
2025-10-03 04:00:44,937 - INFO - Created new company - ID: 35099, Name: 'COMPANIA NAVIERA ALLEGRO SA', Country: 'Italy'
2025-10-03 04:00:49,257 - INFO - Created new company - ID: 35100, Name: 'COMPANIA NAVIERA VIVACE SA', Country: 'Italy'
2025-10-03 04:00:53,599 - INFO - Created new company - ID: 35101, Name: 'COMPANIA NAVIERA PRESTO SA', Country: 'Italy'
2025-10-03 04:00:57,941 - INFO - Created new company - ID: 35102, Name: 'GRIMALDI CAPITAL SRL', Country: 'Italy'
2025-10-03 04:05:41,884 - INFO - Created new company - ID: 35103, Name: 'HILLCREST PTE LTD-SNG', Country: 'Italy'
2025-10-03 04:07:55,102 - INFO - Created new company - ID: 35104, Name: 'BOBIA NAVIERA AIE', Country: 'Italy'
2025-10-03 04:08:08,320 - INFO - Created new company - ID: 35105, Name: 'NERI FRATELLI', Country: 'Italy'
2025-10-03 04:11:22,247 - INFO - Created new company - ID: 35106, Name: 'SPL PRINCESS ANASTASIA LTD', Country: 'Italy'
2025-10-03 04:12:35,818 - INFO - Created new company - ID: 35107, Name: 'G&P RIMORCHIATORI SRL', Country: 'Italy'
2025-10-03 04:13:01,809 - INFO - Created new company - ID: 35108, Name: 'KARIS SHIPPING LTD', Country: 'Malta'
2025-10-03 04:13:06,210 - INFO - Created new company - ID: 35109, Name: 'KAPP SHIPPING LTD', Country: 'Switzerland'
2025-10-03 04:13:10,585 - INFO - Created new company - ID: 35110, Name: 'DUNBAR SHIPPING LTD', Country: 'Switzerland'
2025-10-03 04:13:14,987 - INFO - Created new company - ID: 35111, Name: 'NOVA KINGSTON LTD', Country: 'Switzerland'
2025-10-03 04:13:19,329 - INFO - Created new company - ID: 35112, Name: 'TOLSON SHIPPING LTD', Country: 'Switzerland'
2025-10-03 04:13:23,697 - INFO - Created new company - ID: 35113, Name: 'M MARITIME LTD', Country: 'Malta'
2025-10-03 04:13:28,102 - INFO - Created new company - ID: 35114, Name: 'REYDON SHIPPING LTD', Country: 'Greece'
2025-10-03 04:13:33,491 - INFO - Created new company - ID: 35115, Name: 'SIDER NAVI SRL', Country: 'Switzerland'
2025-10-03 04:13:37,884 - INFO - Created new company - ID: 35116, Name: 'NOVA DUNDEE BV', Country: 'Switzerland'
2025-10-03 04:13:42,248 - INFO - Created new company - ID: 35117, Name: 'C SHIPPING BV', Country: 'Switzerland'
2025-10-03 04:13:50,970 - INFO - Created new company - ID: 35118, Name: 'WESTPORT SHIPPING LTD', Country: 'Switzerland'
2025-10-03 04:13:55,335 - INFO - Created new company - ID: 35119, Name: 'GRAYLAND SHIPPING LTD', Country: 'Switzerland'
2025-10-03 04:13:59,721 - INFO - Created new company - ID: 35120, Name: 'ROSBURG SHIPPING LTD', Country: 'Switzerland'
2025-10-03 04:14:04,100 - INFO - Created new company - ID: 35121, Name: 'NH SHIPPING LTD', Country: 'Switzerland'
2025-10-03 04:16:27,746 - INFO - Created new company - ID: 35122, Name: 'MARIGEST SRL', Country: 'Italy'
2025-10-03 04:17:33,137 - INFO - Created new company - ID: 35123, Name: 'TITA TWO SRL', Country: 'Italy'
2025-10-03 04:17:41,881 - INFO - Created new company - ID: 35124, Name: 'CAROLINE 65 SASU', Country: 'France'
2025-10-03 04:17:46,232 - INFO - Created new company - ID: 35125, Name: 'CAROLINE 97 SASU', Country: 'Italy'
2025-10-03 04:17:50,881 - INFO - Created new company - ID: 35126, Name: 'CAROLINE 71 SASU', Country: 'France'
2025-10-03 04:17:55,488 - INFO - Created new company - ID: 35127, Name: 'JASPE 7 SNC', Country: 'Italy'
2025-10-03 04:18:00,197 - INFO - Created new company - ID: 35128, Name: 'DIDEROT FINANCEMENT 24 SNC', Country: 'France'
2025-10-03 04:18:05,014 - INFO - Created new company - ID: 35129, Name: 'DIDEROT FINANCEMENT 26 SNC', Country: 'Italy'
2025-10-03 04:18:14,440 - INFO - Created new company - ID: 35130, Name: 'MEGA EXPRESS SNC', Country: 'Italy'
2025-10-03 04:18:59,289 - INFO - Created new company - ID: 35131, Name: 'NORTHERN CHEMICAL AS', Country: 'Italy'
2025-10-03 04:19:05,635 - INFO - Created new company - ID: 35132, Name: 'MEDTANK II AS', Country: 'Italy'
2025-10-03 04:19:15,160 - INFO - Created new company - ID: 35133, Name: 'BIONDINA LTD', Country: 'Italy'
2025-10-03 04:19:29,179 - INFO - Created new company - ID: 35134, Name: 'MICOPERI DE MEXICO SA DE CV', Country: 'Italy'
2025-10-03 04:20:07,065 - INFO - Created new company - ID: 35135, Name: 'GW EQUIPMENT BV', Country: 'Netherlands'
2025-10-03 04:22:02,772 - INFO - Created new company - ID: 35136, Name: 'SOLIHULL LTD', Country: 'Italy'
2025-10-03 04:22:07,803 - INFO - Created new company - ID: 35137, Name: 'KEVALAY COMPANY FOR MARITIME', Country: 'Libya'
2025-10-03 04:22:12,297 - INFO - Created new company - ID: 35138, Name: 'CHEMBA LTD', Country: 'Italy'
2025-10-03 04:22:17,008 - INFO - Created new company - ID: 35139, Name: 'CEM SPA', Country: 'Italy'
2025-10-03 04:22:31,345 - INFO - Created new company - ID: 35140, Name: 'SIR SPA', Country: 'Italy'
2025-10-03 04:22:35,963 - INFO - Created new company - ID: 35141, Name: 'AMS LINE SHIPPING CO', Country: 'Estonia'
2025-10-03 04:22:40,672 - INFO - Created new company - ID: 35142, Name: 'SDS SHIPPING SRL', Country: 'Italy'
2025-10-03 04:22:50,312 - INFO - Created new company - ID: 35143, Name: 'EUROSHIPPING SRL', Country: 'Italy'
2025-10-03 04:23:48,410 - INFO - Created new company - ID: 35144, Name: 'AKIRA OFFSHORE INC', Country: 'United-arab-emirates'
2025-10-03 04:23:52,851 - INFO - Created new company - ID: 35145, Name: 'VARSHA MARINE INC', Country: 'United-arab-emirates'
2025-10-03 04:23:57,254 - INFO - Created new company - ID: 35146, Name: 'BLUE WAVE TRADING INC', Country: 'Marshall-islands'
2025-10-03 04:24:01,654 - INFO - Created new company - ID: 35147, Name: 'BW SHIPPING INC', Country: 'Marshall-islands'
2025-10-03 04:24:06,004 - INFO - Created new company - ID: 35148, Name: 'FATHOM SHIPPING INC', Country: 'Marshall-islands'
2025-10-03 04:24:10,354 - INFO - Created new company - ID: 35149, Name: 'GRANADA MARINE INC', Country: 'Italy'
2025-10-03 04:24:14,713 - INFO - Created new company - ID: 35150, Name: 'NARUTO OFFSHORE INC', Country: 'United-arab-emirates'
2025-10-03 04:24:19,099 - INFO - Created new company - ID: 35151, Name: 'GULF EMERALD SHIPPING LINES', Country: 'United-arab-emirates'
2025-10-03 04:24:23,434 - INFO - Created new company - ID: 35152, Name: 'MAS PEARL SHIPPING INC', Country: 'United-arab-emirates'
2025-10-03 04:24:27,807 - INFO - Created new company - ID: 35153, Name: 'VEGA OFFSHORE INC', Country: 'United-arab-emirates'
2025-10-03 04:24:32,149 - INFO - Created new company - ID: 35154, Name: 'YUKI OFFSHORE INC', Country: 'United-arab-emirates'
2025-10-03 04:24:36,566 - INFO - Created new company - ID: 35155, Name: 'BOGAZICI DENIZCILIK SANAYI', Country: 'Türkiye'
2025-10-03 04:25:19,889 - INFO - Created new company - ID: 35156, Name: 'STRIDENT FORCE MARITIME LTD', Country: 'Italy'
2025-10-03 04:25:41,545 - INFO - Created new company - ID: 35157, Name: 'GALATA GAS SHIPPING LTD-MAI', Country: 'Italy'
2025-10-03 04:25:45,933 - INFO - Created new company - ID: 35158, Name: 'AMBER BEE NAVIGATION LTD', Country: 'Italy'
2025-10-03 04:25:50,402 - INFO - Created new company - ID: 35159, Name: 'BIXBITE MARITIME LTD', Country: 'Italy'
2025-10-03 04:25:54,755 - INFO - Created new company - ID: 35160, Name: 'RED OPAL SHIPPING LTD-MTA', Country: 'Italy'
2025-10-03 04:25:59,116 - INFO - Created new company - ID: 35161, Name: 'EMERALD MARINE CO LTD', Country: 'Italy'
2025-10-03 04:26:03,474 - INFO - Created new company - ID: 35162, Name: 'SAPPHIRE MARINE CO LTD', Country: 'Italy'
2025-10-03 04:26:07,846 - INFO - Created new company - ID: 35163, Name: 'SPINEL SHIPPING LTD', Country: 'Italy'
2025-10-03 04:26:12,217 - INFO - Created new company - ID: 35164, Name: 'RED DIAMOND SHIPPING LTD', Country: 'Malta'
2025-10-03 04:26:16,608 - INFO - Created new company - ID: 35165, Name: 'GARNET NAVIGATION LTD', Country: 'Italy'
2025-10-03 04:26:21,003 - INFO - Created new company - ID: 35166, Name: 'QUARTZ NAVIGATION LTD', Country: 'Italy'
2025-10-03 04:26:25,355 - INFO - Created new company - ID: 35167, Name: 'EYE OF TIGER SHIPPING LTD', Country: 'Italy'
2025-10-03 04:28:41,709 - INFO - Created new company - ID: 35168, Name: 'COMPANIA NAVIERA WORLD 1 SA', Country: 'Italy'
2025-10-03 04:28:46,071 - INFO - Created new company - ID: 35169, Name: 'COMPANIA NAVIERA EVO 2 SA', Country: 'Italy'
2025-10-03 04:28:50,455 - INFO - Created new company - ID: 35170, Name: 'YC 2 SA', Country: 'Italy'
2025-10-03 04:29:42,658 - INFO - Created new company - ID: 35171, Name: 'DUAL AKTE' SRL', Country: 'Italy'
2025-10-03 04:29:47,044 - INFO - Created new company - ID: 35172, Name: 'NAVIGAZIONE ADRIATICA SRL', Country: 'Italy'
2025-10-03 04:30:00,044 - INFO - Created new company - ID: 35173, Name: 'UNITED SHIPS SRL', Country: 'Italy'
2025-10-03 04:34:11,659 - INFO - Created new company - ID: 35174, Name: 'PREFIN SRL', Country: 'Italy'
2025-10-03 04:34:47,548 - INFO - Created new company - ID: 35175, Name: 'MEDTANK AS', Country: 'Italy'
2025-10-03 04:35:04,912 - INFO - Created new company - ID: 35176, Name: 'SAM SHIPPING LLC', Country: 'Marshall-islands'
2025-10-03 04:35:14,669 - INFO - Created new company - ID: 35177, Name: 'TAGUS RIVER COMPAGNIA', Country: 'Portugal'
2025-10-03 04:35:54,005 - INFO - Created new company - ID: 35178, Name: 'VERAMANT SHIPPING SRL', Country: 'Italy'
2025-10-03 04:37:38,076 - INFO - Created new company - ID: 35179, Name: 'FT PORTORIA TANKERS LTD', Country: 'Malta'
2025-10-03 04:37:55,517 - INFO - Created new company - ID: 35180, Name: 'QUARTO TANKERS LTD', Country: 'Malta'
2025-10-03 04:37:59,884 - INFO - Created new company - ID: 35181, Name: 'QUINTO TANKERS LTD', Country: 'Malta'
2025-10-03 04:39:05,406 - INFO - Created new company - ID: 35182, Name: 'HDS SRL', Country: 'Italy'
2025-10-03 04:39:45,082 - INFO - Created new company - ID: 35183, Name: 'TARMAR SRL', Country: 'Italy'
2025-10-03 04:40:02,548 - INFO - Created new company - ID: 35184, Name: 'KANOVELE DOO', Country: 'Italy'
2025-10-03 04:40:58,833 - INFO - Created new company - ID: 35185, Name: 'CAFISERVICE SPA', Country: 'Italy'
2025-10-03 04:41:03,161 - INFO - Created new company - ID: 35186, Name: 'MARITIME BUNKER SRL', Country: 'Italy'
2025-10-03 04:41:16,557 - INFO - Created new company - ID: 35187, Name: 'VISEMAR LEVANTE SRL', Country: 'Italy'
2025-10-03 04:41:25,285 - INFO - Created new company - ID: 35188, Name: 'AL SHERAA COMMODITIES TRADING', Country: 'Oman'
2025-10-03 04:41:29,685 - INFO - Created new company - ID: 35189, Name: 'DRAGON 1 PTE LTD', Country: 'Italy'
2025-10-03 04:42:21,593 - INFO - Created new company - ID: 35190, Name: 'NAI INT MALTA LTD', Country: 'Italy'
2025-10-03 04:42:25,962 - INFO - Created new company - ID: 35191, Name: 'NAVCO SRL', Country: 'Italy'
2025-10-03 04:42:34,674 - INFO - Created new company - ID: 35192, Name: 'STOC NORDIC SHIPPING LTD', Country: 'Sweden'
2025-10-03 04:44:34,079 - INFO - Created new company - ID: 35193, Name: 'CARBONOR SPA', Country: 'Italy'
2025-10-03 04:45:00,128 - INFO - Created new company - ID: 35194, Name: 'DIEGO CALI & C SRL', Country: 'Italy'
2025-10-03 04:45:04,484 - INFO - Created new company - ID: 35195, Name: 'TRIPLE S LTD', Country: 'Germany'
2025-10-03 04:45:56,442 - INFO - Created new company - ID: 35196, Name: 'GES TUR SNC', Country: 'Italy'
2025-10-03 04:46:00,839 - INFO - Created new company - ID: 35197, Name: 'SCORPIO ASIA PTE LTD', Country: 'Singapore'
2025-10-03 04:47:01,762 - INFO - Created new company - ID: 35198, Name: 'SOCIETA ARMATORIALE ITALIANA', Country: 'Italy'
2025-10-03 04:47:36,432 - INFO - Created new company - ID: 35199, Name: 'CTL 1804 SNC', Country: 'Switzerland'
2025-10-03 04:47:45,474 - INFO - Created new company - ID: 35200, Name: 'FINAV ONE LTD', Country: 'Italy'
2025-10-03 04:47:58,509 - INFO - Created new company - ID: 35201, Name: 'GESMAR GESTIONI MARITTIME SPA', Country: 'Italy'
2025-10-03 04:48:15,777 - INFO - Created new company - ID: 35202, Name: 'SMIV', Country: 'Italy'
2025-10-03 04:48:24,867 - INFO - Created new company - ID: 35203, Name: 'AGUIMES SHIP MANAGEMENT LTD', Country: 'Germany'
2025-10-03 04:48:29,260 - INFO - Created new company - ID: 35204, Name: 'AGAETE SHIP MANAGEMENT LTD', Country: 'Italy'
2025-10-03 04:49:03,694 - INFO - Created new company - ID: 35205, Name: 'H-TRASPORTI SPA', Country: 'Italy'
2025-10-03 04:49:08,067 - INFO - Created new company - ID: 35206, Name: 'DORIS E', Country: 'Italy'
2025-10-03 04:49:12,467 - INFO - Created new company - ID: 35207, Name: 'MGD SRL', Country: 'Italy'
2025-10-03 04:49:16,829 - INFO - Created new company - ID: 35208, Name: 'VIPIMA -SOCIETA DI NAVIGAZIONE', Country: 'Italy'
2025-10-03 04:49:21,174 - INFO - Created new company - ID: 35209, Name: 'SAINT GEORGE MARITIME LTD', Country: 'Italy'
2025-10-03 04:49:25,594 - INFO - Created new company - ID: 35210, Name: 'WATERFALLS CO LTD', Country: 'Malta'
2025-10-03 04:50:59,333 - INFO - Created new company - ID: 35211, Name: 'AMERICAS SHIP LEASING 11 BV', Country: 'Jamaica'
2025-10-03 04:51:03,685 - INFO - Created new company - ID: 35212, Name: 'BONAMICO MANAGEMENT INC', Country: 'Jamaica'
2025-10-03 04:51:29,740 - INFO - Created new company - ID: 35213, Name: 'HIJAZI & GHOSHEH CO', Country: 'Jordan'
2025-10-03 04:51:34,103 - INFO - Created new company - ID: 35214, Name: 'GULF NAVIGATION LIVESTOCK 2', Country: 'Jordan'
2025-10-03 04:51:38,466 - INFO - Created new company - ID: 35215, Name: 'MERLION ACE COMPANIA NAVIERA', Country: 'Jordan'
2025-10-03 04:51:42,828 - INFO - Created new company - ID: 35216, Name: 'BLUE ICE SHIPPING', Country: 'Jordan'
2025-10-03 04:51:47,191 - INFO - Created new company - ID: 35217, Name: 'OTERIOMO SHIPPING CO LTD', Country: 'Jordan'
2025-10-03 04:51:51,617 - INFO - Created new company - ID: 35218, Name: 'NTIOLIO SHIPPING CO LTD', Country: 'Jordan'
2025-10-03 04:51:55,976 - INFO - Created new company - ID: 35219, Name: 'REESTBORG COMPANIA NAVIERA SA', Country: 'Jordan'
2025-10-03 04:52:09,020 - INFO - Created new company - ID: 35220, Name: 'TOPERO HOLDINGS LTD', Country: 'France'
2025-10-03 04:52:26,432 - INFO - Created new company - ID: 35221, Name: 'NORNA SHIPPING CORP SAE', Country: 'Egypt'
2025-10-03 04:52:30,800 - INFO - Created new company - ID: 35222, Name: 'ABU YASER INTERNATIONAL SHPG', Country: 'Jordan'
2025-10-03 04:52:35,195 - INFO - Created new company - ID: 35223, Name: 'MARINE ONE TRANSPORT CO LTD', Country: 'Jordan'
2025-10-03 04:52:39,586 - INFO - Created new company - ID: 35224, Name: 'AL IHSAN SHIPPING CO LTD', Country: 'Jordan'
2025-10-03 04:52:43,936 - INFO - Created new company - ID: 35225, Name: 'IMAN SHIPPING CO LTD', Country: 'Jordan'
2025-10-03 04:52:48,302 - INFO - Created new company - ID: 35226, Name: 'AL TAWFEEQ SHIPPING CO LTD', Country: 'Lebanon'
2025-10-03 04:52:48,371 - INFO - Created new company - ID: 35227, Name: 'RABUNION MARITIME AGENCY SARL', Country: 'Lebanon'
2025-10-03 04:53:46,117 - INFO - Created new company - ID: 35228, Name: 'DUSOR LOJISTIK VE DIS TICARET', Country: 'Türkiye'
2025-10-03 04:56:33,478 - INFO - Created new company - ID: 35229, Name: 'KAZMORTRANSFLOT LTD', Country: 'Kazakhstan'
2025-10-03 04:57:29,194 - INFO - Created new company - ID: 35230, Name: 'BUE MARINE LTD', Country: 'United-kingdom'
2025-10-03 04:57:55,186 - INFO - Created new company - ID: 35231, Name: 'CASPIAN HIGH SPEED FERRIES LTD', Country: 'Kazakhstan'
2025-10-03 04:58:09,027 - INFO - Created new company - ID: 35232, Name: 'LAKE LOGISTICS TZ LTD', Country: 'Tanzania'
2025-10-03 04:58:13,421 - INFO - Created new company - ID: 35233, Name: 'FJORDSIDE HOLDINGS LTD', Country: 'Kenya'
2025-10-03 04:58:17,803 - INFO - Created new company - ID: 35234, Name: 'DUNCANNA CORP', Country: 'Kenya'
2025-10-03 04:58:30,826 - INFO - Created new company - ID: 35235, Name: 'EMMAHNIE HOLDINGS LTD', Country: 'Kenya'
2025-10-03 04:58:35,198 - INFO - Created new company - ID: 35236, Name: 'TALESKA CORP', Country: 'Tanzania'
2025-10-03 04:58:43,853 - INFO - Created new company - ID: 35237, Name: 'SEAGULL MARITIME LTD', Country: 'Kenya'
2025-10-03 04:58:48,234 - INFO - Created new company - ID: 35238, Name: 'SEABULK TRADING LTD', Country: 'Kenya'
2025-10-03 04:58:54,219 - INFO - Created new company - ID: 35239, Name: 'FESTIVAL LTD', Country: 'Kenya'
2025-10-03 05:06:50,140 - INFO - Created new company - ID: 35240, Name: 'AHLIA AG MARINE IV LTD', Country: 'Greece'
2025-10-03 05:06:58,938 - INFO - Created new company - ID: 35241, Name: 'FIRST VOYAGER ENTERPRISES LTD', Country: 'Kuwait'
2025-10-03 05:07:04,675 - INFO - Created new company - ID: 35242, Name: 'AL AHLIA MARINE CO LTD-MAI', Country: 'Kuwait'
2025-10-03 05:08:19,186 - INFO - Created new company - ID: 35243, Name: 'BALTIC ARROW GALLEYWOOD SHPG', Country: 'Estonia'
2025-10-03 05:08:23,599 - INFO - Created new company - ID: 35244, Name: 'BALTIC EXPRESS GALLEYWOOD SHPG', Country: 'Estonia'
2025-10-03 05:08:36,654 - INFO - Created new company - ID: 35245, Name: 'RIX-C SHIPPING LTD', Country: 'Latvia'
2025-10-03 05:08:59,730 - INFO - Created new company - ID: 35246, Name: 'RIX BULK CARRIERS LTD', Country: 'Latvia'
2025-10-03 05:09:04,105 - INFO - Created new company - ID: 35247, Name: 'RIX-E SHIPPING LTD', Country: 'Latvia'
2025-10-03 05:09:21,484 - INFO - Created new company - ID: 35248, Name: 'RIX-SPIRIT SHIPPING LTD', Country: 'Latvia'
2025-10-03 05:09:30,187 - INFO - Created new company - ID: 35249, Name: 'RIX PLATO SHIPPING LDA', Country: 'Latvia'
2025-10-03 05:09:34,620 - INFO - Created new company - ID: 35250, Name: 'RIX-F SHIPPING LTD', Country: 'Latvia'
2025-10-03 05:09:52,346 - INFO - Created new company - ID: 35251, Name: 'RIX-PACIFIC SHIPPING LTD', Country: 'Latvia'
2025-10-03 05:09:56,726 - INFO - Created new company - ID: 35252, Name: 'RIX-RUBY SHIPPING LTD', Country: 'Latvia'
2025-10-03 05:10:01,087 - INFO - Created new company - ID: 35253, Name: 'RIX-A SHIPPING LTD', Country: 'Latvia'
2025-10-03 05:10:05,432 - INFO - Created new company - ID: 35254, Name: 'ELANDRA FJORD PTE LTD', Country: 'Latvia'
2025-10-03 05:10:09,819 - INFO - Created new company - ID: 35255, Name: 'ELANDRA BALTIC PTE LTD', Country: 'Latvia'
2025-10-03 05:10:14,188 - INFO - Created new company - ID: 35256, Name: 'ASPHALT SPIRIT PTE LTD', Country: 'Latvia'
2025-10-03 05:10:18,583 - INFO - Created new company - ID: 35257, Name: 'SEA 95 LEASING CO LTD', Country: 'Latvia'
2025-10-03 05:10:23,000 - INFO - Created new company - ID: 35258, Name: 'OTE S HOLDINGS LTD', Country: 'Latvia'
2025-10-03 05:10:27,367 - INFO - Created new company - ID: 35259, Name: 'ELANDRA GULF PTE LTD', Country: 'Latvia'
2025-10-03 05:10:31,783 - INFO - Created new company - ID: 35260, Name: 'SEA 101 LEASING CO LTD', Country: 'Latvia'
2025-10-03 05:10:36,171 - INFO - Created new company - ID: 35261, Name: 'VIVIT FORNAX PTE LTD', Country: 'Latvia'
2025-10-03 05:10:40,563 - INFO - Created new company - ID: 35262, Name: 'ELANDRA SWALLOW SHIPPING', Country: 'Bermuda'
2025-10-03 05:10:44,949 - INFO - Created new company - ID: 35263, Name: 'ELANDRA TERN PTE LTD', Country: 'Latvia'
2025-10-03 05:10:49,367 - INFO - Created new company - ID: 35264, Name: 'SEA 97 LEASING CO LTD', Country: 'United-kingdom'
2025-10-03 05:10:53,718 - INFO - Created new company - ID: 35265, Name: 'SEA 99 LEASING CO LTD', Country: 'United-kingdom'
2025-10-03 05:10:58,065 - INFO - Created new company - ID: 35266, Name: 'SEA 98 LEASING CO LTD', Country: 'United-kingdom'
2025-10-03 05:11:02,427 - INFO - Created new company - ID: 35267, Name: 'SEA 100 LEASING CO LTD', Country: 'United-kingdom'
2025-10-03 05:11:06,773 - INFO - Created new company - ID: 35268, Name: 'AQUILA MARITIME LTD', Country: 'Greece'
2025-10-03 05:11:15,496 - INFO - Created new company - ID: 35269, Name: 'PATEK SHIPPING LTD-ABB', Country: 'Latvia'
2025-10-03 05:11:19,849 - INFO - Created new company - ID: 35270, Name: 'OPTIMA MARITIME CO LTD', Country: 'Latvia'
2025-10-03 05:11:24,218 - INFO - Created new company - ID: 35271, Name: 'BLUE MARITIME CO LTD', Country: 'Latvia'
2025-10-03 05:11:28,586 - INFO - Created new company - ID: 35272, Name: 'MONTSERRAT SHIPPING CO LTD', Country: 'Latvia'
2025-10-03 05:11:32,699 - INFO - Created new company - ID: 35273, Name: 'TUDOR SHIPPING LTD', Country: 'Antigua-and-barbuda'
2025-10-03 05:11:37,080 - INFO - Created new company - ID: 35274, Name: 'ALTO SHIPPING CO LTD', Country: 'Latvia'
2025-10-03 05:11:41,439 - INFO - Created new company - ID: 35275, Name: 'DORA MARITIME LTD', Country: 'Latvia'
2025-10-03 05:11:45,790 - INFO - Created new company - ID: 35276, Name: 'REBECCA MARITIME LTD', Country: 'Latvia'
2025-10-03 05:11:50,183 - INFO - Created new company - ID: 35277, Name: 'BREMEN MARITIME LTD', Country: 'Latvia'
2025-10-03 05:11:54,595 - INFO - Created new company - ID: 35278, Name: 'AUDEMARS SHIPPING CO LTD', Country: 'Antigua-and-barbuda'
2025-10-03 05:11:58,966 - INFO - Created new company - ID: 35279, Name: 'ATLANTIS MARINE MANAGEMENT SA', Country: 'Panama'
2025-10-03 05:12:04,744 - INFO - Created new company - ID: 35280, Name: 'BALSOLA UAB', Country: 'Lithuania'
2025-10-03 05:12:09,188 - INFO - Created new company - ID: 35281, Name: 'FIRST BROTHER SHIPPING CO LTD', Country: 'Cyprus'
2025-10-03 05:12:09,258 - INFO - Created new company - ID: 35282, Name: 'SEA BROTHERHOOD SHIPPING LTD', Country: 'Cyprus'
2025-10-03 05:12:22,261 - INFO - Created new company - ID: 35283, Name: 'TRANSBAY SHIPPING & TRADING', Country: 'Latvia'
2025-10-03 05:12:26,638 - INFO - Created new company - ID: 35284, Name: 'TRANSUND SHIPPING LTD', Country: 'Latvia'
2025-10-03 05:12:30,985 - INFO - Created new company - ID: 35285, Name: 'TRANSAMERICA SHIPPING LTD', Country: 'Latvia'
2025-10-03 05:12:35,327 - INFO - Created new company - ID: 35286, Name: 'TRANSBALTIC SHIPPING LTD', Country: 'Latvia'
2025-10-03 05:12:39,684 - INFO - Created new company - ID: 35287, Name: 'TRANSASIA SHIPPING LTD', Country: 'Latvia'
2025-10-03 05:12:44,069 - INFO - Created new company - ID: 35288, Name: 'TRANSNORDIC SHIPPING LTD', Country: 'Latvia'
2025-10-03 05:12:48,438 - INFO - Created new company - ID: 35289, Name: 'TRANSEUROPE SHIPPING LTD', Country: 'Latvia'
2025-10-03 05:12:52,809 - INFO - Created new company - ID: 35290, Name: 'SALAR SHIPPING LTD', Country: 'Latvia'
2025-10-03 05:12:57,154 - INFO - Created new company - ID: 35291, Name: 'GT AURIGA SHIPPING CO LTD', Country: 'Latvia'
2025-10-03 05:13:01,522 - INFO - Created new company - ID: 35292, Name: 'GTS FORSETI SHIPPING LTD', Country: 'Latvia'
2025-10-03 05:13:05,887 - INFO - Created new company - ID: 35293, Name: 'GTS DOLFIIN SHIPPING LTD', Country: 'Latvia'
2025-10-03 05:13:10,304 - INFO - Created new company - ID: 35294, Name: 'GTS CETUS LTD', Country: 'Latvia'
2025-10-03 05:13:14,697 - INFO - Created new company - ID: 35295, Name: 'GTS PIKE SHIPPING LTD', Country: 'Antigua-and-barbuda'
2025-10-03 05:13:19,111 - INFO - Created new company - ID: 35296, Name: 'GT VELA SHIPPING CO LTD', Country: 'Antigua-and-barbuda'
2025-10-03 05:13:58,042 - INFO - Created new company - ID: 35297, Name: 'BREEZE NAVIGATION', Country: 'Latvia'
2025-10-03 05:14:02,405 - INFO - Created new company - ID: 35298, Name: 'ACHIMENES MARITIME LTD', Country: 'Latvia'
2025-10-03 05:14:06,830 - INFO - Created new company - ID: 35299, Name: 'MAKEBA LTD', Country: 'Latvia'
2025-10-03 05:14:15,529 - INFO - Created new company - ID: 35300, Name: 'HELGA SHIPPING LTD-ABB', Country: 'Latvia'
2025-10-03 05:14:19,924 - INFO - Created new company - ID: 35301, Name: 'RUBYN SHIPPING LLC', Country: 'Latvia'
2025-10-03 05:14:24,298 - INFO - Created new company - ID: 35302, Name: 'DOLFIJN SHIPPING LTD', Country: 'Latvia'
2025-10-03 05:14:28,675 - INFO - Created new company - ID: 35303, Name: 'ROSEBURG SHIPPING LTD', Country: 'Latvia'
2025-10-03 05:14:33,051 - INFO - Created new company - ID: 35304, Name: 'VALDAY SHIPPING LTD', Country: 'Latvia'
2025-10-03 05:14:54,732 - INFO - Created new company - ID: 35305, Name: 'LION MARINE LTD', Country: 'Latvia'
2025-10-03 05:14:59,096 - INFO - Created new company - ID: 35306, Name: 'LION NAVIGATION LTD', Country: 'Latvia'
2025-10-03 05:15:12,088 - INFO - Created new company - ID: 35307, Name: 'GREEN LINE UAB', Country: 'Latvia'
2025-10-03 05:15:20,819 - INFO - Created new company - ID: 35308, Name: 'BALTIJAS JURAS GEOLOGIJAS', Country: 'Latvia'
2025-10-03 05:15:33,826 - INFO - Created new company - ID: 35309, Name: 'INFORTAR MARINE LTD', Country: 'Latvia'
2025-10-03 05:15:33,896 - INFO - Created new company - ID: 35310, Name: 'ELENGER MARINE SIA', Country: 'Latvia'
2025-10-03 05:15:46,894 - INFO - Created new company - ID: 35311, Name: 'ALPINA VISTA SHIPPING & TRDG', Country: 'Latvia'
2025-10-03 05:15:51,317 - INFO - Created new company - ID: 35312, Name: 'POLAR STAR MARITIME CORP', Country: 'Russia'
2025-10-03 05:15:55,716 - INFO - Created new company - ID: 35313, Name: 'SEA BLOOM SHIPPING & ENT', Country: 'United-arab-emirates'
2025-10-03 05:15:55,787 - INFO - Created new company - ID: 35314, Name: 'ENGINITE SERVICES FZ-LLC', Country: 'United-arab-emirates'
2025-10-03 05:17:01,566 - INFO - Created new company - ID: 35315, Name: 'ADALMUND MARINE LTD', Country: 'Marshall-islands'
2025-10-03 05:17:05,947 - INFO - Created new company - ID: 35316, Name: 'AKAD MARINE SA', Country: 'Belize'
2025-10-03 05:17:10,301 - INFO - Created new company - ID: 35317, Name: 'BLOOMING SHIPHOLDING CO', Country: 'Marshall-islands'
2025-10-03 05:17:14,714 - INFO - Created new company - ID: 35318, Name: 'CHALLENGE SHIPPING LTD', Country: 'Marshall-islands'
2025-10-03 05:17:19,077 - INFO - Created new company - ID: 35319, Name: 'DINA SHIPHOLDING LTD', Country: 'Liberia'
2025-10-03 05:17:23,419 - INFO - Created new company - ID: 35320, Name: 'OLAF MARITIME LTD', Country: 'Lebanon'
2025-10-03 05:17:27,804 - INFO - Created new company - ID: 35321, Name: 'CAIRO SHIPPING CO SA', Country: 'Lebanon'
2025-10-03 05:17:32,188 - INFO - Created new company - ID: 35322, Name: 'JENAN SHIPPING CO SA-HON', Country: 'Lebanon'
2025-10-03 05:17:36,582 - INFO - Created new company - ID: 35323, Name: 'COMPANION MARITIME SA', Country: 'Lebanon'
2025-10-03 05:17:40,927 - INFO - Created new company - ID: 35324, Name: 'GOLDEN ADVENTURE SHIPPING SA', Country: 'United-kingdom'
2025-10-03 05:17:49,632 - INFO - Created new company - ID: 35325, Name: 'ATHENAI SHIPTRADING LTD', Country: 'Lebanon'
2025-10-03 05:17:54,032 - INFO - Created new company - ID: 35326, Name: 'MARITRANS SHIPPING CO', Country: 'Lebanon'
2025-10-03 05:17:58,403 - INFO - Created new company - ID: 35327, Name: 'TAJ MARITIME CO', Country: 'Türkiye'
2025-10-03 05:18:02,778 - INFO - Created new company - ID: 35328, Name: 'MERA SHIPPING LTD', Country: 'Lebanon'
2025-10-03 05:18:07,179 - INFO - Created new company - ID: 35329, Name: 'LARA SHIPPING MARITIME SA-HON', Country: 'Honduras'
2025-10-03 05:18:11,554 - INFO - Created new company - ID: 35330, Name: 'LEVANT SHIPPING LTD-MAI', Country: 'Marshall-islands'
2025-10-03 05:18:15,608 - INFO - Created new company - ID: 35331, Name: 'LUNA MARITIME CO SA', Country: 'Honduras'
2025-10-03 05:18:28,739 - INFO - Created new company - ID: 35332, Name: 'YAMAMA MARITIME SA', Country: 'Lebanon'
2025-10-03 05:18:33,135 - INFO - Created new company - ID: 35333, Name: 'NAJJARDAYA MARITIME SA', Country: 'Honduras'
2025-10-03 05:18:37,509 - INFO - Created new company - ID: 35334, Name: 'AMAL MOON SHIPPING CO SA', Country: 'Belize'
2025-10-03 05:18:41,855 - INFO - Created new company - ID: 35335, Name: 'ARMADA SHIPPING CO SA', Country: 'Belize'
2025-10-03 05:18:50,579 - INFO - Created new company - ID: 35336, Name: 'EAGLE MARITIME & SHIPPING SERV', Country: 'Lebanon'
2025-10-03 05:18:54,961 - INFO - Created new company - ID: 35337, Name: 'SALAM SHIPPING CO LLC', Country: 'Türkiye'
2025-10-03 05:18:59,670 - INFO - Created new company - ID: 35338, Name: 'PROFESSOR SHIPPING CO SA', Country: 'Greece'
2025-10-03 05:19:05,228 - INFO - Created new company - ID: 35339, Name: 'SPRING MARINE LTD', Country: 'Lebanon'
2025-10-03 05:19:09,609 - INFO - Created new company - ID: 35340, Name: 'BR BROTHER MARITIME LTD CORP', Country: 'Lebanon'
2025-10-03 05:19:13,986 - INFO - Created new company - ID: 35341, Name: 'HESEN MOON SHIPPING CO SA', Country: 'Lebanon'
2025-10-03 05:19:18,371 - INFO - Created new company - ID: 35342, Name: 'KMC MARITIME GROUP LTD', Country: 'Türkiye'
2025-10-03 05:19:36,056 - INFO - Created new company - ID: 35343, Name: 'MARCO ONE SHIPPING LTD', Country: 'Lebanon'
2025-10-03 05:19:40,434 - INFO - Created new company - ID: 35344, Name: 'HASAN MARITIME CO SA', Country: 'Lebanon'
2025-10-03 05:19:44,800 - INFO - Created new company - ID: 35345, Name: 'ABK SHIPPING CO', Country: 'Lebanon'
2025-10-03 05:19:49,176 - INFO - Created new company - ID: 35346, Name: 'DEEB BREEZE SHIPPING CO SA', Country: 'Lebanon'
2025-10-03 05:19:53,558 - INFO - Created new company - ID: 35347, Name: 'DAYTONA DYNAMIC LTD', Country: 'Liberia'
2025-10-03 05:19:57,940 - INFO - Created new company - ID: 35348, Name: 'MIR SHIPPING CO LTD', Country: 'Marshall-islands'
2025-10-03 05:20:02,358 - INFO - Created new company - ID: 35349, Name: 'HRAISHIA MARINE CO SA', Country: 'Belize'
2025-10-03 05:20:06,767 - INFO - Created new company - ID: 35350, Name: 'NAJIB AHM', Country: 'None'
2025-10-03 05:20:15,472 - INFO - Created new company - ID: 35351, Name: 'ALOUF MS', Country: 'Lebanon'
2025-10-03 05:20:24,196 - INFO - Created new company - ID: 35352, Name: 'EL REFAIE A', Country: 'Lebanon'
2025-10-03 05:20:28,586 - INFO - Created new company - ID: 35353, Name: 'DARWICH KZ', Country: 'Lebanon'
2025-10-03 05:20:37,360 - INFO - Created new company - ID: 35354, Name: 'AMERAY SHIPPING LTD', Country: 'Lebanon'
2025-10-03 05:20:41,761 - INFO - Created new company - ID: 35355, Name: 'HAPPY FAMILY LTD', Country: 'Cyprus'
2025-10-03 05:20:46,169 - INFO - Created new company - ID: 35356, Name: 'JAN BRO CO LTD', Country: 'Lebanon'
2025-10-03 05:20:50,521 - INFO - Created new company - ID: 35357, Name: 'QUEEN LILA SHIPPING LTD', Country: 'Lebanon'
2025-10-03 05:20:54,892 - INFO - Created new company - ID: 35358, Name: 'JBR QUEEN SHIPPING LTD', Country: 'Lebanon'
2025-10-03 05:20:59,266 - INFO - Created new company - ID: 35359, Name: 'AMARELLA SHIPPING LTD', Country: 'Lebanon'
2025-10-03 05:21:03,672 - INFO - Created new company - ID: 35360, Name: 'CLANSMAN SHIPPING CO LTD', Country: 'Lebanon'
2025-10-03 05:21:08,061 - INFO - Created new company - ID: 35361, Name: 'JUDI MARITIME LTD', Country: 'Liberia'
2025-10-03 05:21:12,454 - INFO - Created new company - ID: 35362, Name: '4BROTHER'S SHIPPING LTD', Country: 'Lebanon'
2025-10-03 05:21:16,890 - INFO - Created new company - ID: 35363, Name: 'SEA MERAY SHIPPING LTD', Country: 'Lebanon'
2025-10-03 05:21:21,286 - INFO - Created new company - ID: 35364, Name: 'ANGELA SHIPPING LTD', Country: 'Lebanon'
2025-10-03 05:21:25,678 - INFO - Created new company - ID: 35365, Name: 'AMAR GLYFADA SHIPPING LTD', Country: 'Lebanon'
2025-10-03 05:21:30,070 - INFO - Created new company - ID: 35366, Name: 'LILA MARITIME LTD', Country: 'Lebanon'
2025-10-03 05:21:34,462 - INFO - Created new company - ID: 35367, Name: 'LAMA SHIPPING LTD', Country: 'Japan'
2025-10-03 05:21:51,471 - INFO - Created new company - ID: 35368, Name: 'MARY MARITIME CO SA', Country: 'Lebanon'
2025-10-03 05:22:04,500 - INFO - Created new company - ID: 35369, Name: 'RASHA MARITIME CO SA', Country: 'Lebanon'
2025-10-03 05:22:08,836 - INFO - Created new company - ID: 35370, Name: 'YAMAMAH FAHL & CO NAV LTD', Country: 'Lebanon'
2025-10-03 05:22:13,219 - INFO - Created new company - ID: 35371, Name: 'ITIDAL MARITIME CO SA', Country: 'Lebanon'
2025-10-03 05:22:17,588 - INFO - Created new company - ID: 35372, Name: 'JNT SHIPPING SA', Country: 'Panama'
2025-10-03 05:22:22,035 - INFO - Created new company - ID: 35373, Name: 'PRO MARINE ENTERPRISES LTD SA', Country: 'Panama'
2025-10-03 05:22:26,403 - INFO - Created new company - ID: 35374, Name: 'RAO MARITIME CO LLC', Country: 'Belize'
2025-10-03 05:22:30,836 - INFO - Created new company - ID: 35375, Name: 'TASHYEED HOLDINGS LTD', Country: 'United-arab-emirates'
2025-10-03 05:22:52,527 - INFO - Created new company - ID: 35376, Name: 'LIVESTOCK EXPRESS CORP', Country: 'Lebanon'
2025-10-03 05:23:05,588 - INFO - Created new company - ID: 35377, Name: 'HALM WMF MARINE LTD', Country: 'Lebanon'
2025-10-03 05:23:14,304 - INFO - Created new company - ID: 35378, Name: 'TRONDES SHIPPING LTD', Country: 'Lebanon'
2025-10-03 05:23:18,661 - INFO - Created new company - ID: 35379, Name: 'SEA BRIDGE SHIPPING LLC', Country: 'Lebanon'
2025-10-03 05:23:23,029 - INFO - Created new company - ID: 35380, Name: 'BLUE HORIZON MARINE LTD', Country: 'United-states'
2025-10-03 05:23:27,434 - INFO - Created new company - ID: 35381, Name: 'MT TEVEL INC', Country: 'United-arab-emirates'
2025-10-03 05:23:31,766 - INFO - Created new company - ID: 35382, Name: 'AL REYADA INC', Country: 'Türkiye'
2025-10-03 05:23:40,487 - INFO - Created new company - ID: 35383, Name: 'MARINE ALIIANZ SHIPPING SAE', Country: 'Egypt'
2025-10-03 05:23:49,188 - INFO - Created new company - ID: 35384, Name: 'BRAVE WARRIOR MARITIME SHPG CO', Country: 'Lebanon'
2025-10-03 05:23:53,578 - INFO - Created new company - ID: 35385, Name: 'BARRY MARITIME SHIPPING CO LTD', Country: 'Lebanon'
2025-10-03 05:23:57,949 - INFO - Created new company - ID: 35386, Name: 'BRAVE COMMANDER MARITIME SHPG', Country: 'Lebanon'
2025-10-03 05:24:02,317 - INFO - Created new company - ID: 35387, Name: 'UNIVERSAL SHIPPING & LOGISTIC', Country: 'Lebanon'
2025-10-03 05:24:08,277 - INFO - Created new company - ID: 35388, Name: 'LEADERS FOR TRADING & MARITIME', Country: 'Lebanon'
2025-10-03 05:24:12,620 - INFO - Created new company - ID: 35389, Name: 'SELF STAR INC', Country: 'Panama'
2025-10-03 05:24:17,012 - INFO - Created new company - ID: 35390, Name: 'A&W SAL OFFSHORE', Country: 'Lebanon'
2025-10-03 05:24:21,389 - INFO - Created new company - ID: 35391, Name: 'CATMINT HOLDING', Country: 'Lebanon'
2025-10-03 05:24:25,786 - INFO - Created new company - ID: 35392, Name: 'BAY MARITIME SA', Country: 'Lebanon'
2025-10-03 05:24:30,161 - INFO - Created new company - ID: 35393, Name: 'AYAMIA MARITIME LLC', Country: 'United-arab-emirates'
2025-10-03 05:24:34,538 - INFO - Created new company - ID: 35394, Name: 'AYAMIA SHIPPING LTD', Country: 'United-arab-emirates'
2025-10-03 05:24:38,940 - INFO - Created new company - ID: 35395, Name: 'JMM GMA SHIPPING LTD', Country: 'Lebanon'
2025-10-03 05:24:44,170 - INFO - Created new company - ID: 35396, Name: 'TINA SHIPPING LTD', Country: 'Lebanon'
2025-10-03 05:24:48,779 - INFO - Created new company - ID: 35397, Name: 'NINO MARINE LTD', Country: 'Lebanon'
2025-10-03 05:24:53,603 - INFO - Created new company - ID: 35398, Name: 'DODI SHIPPING LTD', Country: 'Lebanon'
2025-10-03 05:25:26,941 - INFO - Created new company - ID: 35399, Name: 'ISLAND BAY MARITIME SA', Country: 'Lebanon'
2025-10-03 05:25:31,596 - INFO - Created new company - ID: 35400, Name: 'GOLDEN BAY MARITIME SA', Country: 'Lebanon'
2025-10-03 05:25:36,300 - INFO - Created new company - ID: 35401, Name: 'ORANOUS NAVIGATION CO SA', Country: 'Lebanon'
2025-10-03 05:25:41,004 - INFO - Created new company - ID: 35402, Name: 'ALRAYAN NAVIGATION CO SA', Country: 'Lebanon'
2025-10-03 05:26:13,726 - INFO - Created new company - ID: 35403, Name: 'SHAYAR LTD', Country: 'Lebanon'
2025-10-03 05:26:18,092 - INFO - Created new company - ID: 35404, Name: 'ASTORIA SHIPPING LTD', Country: 'Marshall-islands'
2025-10-03 05:26:22,465 - INFO - Created new company - ID: 35405, Name: 'MANOLO SHIPHOLDING CO', Country: 'Lebanon'
2025-10-03 05:26:31,174 - INFO - Created new company - ID: 35406, Name: 'KHALIFEH LIVESTOCK TRD CO SARL', Country: 'Lebanon'
2025-10-03 05:28:54,672 - INFO - Created new company - ID: 35407, Name: 'LIBYAN PRODUCT CARRIER LTD', Country: 'Libya'
2025-10-03 05:28:59,074 - INFO - Created new company - ID: 35408, Name: 'ZUEITINA TANKER SHIPPING LTD', Country: 'Libya'
2025-10-03 05:29:03,437 - INFO - Created new company - ID: 35409, Name: 'UNITED AFRICA PETROLEUM-MTA', Country: 'Libya'
2025-10-03 05:29:07,784 - INFO - Created new company - ID: 35410, Name: 'ALJALAA SHIPPING CO LTD', Country: 'Libya'
2025-10-03 05:29:12,177 - INFO - Created new company - ID: 35411, Name: 'ALQADISIA SHIPPING CO LTD', Country: 'Libya'
2025-10-03 05:29:16,546 - INFO - Created new company - ID: 35412, Name: 'LIBYAN NAVIGATOR LTD', Country: 'Libya'
2025-10-03 05:29:20,940 - INFO - Created new company - ID: 35413, Name: 'LIBYAN MEDIUM RANGE LTD', Country: 'Libya'
2025-10-03 05:29:25,321 - INFO - Created new company - ID: 35414, Name: 'GREEN MEDIUM RANGE LTD', Country: 'Libya'
2025-10-03 05:29:29,741 - INFO - Created new company - ID: 35415, Name: 'GOLDEN DRY BULK CO LTD', Country: 'Libya'
2025-10-03 05:29:34,135 - INFO - Created new company - ID: 35416, Name: 'SILVER DRY BULK CO LTD', Country: 'Libya'
2025-10-03 05:29:38,507 - INFO - Created new company - ID: 35417, Name: 'LIBYAN OIL CARRIER LTD', Country: 'Libya'
2025-10-03 05:29:42,878 - INFO - Created new company - ID: 35418, Name: 'LIBYAN MARITIME CARRIER LTD', Country: 'Libya'
2025-10-03 05:29:47,221 - INFO - Created new company - ID: 35419, Name: 'LIBYAN CRUDE CARRIER LTD', Country: 'United-kingdom'
2025-10-03 05:31:15,186 - INFO - Created new company - ID: 35420, Name: 'DELPHINUS CHARTERING LTD', Country: 'Antigua-and-barbuda'
2025-10-03 05:32:03,225 - INFO - Created new company - ID: 35421, Name: 'VICTORIA SHIPPING UAB', Country: 'Lithuania'
2025-10-03 05:32:55,710 - INFO - Created new company - ID: 35422, Name: 'GRIFIN SRL', Country: 'Lithuania'
2025-10-03 05:33:34,748 - INFO - Created new company - ID: 35423, Name: 'MARKOLIO SHIPPING CO LTD', Country: 'Lithuania'
2025-10-03 05:33:39,130 - INFO - Created new company - ID: 35424, Name: 'LUTENO SHIPPING CO LTD', Country: 'Lithuania'
2025-10-03 05:33:43,501 - INFO - Created new company - ID: 35425, Name: 'AURORA SHIPPING JSC', Country: 'Lithuania'
2025-10-03 05:33:47,905 - INFO - Created new company - ID: 35426, Name: 'LYDIA NAVIGATION CO LTD', Country: 'Lithuania'
2025-10-03 05:33:52,538 - INFO - Created new company - ID: 35427, Name: 'AMIKO MARITIME CO LTD', Country: 'Lithuania'
2025-10-03 05:33:56,940 - INFO - Created new company - ID: 35428, Name: 'SWANBRIDGE SHIPMANAGEMENT LTD', Country: 'Lithuania'
2025-10-03 05:34:01,317 - INFO - Created new company - ID: 35429, Name: 'LUPTARIA SHIPPING CO LTD', Country: 'Lithuania'
2025-10-03 05:35:01,708 - INFO - Created new company - ID: 35430, Name: 'SW ASIA LTD', Country: 'Malaysia'
2025-10-03 05:35:06,094 - INFO - Created new company - ID: 35431, Name: 'ROPSHA TRADE LTD', Country: 'Lithuania'
2025-10-03 05:35:10,477 - INFO - Created new company - ID: 35432, Name: 'SKARI SHIPPING LTD', Country: 'Lithuania'
2025-10-03 05:35:48,612 - INFO - Created new company - ID: 35433, Name: 'SOLE SEAS CORP', Country: 'Netherlands'
2025-10-03 05:35:53,465 - INFO - Created new company - ID: 35434, Name: 'SELINIA CORP', Country: 'Netherlands'
2025-10-03 05:35:58,376 - INFO - Created new company - ID: 35435, Name: 'MARENGA HOLDINGS CORP', Country: 'Lithuania'
2025-10-03 05:37:32,743 - INFO - Created new company - ID: 35436, Name: 'MAGALHAES SA', Country: 'Luxembourg'
2025-10-03 14:33:10,963 - INFO - Created new company - ID: 35437, Name: 'NODO SOLUTIONS LTD', Country: 'Luxembourg'
2025-10-03 14:34:52,446 - INFO - Created new company - ID: 35438, Name: 'SOCIETE FINANCIERE DBG', Country: 'Luxembourg'
2025-10-03 14:35:37,435 - INFO - Created new company - ID: 35439, Name: 'JELLYFISH CHARTERS LTD', Country: 'Isle-of-man'
2025-10-03 14:35:41,936 - INFO - Created new company - ID: 35440, Name: 'MJM LTD', Country: 'Luxembourg'
2025-10-03 14:35:46,495 - INFO - Created new company - ID: 35441, Name: 'SEA WAVES SA', Country: 'Luxembourg'
2025-10-03 14:35:50,989 - INFO - Created new company - ID: 35442, Name: 'BEECH PARK SARL', Country: 'Malta'
2025-10-03 14:35:55,471 - INFO - Created new company - ID: 35443, Name: 'LMS MONACO SARL', Country: 'Monaco'
2025-10-03 14:36:14,596 - INFO - Created new company - ID: 35444, Name: 'DEME OFFSHORE EQUIPMENT NV', Country: 'Luxembourg'
2025-10-03 14:36:19,019 - INFO - Created new company - ID: 35445, Name: 'MEUSE RIVER SHIPPING SA', Country: 'Belgium'
2025-10-03 14:36:23,526 - INFO - Created new company - ID: 35446, Name: 'YELLOWSTONE SHIPPING SA', Country: 'Luxembourg'
2025-10-03 14:36:54,466 - INFO - Created new company - ID: 35447, Name: 'CSL SA', Country: 'None'
2025-10-03 14:36:58,919 - INFO - Created new company - ID: 35448, Name: 'PRETTE P', Country: 'Luxembourg'
2025-10-03 14:37:05,564 - INFO - Created new company - ID: 35449, Name: 'NAVIMAR SERVICES SA', Country: 'Luxembourg'
2025-10-03 14:37:10,085 - INFO - Created new company - ID: 35450, Name: 'CASAQUE LTD', Country: 'Luxembourg'
2025-10-03 14:37:14,600 - INFO - Created new company - ID: 35451, Name: 'CORTO 1887 SA', Country: 'Luxembourg'
2025-10-03 14:37:19,067 - INFO - Created new company - ID: 35452, Name: 'GROUPE PHILIPPE GINESTET SAS', Country: 'Luxembourg'
2025-10-03 14:37:23,555 - INFO - Created new company - ID: 35453, Name: 'LEI MAO SNC', Country: 'France'
2025-10-03 14:37:40,949 - INFO - Created new company - ID: 35454, Name: 'MOONLIGHT SHIPPING LTD', Country: 'Luxembourg'
2025-10-03 14:37:46,546 - INFO - Created new company - ID: 35455, Name: 'RUSADVENTURE LTD', Country: 'Luxembourg'
2025-10-03 14:37:51,071 - INFO - Created new company - ID: 35456, Name: 'CLASSIS SA-LUX', Country: 'Luxembourg'
2025-10-03 14:37:55,287 - INFO - Created new company - ID: 35457, Name: 'OPTIMUM MANAGEMENT SARL', Country: 'Luxembourg'
2025-10-03 14:38:08,689 - INFO - Created new company - ID: 35458, Name: 'DEME OFFSHORE HOLDING NV', Country: 'Belgium'
2025-10-03 14:38:13,130 - INFO - Created new company - ID: 35459, Name: 'APOLLO SHIPPING SA', Country: 'Luxembourg'
2025-10-03 14:38:39,884 - INFO - Created new company - ID: 35460, Name: 'CLDN MALTA LTD', Country: 'Malta'
