2025-09-23 00:36:58,740 - INFO - FAILED - Reason: URL_REDIRECT | Company ID: 10057 | Company Name: RANMARINE DENIZCILIK | Expected URL: https://magicport.ai/owners-managers/t%C3%BCrkiye/ranmarine-denizcilik | Redirected to: https://magicport.ai/owners-managers/t%c3%bcrkiye/ranmarine-denizcilik
2025-09-23 00:36:58,766 - INFO - FAILED - Reason: UNEXPECTED_ERROR: cannot unpack non-iterable bool object | Company ID: 10057 | Company Name: RANMARINE DENIZCILIK | Expected URL: https://magicport.ai/owners-managers/t%C3%BCrkiye/ranmarine-denizcilik
2025-09-23 00:37:14,264 - INFO - FAILED - Reason: URL_REDIRECT | Company ID: 10058 | Company Name: ERAS TASIMACILIK TAAHHUT | Expected URL: https://magicport.ai/owners-managers/t%C3%BCrkiye/eras-tasimacilik-taahhut | Redirected to: https://magicport.ai/owners-managers/t%c3%bcrkiye/eras-tasimacilik-taahhut
2025-09-23 00:37:14,310 - INFO - FAILED - Reason: UNEXPECTED_ERROR: cannot unpack non-iterable bool object | Company ID: 10058 | Company Name: ERAS TASIMACILIK TAAHHUT | Expected URL: https://magicport.ai/owners-managers/t%C3%BCrkiye/eras-tasimacilik-taahhut
2025-09-23 00:37:30,096 - INFO - FAILED - Reason: URL_REDIRECT | Company ID: 10059 | Company Name: IZMIR DENIZ ISLETMECILIGI AS | Expected URL: https://magicport.ai/owners-managers/t%C3%BCrkiye/izmir-deniz-isletmeciligi-as | Redirected to: https://magicport.ai/owners-managers/t%c3%bcrkiye/izmir-deniz-isletmeciligi-as
2025-09-23 00:37:30,141 - INFO - FAILED - Reason: UNEXPECTED_ERROR: cannot unpack non-iterable bool object | Company ID: 10059 | Company Name: IZMIR DENIZ ISLETMECILIGI AS | Expected URL: https://magicport.ai/owners-managers/t%C3%BCrkiye/izmir-deniz-isletmeciligi-as
2025-09-23 00:37:45,428 - INFO - FAILED - Reason: URL_REDIRECT | Company ID: 10060 | Company Name: TURKON KONTEYNER TASIMACILIK | Expected URL: https://magicport.ai/owners-managers/t%C3%BCrkiye/turkon-konteyner-tasimacilik | Redirected to: https://magicport.ai/owners-managers/t%c3%bcrkiye/turkon-konteyner-tasimacilik
2025-09-23 00:37:45,466 - INFO - FAILED - Reason: UNEXPECTED_ERROR: cannot unpack non-iterable bool object | Company ID: 10060 | Company Name: TURKON KONTEYNER TASIMACILIK | Expected URL: https://magicport.ai/owners-managers/t%C3%BCrkiye/turkon-konteyner-tasimacilik
2025-09-23 00:38:00,403 - INFO - FAILED - Reason: URL_REDIRECT | Company ID: 10061 | Company Name: ORBITAL SHIP MANAGEMENT CO | Expected URL: https://magicport.ai/owners-managers/t%C3%BCrkiye/orbital-ship-management-co | Redirected to: https://magicport.ai/owners-managers/t%c3%bcrkiye/orbital-ship-management-co
2025-09-23 00:38:00,440 - INFO - FAILED - Reason: UNEXPECTED_ERROR: cannot unpack non-iterable bool object | Company ID: 10061 | Company Name: ORBITAL SHIP MANAGEMENT CO | Expected URL: https://magicport.ai/owners-managers/t%C3%BCrkiye/orbital-ship-management-co
2025-09-23 00:38:17,915 - INFO - FAILED - Reason: URL_REDIRECT | Company ID: 10062 | Company Name: AKMAR SHIPPING & TRADING SA | Expected URL: https://magicport.ai/owners-managers/t%C3%BCrkiye/akmar-shipping-trading-sa | Redirected to: https://magicport.ai/owners-managers/t%c3%bcrkiye/akmar-shipping-trading-sa
2025-09-23 00:38:17,950 - INFO - FAILED - Reason: UNEXPECTED_ERROR: cannot unpack non-iterable bool object | Company ID: 10062 | Company Name: AKMAR SHIPPING & TRADING SA | Expected URL: https://magicport.ai/owners-managers/t%C3%BCrkiye/akmar-shipping-trading-sa
2025-09-23 00:38:34,986 - INFO - FAILED - Reason: URL_REDIRECT | Company ID: 10063 | Company Name: GARANTI FINANSAL KIRALAMA AS | Expected URL: https://magicport.ai/owners-managers/t%C3%BCrkiye/garanti-finansal-kiralama-as | Redirected to: https://magicport.ai/owners-managers/t%c3%bcrkiye/garanti-finansal-kiralama-as
2025-09-23 00:38:35,025 - INFO - FAILED - Reason: UNEXPECTED_ERROR: cannot unpack non-iterable bool object | Company ID: 10063 | Company Name: GARANTI FINANSAL KIRALAMA AS | Expected URL: https://magicport.ai/owners-managers/t%C3%BCrkiye/garanti-finansal-kiralama-as
2025-09-23 00:38:53,143 - INFO - FAILED - Reason: URL_REDIRECT | Company ID: 10064 | Company Name: SONAR SHIPPING & MANAGEMENT | Expected URL: https://magicport.ai/owners-managers/t%C3%BCrkiye/sonar-shipping-management | Redirected to: https://magicport.ai/owners-managers/t%c3%bcrkiye/sonar-shipping-management
2025-09-23 00:38:53,183 - INFO - FAILED - Reason: UNEXPECTED_ERROR: cannot unpack non-iterable bool object | Company ID: 10064 | Company Name: SONAR SHIPPING & MANAGEMENT | Expected URL: https://magicport.ai/owners-managers/t%C3%BCrkiye/sonar-shipping-management
2025-09-23 00:39:09,407 - INFO - FAILED - Reason: URL_REDIRECT | Company ID: 10065 | Company Name: SEA PIONEER DENIZCILIK | Expected URL: https://magicport.ai/owners-managers/t%C3%BCrkiye/sea-pioneer-denizcilik | Redirected to: https://magicport.ai/owners-managers/t%c3%bcrkiye/sea-pioneer-denizcilik
2025-09-23 00:39:09,448 - INFO - FAILED - Reason: UNEXPECTED_ERROR: cannot unpack non-iterable bool object | Company ID: 10065 | Company Name: SEA PIONEER DENIZCILIK | Expected URL: https://magicport.ai/owners-managers/t%C3%BCrkiye/sea-pioneer-denizcilik
2025-09-23 00:39:54,022 - INFO - FAILED - Reason: URL_REDIRECT | Company ID: 10066 | Company Name: AKMAR SHIPPING & TRADING SA | Expected URL: https://magicport.ai/owners-managers/t%C3%BCrkiye/akmar-shipping-trading-sa | Redirected to: https://magicport.ai/owners-managers/t%c3%bcrkiye/akmar-shipping-trading-sa
2025-09-23 00:39:54,060 - INFO - FAILED - Reason: UNEXPECTED_ERROR: cannot unpack non-iterable bool object | Company ID: 10066 | Company Name: AKMAR SHIPPING & TRADING SA | Expected URL: https://magicport.ai/owners-managers/t%C3%BCrkiye/akmar-shipping-trading-sa
2025-09-23 00:40:41,739 - INFO - FAILED - Reason: URL_REDIRECT | Company ID: 10067 | Company Name: DIABCO MANAGEMENT LTD | Expected URL: https://magicport.ai/owners-managers/t%C3%BCrkiye/diabco-management-ltd | Redirected to: https://magicport.ai/owners-managers/t%c3%bcrkiye/diabco-management-ltd
2025-09-23 00:40:41,776 - INFO - FAILED - Reason: UNEXPECTED_ERROR: cannot unpack non-iterable bool object | Company ID: 10067 | Company Name: DIABCO MANAGEMENT LTD | Expected URL: https://magicport.ai/owners-managers/t%C3%BCrkiye/diabco-management-ltd
2025-09-23 00:41:26,016 - INFO - FAILED - Reason: URL_REDIRECT | Company ID: 10068 | Company Name: SONAR SHIPPING & MANAGEMENT | Expected URL: https://magicport.ai/owners-managers/t%C3%BCrkiye/sonar-shipping-management | Redirected to: https://magicport.ai/owners-managers/t%c3%bcrkiye/sonar-shipping-management
2025-09-23 00:41:26,052 - INFO - FAILED - Reason: UNEXPECTED_ERROR: cannot unpack non-iterable bool object | Company ID: 10068 | Company Name: SONAR SHIPPING & MANAGEMENT | Expected URL: https://magicport.ai/owners-managers/t%C3%BCrkiye/sonar-shipping-management
2025-09-23 00:41:41,636 - INFO - FAILED - Reason: URL_REDIRECT | Company ID: 10069 | Company Name: ISTANBUL BUYUKSEHIR BELEDIYE | Expected URL: https://magicport.ai/owners-managers/t%C3%BCrkiye/istanbul-buyuksehir-belediye | Redirected to: https://magicport.ai/owners-managers/t%c3%bcrkiye/istanbul-buyuksehir-belediye
2025-09-23 00:41:41,677 - INFO - FAILED - Reason: UNEXPECTED_ERROR: cannot unpack non-iterable bool object | Company ID: 10069 | Company Name: ISTANBUL BUYUKSEHIR BELEDIYE | Expected URL: https://magicport.ai/owners-managers/t%C3%BCrkiye/istanbul-buyuksehir-belediye
2025-09-23 00:41:56,884 - INFO - FAILED - Reason: URL_REDIRECT | Company ID: 10070 | Company Name: RANMARINE DENIZCILIK | Expected URL: https://magicport.ai/owners-managers/t%C3%BCrkiye/ranmarine-denizcilik | Redirected to: https://magicport.ai/owners-managers/t%c3%bcrkiye/ranmarine-denizcilik
2025-09-23 00:41:56,921 - INFO - FAILED - Reason: UNEXPECTED_ERROR: cannot unpack non-iterable bool object | Company ID: 10070 | Company Name: RANMARINE DENIZCILIK | Expected URL: https://magicport.ai/owners-managers/t%C3%BCrkiye/ranmarine-denizcilik
2025-09-23 00:42:12,257 - INFO - FAILED - Reason: URL_REDIRECT | Company ID: 10071 | Company Name: IZMIR DENIZ ISLETMECILIGI AS | Expected URL: https://magicport.ai/owners-managers/t%C3%BCrkiye/izmir-deniz-isletmeciligi-as | Redirected to: https://magicport.ai/owners-managers/t%c3%bcrkiye/izmir-deniz-isletmeciligi-as
2025-09-23 00:42:12,299 - INFO - FAILED - Reason: UNEXPECTED_ERROR: cannot unpack non-iterable bool object | Company ID: 10071 | Company Name: IZMIR DENIZ ISLETMECILIGI AS | Expected URL: https://magicport.ai/owners-managers/t%C3%BCrkiye/izmir-deniz-isletmeciligi-as
2025-09-23 00:42:35,216 - INFO - FAILED - Reason: URL_REDIRECT | Company ID: 10072 | Company Name: TURKON KONTEYNER TASIMACILIK | Expected URL: https://magicport.ai/owners-managers/t%C3%BCrkiye/turkon-konteyner-tasimacilik | Redirected to: https://magicport.ai/owners-managers/t%c3%bcrkiye/turkon-konteyner-tasimacilik
2025-09-23 00:42:35,254 - INFO - FAILED - Reason: UNEXPECTED_ERROR: cannot unpack non-iterable bool object | Company ID: 10072 | Company Name: TURKON KONTEYNER TASIMACILIK | Expected URL: https://magicport.ai/owners-managers/t%C3%BCrkiye/turkon-konteyner-tasimacilik
2025-09-23 00:42:49,343 - INFO - FAILED - Reason: URL_REDIRECT | Company ID: 10073 | Company Name: ORBITAL SHIP MANAGEMENT CO | Expected URL: https://magicport.ai/owners-managers/t%C3%BCrkiye/orbital-ship-management-co | Redirected to: https://magicport.ai/owners-managers/t%c3%bcrkiye/orbital-ship-management-co
2025-09-23 00:42:49,380 - INFO - FAILED - Reason: UNEXPECTED_ERROR: cannot unpack non-iterable bool object | Company ID: 10073 | Company Name: ORBITAL SHIP MANAGEMENT CO | Expected URL: https://magicport.ai/owners-managers/t%C3%BCrkiye/orbital-ship-management-co
2025-09-23 00:43:04,000 - INFO - FAILED - Reason: URL_REDIRECT | Company ID: 10074 | Company Name: OPTIMAL DENIZCILIK TASIMACILIK | Expected URL: https://magicport.ai/owners-managers/t%C3%BCrkiye/optimal-denizcilik-tasimacilik | Redirected to: https://magicport.ai/owners-managers/t%c3%bcrkiye/optimal-denizcilik-tasimacilik
2025-09-23 00:43:04,039 - INFO - FAILED - Reason: UNEXPECTED_ERROR: cannot unpack non-iterable bool object | Company ID: 10074 | Company Name: OPTIMAL DENIZCILIK TASIMACILIK | Expected URL: https://magicport.ai/owners-managers/t%C3%BCrkiye/optimal-denizcilik-tasimacilik
2025-09-23 00:43:14,048 - INFO - FAILED - Reason: URL_REDIRECT | Company ID: 10075 | Company Name: VOLARIS SHIPPING CO LTD | Expected URL: https://magicport.ai/owners-managers/t%C3%BCrkiye/volaris-shipping-co-ltd | Redirected to: https://magicport.ai/owners-managers
2025-09-23 00:43:14,084 - INFO - FAILED - Reason: UNEXPECTED_ERROR: cannot unpack non-iterable bool object | Company ID: 10075 | Company Name: VOLARIS SHIPPING CO LTD | Expected URL: https://magicport.ai/owners-managers/t%C3%BCrkiye/volaris-shipping-co-ltd
2025-09-23 05:09:54,240 - INFO - FAILED - Reason: URL_REDIRECT | Company ID: 11137 | Company Name: MOL GLOBAL SHIP MANAGEMENT PTE | Expected URL: https://magicport.ai/owners-managers/united-kingdom/mol-global-ship-management-pte | Redirected to: https://magicport.ai/owners-managers
2025-09-23 05:09:54,292 - INFO - FAILED - Reason: UNEXPECTED_ERROR: cannot unpack non-iterable bool object | Company ID: 11137 | Company Name: MOL GLOBAL SHIP MANAGEMENT PTE | Expected URL: https://magicport.ai/owners-managers/united-kingdom/mol-global-ship-management-pte
