2025-09-22 17:53:10,100 - INFO - FAILED - Reason: URL_REDIRECT | Company ID: 9252 | Company Name: NAVIERA MURUETA SA | Expected URL: https://magicport.ai/owners-managers/spain/naviera-murueta-sa | Redirected to: https://magicport.ai/owners-managers
2025-09-22 17:53:10,141 - INFO - FAILED - Reason: UNEXPECTED_ERROR: cannot unpack non-iterable bool object | Company ID: 9252 | Company Name: NAVIERA MURUETA SA | Expected URL: https://magicport.ai/owners-managers/spain/naviera-murueta-sa
2025-09-22 20:00:18,621 - INFO - FAILED - Reason: URL_REDIRECT | Company ID: 9524 | Company Name: CLINTON MARINE SURVEY AB | Expected URL: https://magicport.ai/owners-managers/sweden/clinton-marine-survey-ab | Redirected to: https://magicport.ai/owners-managers
2025-09-22 20:00:18,662 - INFO - FAILED - Reason: UNEXPECTED_ERROR: cannot unpack non-iterable bool object | Company ID: 9524 | Company Name: CLINTON MARINE SURVEY AB | Expected URL: https://magicport.ai/owners-managers/sweden/clinton-marine-survey-ab
2025-09-22 20:27:58,324 - INFO - FAILED - Reason: URL_REDIRECT | Company ID: 9581 | Company Name: MED TANKERS SARL | Expected URL: https://magicport.ai/owners-managers/switzerland/med-tankers-sarl | Redirected to: https://magicport.ai/owners-managers
2025-09-22 20:27:58,359 - INFO - FAILED - Reason: UNEXPECTED_ERROR: cannot unpack non-iterable bool object | Company ID: 9581 | Company Name: MED TANKERS SARL | Expected URL: https://magicport.ai/owners-managers/switzerland/med-tankers-sarl
2025-09-22 20:29:22,499 - INFO - FAILED - Reason: URL_REDIRECT | Company ID: 9584 | Company Name: MED TANKERS SARL | Expected URL: https://magicport.ai/owners-managers/switzerland/med-tankers-sarl | Redirected to: https://magicport.ai/owners-managers
2025-09-22 20:29:22,536 - INFO - FAILED - Reason: UNEXPECTED_ERROR: cannot unpack non-iterable bool object | Company ID: 9584 | Company Name: MED TANKERS SARL | Expected URL: https://magicport.ai/owners-managers/switzerland/med-tankers-sarl
2025-09-22 23:08:52,523 - INFO - FAILED - Reason: URL_REDIRECT | Company ID: 9896 | Company Name: AZERBAIJAN CASPIAN SHIPPING | Expected URL: https://magicport.ai/owners-managers/t%C3%BCrkiye/azerbaijan-caspian-shipping | Redirected to: https://magicport.ai/owners-managers/t%c3%bcrkiye/azerbaijan-caspian-shipping
2025-09-22 23:08:52,560 - INFO - FAILED - Reason: UNEXPECTED_ERROR: cannot unpack non-iterable bool object | Company ID: 9896 | Company Name: AZERBAIJAN CASPIAN SHIPPING | Expected URL: https://magicport.ai/owners-managers/t%C3%BCrkiye/azerbaijan-caspian-shipping
2025-09-22 23:09:37,385 - INFO - FAILED - Reason: URL_REDIRECT | Company ID: 9897 | Company Name: ARKAS DENIZCILIK VE NAKLIYAT | Expected URL: https://magicport.ai/owners-managers/t%C3%BCrkiye/arkas-denizcilik-ve-nakliyat | Redirected to: https://magicport.ai/owners-managers/t%c3%bcrkiye/arkas-denizcilik-ve-nakliyat
2025-09-22 23:09:37,424 - INFO - FAILED - Reason: UNEXPECTED_ERROR: cannot unpack non-iterable bool object | Company ID: 9897 | Company Name: ARKAS DENIZCILIK VE NAKLIYAT | Expected URL: https://magicport.ai/owners-managers/t%C3%BCrkiye/arkas-denizcilik-ve-nakliyat
2025-09-22 23:09:52,859 - INFO - FAILED - Reason: URL_REDIRECT | Company ID: 9898 | Company Name: YA-SA GEMI ISLETMECILIGI | Expected URL: https://magicport.ai/owners-managers/t%C3%BCrkiye/ya-sa-gemi-isletmeciligi | Redirected to: https://magicport.ai/owners-managers/t%c3%bcrkiye/ya-sa-gemi-isletmeciligi
2025-09-22 23:09:52,897 - INFO - FAILED - Reason: UNEXPECTED_ERROR: cannot unpack non-iterable bool object | Company ID: 9898 | Company Name: YA-SA GEMI ISLETMECILIGI | Expected URL: https://magicport.ai/owners-managers/t%C3%BCrkiye/ya-sa-gemi-isletmeciligi
2025-09-22 23:10:10,330 - INFO - FAILED - Reason: URL_REDIRECT | Company ID: 9899 | Company Name: CINER SHIP MANAGEMENT | Expected URL: https://magicport.ai/owners-managers/t%C3%BCrkiye/ciner-ship-management | Redirected to: https://magicport.ai/owners-managers/t%c3%bcrkiye/ciner-ship-management
2025-09-22 23:10:10,363 - INFO - FAILED - Reason: UNEXPECTED_ERROR: cannot unpack non-iterable bool object | Company ID: 9899 | Company Name: CINER SHIP MANAGEMENT | Expected URL: https://magicport.ai/owners-managers/t%C3%BCrkiye/ciner-ship-management
2025-09-22 23:10:55,210 - INFO - FAILED - Reason: URL_REDIRECT | Company ID: 9900 | Company Name: KARMARINE KARADENIZ DENIZCILIK | Expected URL: https://magicport.ai/owners-managers/t%C3%BCrkiye/karmarine-karadeniz-denizcilik | Redirected to: https://magicport.ai/owners-managers/t%c3%bcrkiye/karmarine-karadeniz-denizcilik
2025-09-22 23:10:55,246 - INFO - FAILED - Reason: UNEXPECTED_ERROR: cannot unpack non-iterable bool object | Company ID: 9900 | Company Name: KARMARINE KARADENIZ DENIZCILIK | Expected URL: https://magicport.ai/owners-managers/t%C3%BCrkiye/karmarine-karadeniz-denizcilik
2025-09-22 23:11:15,643 - INFO - FAILED - Reason: URL_REDIRECT | Company ID: 9901 | Company Name: GENEL DENIZCILIK NAKLIYATI AS | Expected URL: https://magicport.ai/owners-managers/t%C3%BCrkiye/genel-denizcilik-nakliyati-as | Redirected to: https://magicport.ai/owners-managers/t%c3%bcrkiye/genel-denizcilik-nakliyati-as
2025-09-22 23:11:15,684 - INFO - FAILED - Reason: UNEXPECTED_ERROR: cannot unpack non-iterable bool object | Company ID: 9901 | Company Name: GENEL DENIZCILIK NAKLIYATI AS | Expected URL: https://magicport.ai/owners-managers/t%C3%BCrkiye/genel-denizcilik-nakliyati-as
2025-09-22 23:11:32,355 - INFO - FAILED - Reason: URL_REDIRECT | Company ID: 9902 | Company Name: TURKEY GOVT KIYI EMNIYETI | Expected URL: https://magicport.ai/owners-managers/t%C3%BCrkiye/turkey-govt-kiyi-emniyeti | Redirected to: https://magicport.ai/owners-managers/t%c3%bcrkiye/turkey-govt-kiyi-emniyeti
2025-09-22 23:11:32,388 - INFO - FAILED - Reason: UNEXPECTED_ERROR: cannot unpack non-iterable bool object | Company ID: 9902 | Company Name: TURKEY GOVT KIYI EMNIYETI | Expected URL: https://magicport.ai/owners-managers/t%C3%BCrkiye/turkey-govt-kiyi-emniyeti
2025-09-22 23:11:48,622 - INFO - FAILED - Reason: URL_REDIRECT | Company ID: 9903 | Company Name: BESIKTAS LIKID TASIMACILIK | Expected URL: https://magicport.ai/owners-managers/t%C3%BCrkiye/besiktas-likid-tasimacilik | Redirected to: https://magicport.ai/owners-managers/t%c3%bcrkiye/besiktas-likid-tasimacilik
2025-09-22 23:11:48,657 - INFO - FAILED - Reason: UNEXPECTED_ERROR: cannot unpack non-iterable bool object | Company ID: 9903 | Company Name: BESIKTAS LIKID TASIMACILIK | Expected URL: https://magicport.ai/owners-managers/t%C3%BCrkiye/besiktas-likid-tasimacilik
2025-09-22 23:12:03,779 - INFO - FAILED - Reason: URL_REDIRECT | Company ID: 9904 | Company Name: SANMAR DENIZCILIK MAKINA | Expected URL: https://magicport.ai/owners-managers/t%C3%BCrkiye/sanmar-denizcilik-makina | Redirected to: https://magicport.ai/owners-managers/t%c3%bcrkiye/sanmar-denizcilik-makina
2025-09-22 23:12:03,817 - INFO - FAILED - Reason: UNEXPECTED_ERROR: cannot unpack non-iterable bool object | Company ID: 9904 | Company Name: SANMAR DENIZCILIK MAKINA | Expected URL: https://magicport.ai/owners-managers/t%C3%BCrkiye/sanmar-denizcilik-makina
2025-09-22 23:12:22,020 - INFO - FAILED - Reason: URL_REDIRECT | Company ID: 9905 | Company Name: SARFO DENIZCILIK VE TICARET AS | Expected URL: https://magicport.ai/owners-managers/t%C3%BCrkiye/sarfo-denizcilik-ve-ticaret-as | Redirected to: https://magicport.ai/owners-managers/t%c3%bcrkiye/sarfo-denizcilik-ve-ticaret-as
2025-09-22 23:12:22,057 - INFO - FAILED - Reason: UNEXPECTED_ERROR: cannot unpack non-iterable bool object | Company ID: 9905 | Company Name: SARFO DENIZCILIK VE TICARET AS | Expected URL: https://magicport.ai/owners-managers/t%C3%BCrkiye/sarfo-denizcilik-ve-ticaret-as
2025-09-22 23:12:43,506 - INFO - FAILED - Reason: URL_REDIRECT | Company ID: 9906 | Company Name: OPTIMUM SHIP SERVICES LTD | Expected URL: https://magicport.ai/owners-managers/t%C3%BCrkiye/optimum-ship-services-ltd | Redirected to: https://magicport.ai/owners-managers/t%c3%bcrkiye/optimum-ship-services-ltd
2025-09-22 23:12:43,546 - INFO - FAILED - Reason: UNEXPECTED_ERROR: cannot unpack non-iterable bool object | Company ID: 9906 | Company Name: OPTIMUM SHIP SERVICES LTD | Expected URL: https://magicport.ai/owners-managers/t%C3%BCrkiye/optimum-ship-services-ltd
2025-09-22 23:12:58,512 - INFO - FAILED - Reason: URL_REDIRECT | Company ID: 9907 | Company Name: RIVERWIND TRADE LTD | Expected URL: https://magicport.ai/owners-managers/t%C3%BCrkiye/riverwind-trade-ltd | Redirected to: https://magicport.ai/owners-managers/t%c3%bcrkiye/riverwind-trade-ltd
2025-09-22 23:12:58,553 - INFO - FAILED - Reason: UNEXPECTED_ERROR: cannot unpack non-iterable bool object | Company ID: 9907 | Company Name: RIVERWIND TRADE LTD | Expected URL: https://magicport.ai/owners-managers/t%C3%BCrkiye/riverwind-trade-ltd
2025-09-22 23:13:14,012 - INFO - FAILED - Reason: URL_REDIRECT | Company ID: 9908 | Company Name: DITAS DENIZ ISLETMECILIGI | Expected URL: https://magicport.ai/owners-managers/t%C3%BCrkiye/ditas-deniz-isletmeciligi | Redirected to: https://magicport.ai/owners-managers/t%c3%bcrkiye/ditas-deniz-isletmeciligi
2025-09-22 23:13:14,051 - INFO - FAILED - Reason: UNEXPECTED_ERROR: cannot unpack non-iterable bool object | Company ID: 9908 | Company Name: DITAS DENIZ ISLETMECILIGI | Expected URL: https://magicport.ai/owners-managers/t%C3%BCrkiye/ditas-deniz-isletmeciligi
2025-09-22 23:13:28,431 - INFO - FAILED - Reason: URL_REDIRECT | Company ID: 9909 | Company Name: SPRING MARINE DENIZCILIK | Expected URL: https://magicport.ai/owners-managers/t%C3%BCrkiye/spring-marine-denizcilik | Redirected to: https://magicport.ai/owners-managers/t%c3%bcrkiye/spring-marine-denizcilik
2025-09-22 23:13:28,475 - INFO - FAILED - Reason: UNEXPECTED_ERROR: cannot unpack non-iterable bool object | Company ID: 9909 | Company Name: SPRING MARINE DENIZCILIK | Expected URL: https://magicport.ai/owners-managers/t%C3%BCrkiye/spring-marine-denizcilik
2025-09-22 23:13:46,574 - INFO - FAILED - Reason: URL_REDIRECT | Company ID: 9910 | Company Name: ISTANBUL DENIZ OTOBUSLERI | Expected URL: https://magicport.ai/owners-managers/t%C3%BCrkiye/istanbul-deniz-otobusleri | Redirected to: https://magicport.ai/owners-managers/t%c3%bcrkiye/istanbul-deniz-otobusleri
2025-09-22 23:13:46,610 - INFO - FAILED - Reason: UNEXPECTED_ERROR: cannot unpack non-iterable bool object | Company ID: 9910 | Company Name: ISTANBUL DENIZ OTOBUSLERI | Expected URL: https://magicport.ai/owners-managers/t%C3%BCrkiye/istanbul-deniz-otobusleri
2025-09-22 23:14:01,244 - INFO - FAILED - Reason: URL_REDIRECT | Company ID: 9911 | Company Name: CHEMFLEET | Expected URL: https://magicport.ai/owners-managers/t%C3%BCrkiye/chemfleet | Redirected to: https://magicport.ai/owners-managers/t%c3%bcrkiye/chemfleet
2025-09-22 23:14:01,282 - INFO - FAILED - Reason: UNEXPECTED_ERROR: cannot unpack non-iterable bool object | Company ID: 9911 | Company Name: CHEMFLEET | Expected URL: https://magicport.ai/owners-managers/t%C3%BCrkiye/chemfleet
2025-09-22 23:14:17,714 - INFO - FAILED - Reason: URL_REDIRECT | Company ID: 9912 | Company Name: PALMALI GEMICILIK VE ACENTELIK | Expected URL: https://magicport.ai/owners-managers/t%C3%BCrkiye/palmali-gemicilik-ve-acentelik | Redirected to: https://magicport.ai/owners-managers/t%c3%bcrkiye/palmali-gemicilik-ve-acentelik
2025-09-22 23:14:17,753 - INFO - FAILED - Reason: UNEXPECTED_ERROR: cannot unpack non-iterable bool object | Company ID: 9912 | Company Name: PALMALI GEMICILIK VE ACENTELIK | Expected URL: https://magicport.ai/owners-managers/t%C3%BCrkiye/palmali-gemicilik-ve-acentelik
2025-09-22 23:14:33,632 - INFO - FAILED - Reason: URL_REDIRECT | Company ID: 9913 | Company Name: AKAR DENIZ TASIMACILIGI VE TIC | Expected URL: https://magicport.ai/owners-managers/t%C3%BCrkiye/akar-deniz-tasimaciligi-ve-tic | Redirected to: https://magicport.ai/owners-managers/t%c3%bcrkiye/akar-deniz-tasimaciligi-ve-tic
2025-09-22 23:14:33,669 - INFO - FAILED - Reason: UNEXPECTED_ERROR: cannot unpack non-iterable bool object | Company ID: 9913 | Company Name: AKAR DENIZ TASIMACILIGI VE TIC | Expected URL: https://magicport.ai/owners-managers/t%C3%BCrkiye/akar-deniz-tasimaciligi-ve-tic
2025-09-22 23:14:49,390 - INFO - FAILED - Reason: URL_REDIRECT | Company ID: 9914 | Company Name: MANTA DENIZCILIK NAKLIYAT | Expected URL: https://magicport.ai/owners-managers/t%C3%BCrkiye/manta-denizcilik-nakliyat | Redirected to: https://magicport.ai/owners-managers/t%c3%bcrkiye/manta-denizcilik-nakliyat
2025-09-22 23:14:49,426 - INFO - FAILED - Reason: UNEXPECTED_ERROR: cannot unpack non-iterable bool object | Company ID: 9914 | Company Name: MANTA DENIZCILIK NAKLIYAT | Expected URL: https://magicport.ai/owners-managers/t%C3%BCrkiye/manta-denizcilik-nakliyat
2025-09-22 23:15:03,625 - INFO - FAILED - Reason: URL_REDIRECT | Company ID: 9915 | Company Name: MED MARINE KILAVUZLUK | Expected URL: https://magicport.ai/owners-managers/t%C3%BCrkiye/med-marine-kilavuzluk | Redirected to: https://magicport.ai/owners-managers/t%c3%bcrkiye/med-marine-kilavuzluk
2025-09-22 23:15:03,662 - INFO - FAILED - Reason: UNEXPECTED_ERROR: cannot unpack non-iterable bool object | Company ID: 9915 | Company Name: MED MARINE KILAVUZLUK | Expected URL: https://magicport.ai/owners-managers/t%C3%BCrkiye/med-marine-kilavuzluk
2025-09-22 23:15:47,995 - INFO - FAILED - Reason: URL_REDIRECT | Company ID: 9916 | Company Name: PASIFIK GEMI ISLETMECILIGI | Expected URL: https://magicport.ai/owners-managers/t%C3%BCrkiye/pasifik-gemi-isletmeciligi | Redirected to: https://magicport.ai/owners-managers/t%c3%bcrkiye/pasifik-gemi-isletmeciligi
2025-09-22 23:15:48,033 - INFO - FAILED - Reason: UNEXPECTED_ERROR: cannot unpack non-iterable bool object | Company ID: 9916 | Company Name: PASIFIK GEMI ISLETMECILIGI | Expected URL: https://magicport.ai/owners-managers/t%C3%BCrkiye/pasifik-gemi-isletmeciligi
2025-09-22 23:16:32,038 - INFO - FAILED - Reason: URL_REDIRECT | Company ID: 9917 | Company Name: SPARK GEMI ISLETMECILIGI AS | Expected URL: https://magicport.ai/owners-managers/t%C3%BCrkiye/spark-gemi-isletmeciligi-as | Redirected to: https://magicport.ai/owners-managers/t%c3%bcrkiye/spark-gemi-isletmeciligi-as
2025-09-22 23:16:32,073 - INFO - FAILED - Reason: UNEXPECTED_ERROR: cannot unpack non-iterable bool object | Company ID: 9917 | Company Name: SPARK GEMI ISLETMECILIGI AS | Expected URL: https://magicport.ai/owners-managers/t%C3%BCrkiye/spark-gemi-isletmeciligi-as
2025-09-22 23:16:47,547 - INFO - FAILED - Reason: URL_REDIRECT | Company ID: 9918 | Company Name: DFDS DENIZCILIK VE TASIMACILIK | Expected URL: https://magicport.ai/owners-managers/t%C3%BCrkiye/dfds-denizcilik-ve-tasimacilik | Redirected to: https://magicport.ai/owners-managers/t%c3%bcrkiye/dfds-denizcilik-ve-tasimacilik
2025-09-22 23:16:47,582 - INFO - FAILED - Reason: UNEXPECTED_ERROR: cannot unpack non-iterable bool object | Company ID: 9918 | Company Name: DFDS DENIZCILIK VE TASIMACILIK | Expected URL: https://magicport.ai/owners-managers/t%C3%BCrkiye/dfds-denizcilik-ve-tasimacilik
2025-09-22 23:17:02,839 - INFO - FAILED - Reason: URL_REDIRECT | Company ID: 9919 | Company Name: YA-SA TANKER ISLETMECILIGI AS | Expected URL: https://magicport.ai/owners-managers/t%C3%BCrkiye/ya-sa-tanker-isletmeciligi-as | Redirected to: https://magicport.ai/owners-managers/t%c3%bcrkiye/ya-sa-tanker-isletmeciligi-as
2025-09-22 23:17:02,877 - INFO - FAILED - Reason: UNEXPECTED_ERROR: cannot unpack non-iterable bool object | Company ID: 9919 | Company Name: YA-SA TANKER ISLETMECILIGI AS | Expected URL: https://magicport.ai/owners-managers/t%C3%BCrkiye/ya-sa-tanker-isletmeciligi-as
2025-09-22 23:17:17,765 - INFO - FAILED - Reason: URL_REDIRECT | Company ID: 9920 | Company Name: ARMADOR GEMI ISLETMECILIGI | Expected URL: https://magicport.ai/owners-managers/t%C3%BCrkiye/armador-gemi-isletmeciligi | Redirected to: https://magicport.ai/owners-managers/t%c3%bcrkiye/armador-gemi-isletmeciligi
2025-09-22 23:17:17,802 - INFO - FAILED - Reason: UNEXPECTED_ERROR: cannot unpack non-iterable bool object | Company ID: 9920 | Company Name: ARMADOR GEMI ISLETMECILIGI | Expected URL: https://magicport.ai/owners-managers/t%C3%BCrkiye/armador-gemi-isletmeciligi
2025-09-22 23:17:38,398 - INFO - FAILED - Reason: URL_REDIRECT | Company ID: 9921 | Company Name: STATU GEMI KIRALAMA VE TICARET | Expected URL: https://magicport.ai/owners-managers/t%C3%BCrkiye/statu-gemi-kiralama-ve-ticaret | Redirected to: https://magicport.ai/owners-managers/t%c3%bcrkiye/statu-gemi-kiralama-ve-ticaret
2025-09-22 23:17:38,435 - INFO - FAILED - Reason: UNEXPECTED_ERROR: cannot unpack non-iterable bool object | Company ID: 9921 | Company Name: STATU GEMI KIRALAMA VE TICARET | Expected URL: https://magicport.ai/owners-managers/t%C3%BCrkiye/statu-gemi-kiralama-ve-ticaret
2025-09-22 23:17:52,613 - INFO - FAILED - Reason: URL_REDIRECT | Company ID: 9922 | Company Name: DENSAY GEMI ISLETMECILIGI | Expected URL: https://magicport.ai/owners-managers/t%C3%BCrkiye/densay-gemi-isletmeciligi | Redirected to: https://magicport.ai/owners-managers/t%c3%bcrkiye/densay-gemi-isletmeciligi
2025-09-22 23:17:52,654 - INFO - FAILED - Reason: UNEXPECTED_ERROR: cannot unpack non-iterable bool object | Company ID: 9922 | Company Name: DENSAY GEMI ISLETMECILIGI | Expected URL: https://magicport.ai/owners-managers/t%C3%BCrkiye/densay-gemi-isletmeciligi
2025-09-22 23:18:07,535 - INFO - FAILED - Reason: URL_REDIRECT | Company ID: 9923 | Company Name: MARLIN DENIZCILIK TEKNIK | Expected URL: https://magicport.ai/owners-managers/t%C3%BCrkiye/marlin-denizcilik-teknik | Redirected to: https://magicport.ai/owners-managers/t%c3%bcrkiye/marlin-denizcilik-teknik
2025-09-22 23:18:07,570 - INFO - FAILED - Reason: UNEXPECTED_ERROR: cannot unpack non-iterable bool object | Company ID: 9923 | Company Name: MARLIN DENIZCILIK TEKNIK | Expected URL: https://magicport.ai/owners-managers/t%C3%BCrkiye/marlin-denizcilik-teknik
2025-09-22 23:18:52,201 - INFO - FAILED - Reason: URL_REDIRECT | Company ID: 9924 | Company Name: DEVBULK GEMI ISLETMECILIGI AS | Expected URL: https://magicport.ai/owners-managers/t%C3%BCrkiye/devbulk-gemi-isletmeciligi-as | Redirected to: https://magicport.ai/owners-managers/t%c3%bcrkiye/devbulk-gemi-isletmeciligi-as
2025-09-22 23:18:52,244 - INFO - FAILED - Reason: UNEXPECTED_ERROR: cannot unpack non-iterable bool object | Company ID: 9924 | Company Name: DEVBULK GEMI ISLETMECILIGI AS | Expected URL: https://magicport.ai/owners-managers/t%C3%BCrkiye/devbulk-gemi-isletmeciligi-as
2025-09-22 23:19:08,979 - INFO - FAILED - Reason: URL_REDIRECT | Company ID: 9925 | Company Name: YMN TANKER DENIZ ISLETMECILIGI | Expected URL: https://magicport.ai/owners-managers/t%C3%BCrkiye/ymn-tanker-deniz-isletmeciligi | Redirected to: https://magicport.ai/owners-managers/t%c3%bcrkiye/ymn-tanker-deniz-isletmeciligi
2025-09-22 23:19:09,027 - INFO - FAILED - Reason: UNEXPECTED_ERROR: cannot unpack non-iterable bool object | Company ID: 9925 | Company Name: YMN TANKER DENIZ ISLETMECILIGI | Expected URL: https://magicport.ai/owners-managers/t%C3%BCrkiye/ymn-tanker-deniz-isletmeciligi
2025-09-22 23:19:53,285 - INFO - FAILED - Reason: URL_REDIRECT | Company ID: 9926 | Company Name: MARINSA DENIZCILIK AS | Expected URL: https://magicport.ai/owners-managers/t%C3%BCrkiye/marinsa-denizcilik-as | Redirected to: https://magicport.ai/owners-managers/t%c3%bcrkiye/marinsa-denizcilik-as
2025-09-22 23:19:53,320 - INFO - FAILED - Reason: UNEXPECTED_ERROR: cannot unpack non-iterable bool object | Company ID: 9926 | Company Name: MARINSA DENIZCILIK AS | Expected URL: https://magicport.ai/owners-managers/t%C3%BCrkiye/marinsa-denizcilik-as
2025-09-22 23:20:37,509 - INFO - FAILED - Reason: URL_REDIRECT | Company ID: 9927 | Company Name: SAMSUN SHIPPING LTD | Expected URL: https://magicport.ai/owners-managers/t%C3%BCrkiye/samsun-shipping-ltd | Redirected to: https://magicport.ai/owners-managers/t%c3%bcrkiye/samsun-shipping-ltd
2025-09-22 23:20:37,543 - INFO - FAILED - Reason: UNEXPECTED_ERROR: cannot unpack non-iterable bool object | Company ID: 9927 | Company Name: SAMSUN SHIPPING LTD | Expected URL: https://magicport.ai/owners-managers/t%C3%BCrkiye/samsun-shipping-ltd
2025-09-22 23:20:51,908 - INFO - FAILED - Reason: URL_REDIRECT | Company ID: 9928 | Company Name: SCOT GEMI ISLETMECILIGI AS | Expected URL: https://magicport.ai/owners-managers/t%C3%BCrkiye/scot-gemi-isletmeciligi-as | Redirected to: https://magicport.ai/owners-managers/t%c3%bcrkiye/scot-gemi-isletmeciligi-as
2025-09-22 23:20:51,942 - INFO - FAILED - Reason: UNEXPECTED_ERROR: cannot unpack non-iterable bool object | Company ID: 9928 | Company Name: SCOT GEMI ISLETMECILIGI AS | Expected URL: https://magicport.ai/owners-managers/t%C3%BCrkiye/scot-gemi-isletmeciligi-as
2025-09-22 23:21:07,700 - INFO - FAILED - Reason: URL_REDIRECT | Company ID: 9929 | Company Name: MEDLOG SHIPPING & TRADE SA | Expected URL: https://magicport.ai/owners-managers/t%C3%BCrkiye/medlog-shipping-trade-sa | Redirected to: https://magicport.ai/owners-managers/t%c3%bcrkiye/medlog-shipping-trade-sa
2025-09-22 23:21:07,737 - INFO - FAILED - Reason: UNEXPECTED_ERROR: cannot unpack non-iterable bool object | Company ID: 9929 | Company Name: MEDLOG SHIPPING & TRADE SA | Expected URL: https://magicport.ai/owners-managers/t%C3%BCrkiye/medlog-shipping-trade-sa
2025-09-22 23:21:21,981 - INFO - FAILED - Reason: URL_REDIRECT | Company ID: 9930 | Company Name: CINER SHIP MANAGEMENT LTD | Expected URL: https://magicport.ai/owners-managers/t%C3%BCrkiye/ciner-ship-management-ltd | Redirected to: https://magicport.ai/owners-managers/t%c3%bcrkiye/ciner-ship-management-ltd
2025-09-22 23:21:22,018 - INFO - FAILED - Reason: UNEXPECTED_ERROR: cannot unpack non-iterable bool object | Company ID: 9930 | Company Name: CINER SHIP MANAGEMENT LTD | Expected URL: https://magicport.ai/owners-managers/t%C3%BCrkiye/ciner-ship-management-ltd
2025-09-22 23:21:36,816 - INFO - FAILED - Reason: URL_REDIRECT | Company ID: 9931 | Company Name: KLAN GEMI YONETIMI LTD STI | Expected URL: https://magicport.ai/owners-managers/t%C3%BCrkiye/klan-gemi-yonetimi-ltd-sti | Redirected to: https://magicport.ai/owners-managers/t%c3%bcrkiye/klan-gemi-yonetimi-ltd-sti
2025-09-22 23:21:36,853 - INFO - FAILED - Reason: UNEXPECTED_ERROR: cannot unpack non-iterable bool object | Company ID: 9931 | Company Name: KLAN GEMI YONETIMI LTD STI | Expected URL: https://magicport.ai/owners-managers/t%C3%BCrkiye/klan-gemi-yonetimi-ltd-sti
2025-09-22 23:21:56,017 - INFO - FAILED - Reason: URL_REDIRECT | Company ID: 9932 | Company Name: ARKAS KONTEYNER TASIMACILIK AS | Expected URL: https://magicport.ai/owners-managers/t%C3%BCrkiye/arkas-konteyner-tasimacilik-as | Redirected to: https://magicport.ai/owners-managers/t%c3%bcrkiye/arkas-konteyner-tasimacilik-as
2025-09-22 23:21:56,054 - INFO - FAILED - Reason: UNEXPECTED_ERROR: cannot unpack non-iterable bool object | Company ID: 9932 | Company Name: ARKAS KONTEYNER TASIMACILIK AS | Expected URL: https://magicport.ai/owners-managers/t%C3%BCrkiye/arkas-konteyner-tasimacilik-as
2025-09-22 23:22:17,023 - INFO - FAILED - Reason: URL_REDIRECT | Company ID: 9933 | Company Name: SALUTA SHIPPING LTD | Expected URL: https://magicport.ai/owners-managers/t%C3%BCrkiye/saluta-shipping-ltd | Redirected to: https://magicport.ai/owners-managers/t%c3%bcrkiye/saluta-shipping-ltd
2025-09-22 23:22:17,060 - INFO - FAILED - Reason: UNEXPECTED_ERROR: cannot unpack non-iterable bool object | Company ID: 9933 | Company Name: SALUTA SHIPPING LTD | Expected URL: https://magicport.ai/owners-managers/t%C3%BCrkiye/saluta-shipping-ltd
2025-09-22 23:22:39,135 - INFO - FAILED - Reason: URL_REDIRECT | Company ID: 9934 | Company Name: ANGARA DENIZCILIK VE TICARET | Expected URL: https://magicport.ai/owners-managers/t%C3%BCrkiye/angara-denizcilik-ve-ticaret | Redirected to: https://magicport.ai/owners-managers/t%c3%bcrkiye/angara-denizcilik-ve-ticaret
2025-09-22 23:22:39,173 - INFO - FAILED - Reason: UNEXPECTED_ERROR: cannot unpack non-iterable bool object | Company ID: 9934 | Company Name: ANGARA DENIZCILIK VE TICARET | Expected URL: https://magicport.ai/owners-managers/t%C3%BCrkiye/angara-denizcilik-ve-ticaret
2025-09-22 23:23:00,029 - INFO - FAILED - Reason: URL_REDIRECT | Company ID: 9935 | Company Name: BOTAS PETROLEUM | Expected URL: https://magicport.ai/owners-managers/t%C3%BCrkiye/botas-petroleum | Redirected to: https://magicport.ai/owners-managers/t%c3%bcrkiye/botas-petroleum
2025-09-22 23:23:00,073 - INFO - FAILED - Reason: UNEXPECTED_ERROR: cannot unpack non-iterable bool object | Company ID: 9935 | Company Name: BOTAS PETROLEUM | Expected URL: https://magicport.ai/owners-managers/t%C3%BCrkiye/botas-petroleum
2025-09-22 23:23:17,237 - INFO - FAILED - Reason: URL_REDIRECT | Company ID: 9936 | Company Name: FEYZ GROUP INC | Expected URL: https://magicport.ai/owners-managers/t%C3%BCrkiye/feyz-group-inc | Redirected to: https://magicport.ai/owners-managers/t%c3%bcrkiye/feyz-group-inc
2025-09-22 23:23:17,273 - INFO - FAILED - Reason: UNEXPECTED_ERROR: cannot unpack non-iterable bool object | Company ID: 9936 | Company Name: FEYZ GROUP INC | Expected URL: https://magicport.ai/owners-managers/t%C3%BCrkiye/feyz-group-inc
2025-09-22 23:23:32,695 - INFO - FAILED - Reason: URL_REDIRECT | Company ID: 9937 | Company Name: BOTAS PETROLEUM | Expected URL: https://magicport.ai/owners-managers/t%C3%BCrkiye/botas-petroleum | Redirected to: https://magicport.ai/owners-managers/t%c3%bcrkiye/botas-petroleum
2025-09-22 23:23:32,730 - INFO - FAILED - Reason: UNEXPECTED_ERROR: cannot unpack non-iterable bool object | Company ID: 9937 | Company Name: BOTAS PETROLEUM | Expected URL: https://magicport.ai/owners-managers/t%C3%BCrkiye/botas-petroleum
2025-09-22 23:23:48,265 - INFO - FAILED - Reason: URL_REDIRECT | Company ID: 9938 | Company Name: UZMAR-UZMANLAR DENIZCILIK | Expected URL: https://magicport.ai/owners-managers/t%C3%BCrkiye/uzmar-uzmanlar-denizcilik | Redirected to: https://magicport.ai/owners-managers/t%c3%bcrkiye/uzmar-uzmanlar-denizcilik
2025-09-22 23:23:48,300 - INFO - FAILED - Reason: UNEXPECTED_ERROR: cannot unpack non-iterable bool object | Company ID: 9938 | Company Name: UZMAR-UZMANLAR DENIZCILIK | Expected URL: https://magicport.ai/owners-managers/t%C3%BCrkiye/uzmar-uzmanlar-denizcilik
2025-09-22 23:24:03,658 - INFO - FAILED - Reason: URL_REDIRECT | Company ID: 9939 | Company Name: SEALIFE DENIZCILIK LTD STI | Expected URL: https://magicport.ai/owners-managers/t%C3%BCrkiye/sealife-denizcilik-ltd-sti | Redirected to: https://magicport.ai/owners-managers/t%c3%bcrkiye/sealife-denizcilik-ltd-sti
2025-09-22 23:24:03,698 - INFO - FAILED - Reason: UNEXPECTED_ERROR: cannot unpack non-iterable bool object | Company ID: 9939 | Company Name: SEALIFE DENIZCILIK LTD STI | Expected URL: https://magicport.ai/owners-managers/t%C3%BCrkiye/sealife-denizcilik-ltd-sti
2025-09-22 23:24:22,102 - INFO - FAILED - Reason: URL_REDIRECT | Company ID: 9940 | Company Name: LORA SHIPPING LTD | Expected URL: https://magicport.ai/owners-managers/t%C3%BCrkiye/lora-shipping-ltd | Redirected to: https://magicport.ai/owners-managers/t%c3%bcrkiye/lora-shipping-ltd
2025-09-22 23:24:22,137 - INFO - FAILED - Reason: UNEXPECTED_ERROR: cannot unpack non-iterable bool object | Company ID: 9940 | Company Name: LORA SHIPPING LTD | Expected URL: https://magicport.ai/owners-managers/t%C3%BCrkiye/lora-shipping-ltd
2025-09-22 23:25:07,906 - INFO - FAILED - Reason: URL_REDIRECT | Company ID: 9941 | Company Name: BAYRAKTAR GEMI | Expected URL: https://magicport.ai/owners-managers/t%C3%BCrkiye/bayraktar-gemi | Redirected to: https://magicport.ai/owners-managers/t%c3%bcrkiye/bayraktar-gemi
2025-09-22 23:25:07,930 - INFO - FAILED - Reason: UNEXPECTED_ERROR: cannot unpack non-iterable bool object | Company ID: 9941 | Company Name: BAYRAKTAR GEMI | Expected URL: https://magicport.ai/owners-managers/t%C3%BCrkiye/bayraktar-gemi
2025-09-22 23:25:53,116 - INFO - FAILED - Reason: URL_REDIRECT | Company ID: 9942 | Company Name: NOVA GEMI ACENTELIGI | Expected URL: https://magicport.ai/owners-managers/t%C3%BCrkiye/nova-gemi-acenteligi | Redirected to: https://magicport.ai/owners-managers/t%c3%bcrkiye/nova-gemi-acenteligi
2025-09-22 23:25:53,158 - INFO - FAILED - Reason: UNEXPECTED_ERROR: cannot unpack non-iterable bool object | Company ID: 9942 | Company Name: NOVA GEMI ACENTELIGI | Expected URL: https://magicport.ai/owners-managers/t%C3%BCrkiye/nova-gemi-acenteligi
2025-09-22 23:26:10,543 - INFO - FAILED - Reason: URL_REDIRECT | Company ID: 9943 | Company Name: INCE DENIZCILIK VE TICARET AS | Expected URL: https://magicport.ai/owners-managers/t%C3%BCrkiye/ince-denizcilik-ve-ticaret-as | Redirected to: https://magicport.ai/owners-managers/t%c3%bcrkiye/ince-denizcilik-ve-ticaret-as
2025-09-22 23:26:10,581 - INFO - FAILED - Reason: UNEXPECTED_ERROR: cannot unpack non-iterable bool object | Company ID: 9943 | Company Name: INCE DENIZCILIK VE TICARET AS | Expected URL: https://magicport.ai/owners-managers/t%C3%BCrkiye/ince-denizcilik-ve-ticaret-as
2025-09-22 23:26:55,111 - INFO - FAILED - Reason: URL_REDIRECT | Company ID: 9944 | Company Name: GALAXY SHIPPING VENTURES SA | Expected URL: https://magicport.ai/owners-managers/t%C3%BCrkiye/galaxy-shipping-ventures-sa | Redirected to: https://magicport.ai/owners-managers/t%c3%bcrkiye/galaxy-shipping-ventures-sa
2025-09-22 23:26:55,145 - INFO - FAILED - Reason: UNEXPECTED_ERROR: cannot unpack non-iterable bool object | Company ID: 9944 | Company Name: GALAXY SHIPPING VENTURES SA | Expected URL: https://magicport.ai/owners-managers/t%C3%BCrkiye/galaxy-shipping-ventures-sa
2025-09-22 23:27:13,170 - INFO - FAILED - Reason: URL_REDIRECT | Company ID: 9945 | Company Name: CAPRAMAR GEMI ISLETMECILIGI | Expected URL: https://magicport.ai/owners-managers/t%C3%BCrkiye/capramar-gemi-isletmeciligi | Redirected to: https://magicport.ai/owners-managers/t%c3%bcrkiye/capramar-gemi-isletmeciligi
2025-09-22 23:27:13,207 - INFO - FAILED - Reason: UNEXPECTED_ERROR: cannot unpack non-iterable bool object | Company ID: 9945 | Company Name: CAPRAMAR GEMI ISLETMECILIGI | Expected URL: https://magicport.ai/owners-managers/t%C3%BCrkiye/capramar-gemi-isletmeciligi
2025-09-22 23:27:28,860 - INFO - FAILED - Reason: URL_REDIRECT | Company ID: 9946 | Company Name: AAI GEMICILIK LTD STI | Expected URL: https://magicport.ai/owners-managers/t%C3%BCrkiye/aai-gemicilik-ltd-sti | Redirected to: https://magicport.ai/owners-managers/t%c3%bcrkiye/aai-gemicilik-ltd-sti
2025-09-22 23:27:28,897 - INFO - FAILED - Reason: UNEXPECTED_ERROR: cannot unpack non-iterable bool object | Company ID: 9946 | Company Name: AAI GEMICILIK LTD STI | Expected URL: https://magicport.ai/owners-managers/t%C3%BCrkiye/aai-gemicilik-ltd-sti
2025-09-22 23:27:45,113 - INFO - FAILED - Reason: URL_REDIRECT | Company ID: 9947 | Company Name: MRC DENIZCILIK TURIZM | Expected URL: https://magicport.ai/owners-managers/t%C3%BCrkiye/mrc-denizcilik-turizm | Redirected to: https://magicport.ai/owners-managers/t%c3%bcrkiye/mrc-denizcilik-turizm
2025-09-22 23:27:45,151 - INFO - FAILED - Reason: UNEXPECTED_ERROR: cannot unpack non-iterable bool object | Company ID: 9947 | Company Name: MRC DENIZCILIK TURIZM | Expected URL: https://magicport.ai/owners-managers/t%C3%BCrkiye/mrc-denizcilik-turizm
2025-09-22 23:28:01,546 - INFO - FAILED - Reason: URL_REDIRECT | Company ID: 9948 | Company Name: ISKELE DENIZCILIK TICARET LTD | Expected URL: https://magicport.ai/owners-managers/t%C3%BCrkiye/iskele-denizcilik-ticaret-ltd | Redirected to: https://magicport.ai/owners-managers/t%c3%bcrkiye/iskele-denizcilik-ticaret-ltd
2025-09-22 23:28:01,583 - INFO - FAILED - Reason: UNEXPECTED_ERROR: cannot unpack non-iterable bool object | Company ID: 9948 | Company Name: ISKELE DENIZCILIK TICARET LTD | Expected URL: https://magicport.ai/owners-managers/t%C3%BCrkiye/iskele-denizcilik-ticaret-ltd
2025-09-22 23:28:18,470 - INFO - FAILED - Reason: URL_REDIRECT | Company ID: 9949 | Company Name: CACHALOT DENIZCILIK TICARET AS | Expected URL: https://magicport.ai/owners-managers/t%C3%BCrkiye/cachalot-denizcilik-ticaret-as | Redirected to: https://magicport.ai/owners-managers/t%c3%bcrkiye/cachalot-denizcilik-ticaret-as
2025-09-22 23:28:18,511 - INFO - FAILED - Reason: UNEXPECTED_ERROR: cannot unpack non-iterable bool object | Company ID: 9949 | Company Name: CACHALOT DENIZCILIK TICARET AS | Expected URL: https://magicport.ai/owners-managers/t%C3%BCrkiye/cachalot-denizcilik-ticaret-as
2025-09-22 23:28:33,900 - INFO - FAILED - Reason: URL_REDIRECT | Company ID: 9950 | Company Name: SOLAR CHARTERING LTD | Expected URL: https://magicport.ai/owners-managers/t%C3%BCrkiye/solar-chartering-ltd | Redirected to: https://magicport.ai/owners-managers/t%c3%bcrkiye/solar-chartering-ltd
2025-09-22 23:28:33,934 - INFO - FAILED - Reason: UNEXPECTED_ERROR: cannot unpack non-iterable bool object | Company ID: 9950 | Company Name: SOLAR CHARTERING LTD | Expected URL: https://magicport.ai/owners-managers/t%C3%BCrkiye/solar-chartering-ltd
2025-09-22 23:28:48,160 - INFO - FAILED - Reason: URL_REDIRECT | Company ID: 9951 | Company Name: GN GROUP PANAMA ISTANBUL | Expected URL: https://magicport.ai/owners-managers/t%C3%BCrkiye/gn-group-panama-istanbul | Redirected to: https://magicport.ai/owners-managers/t%c3%bcrkiye/gn-group-panama-istanbul
2025-09-22 23:28:48,199 - INFO - FAILED - Reason: UNEXPECTED_ERROR: cannot unpack non-iterable bool object | Company ID: 9951 | Company Name: GN GROUP PANAMA ISTANBUL | Expected URL: https://magicport.ai/owners-managers/t%C3%BCrkiye/gn-group-panama-istanbul
2025-09-22 23:29:06,664 - INFO - FAILED - Reason: URL_REDIRECT | Company ID: 9952 | Company Name: CAPE GEMI ISLETMECILIGI AS | Expected URL: https://magicport.ai/owners-managers/t%C3%BCrkiye/cape-gemi-isletmeciligi-as | Redirected to: https://magicport.ai/owners-managers/t%c3%bcrkiye/cape-gemi-isletmeciligi-as
2025-09-22 23:29:06,701 - INFO - FAILED - Reason: UNEXPECTED_ERROR: cannot unpack non-iterable bool object | Company ID: 9952 | Company Name: CAPE GEMI ISLETMECILIGI AS | Expected URL: https://magicport.ai/owners-managers/t%C3%BCrkiye/cape-gemi-isletmeciligi-as
2025-09-22 23:29:24,532 - INFO - FAILED - Reason: URL_REDIRECT | Company ID: 9953 | Company Name: KAMMER GEMI ISLETMECILIGI TIC | Expected URL: https://magicport.ai/owners-managers/t%C3%BCrkiye/kammer-gemi-isletmeciligi-tic | Redirected to: https://magicport.ai/owners-managers/t%c3%bcrkiye/kammer-gemi-isletmeciligi-tic
2025-09-22 23:29:24,571 - INFO - FAILED - Reason: UNEXPECTED_ERROR: cannot unpack non-iterable bool object | Company ID: 9953 | Company Name: KAMMER GEMI ISLETMECILIGI TIC | Expected URL: https://magicport.ai/owners-managers/t%C3%BCrkiye/kammer-gemi-isletmeciligi-tic
2025-09-22 23:30:08,926 - INFO - FAILED - Reason: URL_REDIRECT | Company ID: 9954 | Company Name: MAJESTY NAVIGATION ENTERPRISES | Expected URL: https://magicport.ai/owners-managers/t%C3%BCrkiye/majesty-navigation-enterprises | Redirected to: https://magicport.ai/owners-managers/t%c3%bcrkiye/majesty-navigation-enterprises
2025-09-22 23:30:08,960 - INFO - FAILED - Reason: UNEXPECTED_ERROR: cannot unpack non-iterable bool object | Company ID: 9954 | Company Name: MAJESTY NAVIGATION ENTERPRISES | Expected URL: https://magicport.ai/owners-managers/t%C3%BCrkiye/majesty-navigation-enterprises
2025-09-22 23:30:23,765 - INFO - FAILED - Reason: URL_REDIRECT | Company ID: 9955 | Company Name: ONN DENIZCILIK VE DANISMANLIK | Expected URL: https://magicport.ai/owners-managers/t%C3%BCrkiye/onn-denizcilik-ve-danismanlik | Redirected to: https://magicport.ai/owners-managers/t%c3%bcrkiye/onn-denizcilik-ve-danismanlik
2025-09-22 23:30:23,805 - INFO - FAILED - Reason: UNEXPECTED_ERROR: cannot unpack non-iterable bool object | Company ID: 9955 | Company Name: ONN DENIZCILIK VE DANISMANLIK | Expected URL: https://magicport.ai/owners-managers/t%C3%BCrkiye/onn-denizcilik-ve-danismanlik
2025-09-22 23:30:38,673 - INFO - FAILED - Reason: URL_REDIRECT | Company ID: 9956 | Company Name: ONYX GEMI ISLETMECILIGI | Expected URL: https://magicport.ai/owners-managers/t%C3%BCrkiye/onyx-gemi-isletmeciligi | Redirected to: https://magicport.ai/owners-managers/t%c3%bcrkiye/onyx-gemi-isletmeciligi
2025-09-22 23:30:38,712 - INFO - FAILED - Reason: UNEXPECTED_ERROR: cannot unpack non-iterable bool object | Company ID: 9956 | Company Name: ONYX GEMI ISLETMECILIGI | Expected URL: https://magicport.ai/owners-managers/t%C3%BCrkiye/onyx-gemi-isletmeciligi
2025-09-22 23:30:53,904 - INFO - FAILED - Reason: URL_REDIRECT | Company ID: 9957 | Company Name: PLATIN SHIPPING & TRADING CO | Expected URL: https://magicport.ai/owners-managers/t%C3%BCrkiye/platin-shipping-trading-co | Redirected to: https://magicport.ai/owners-managers/t%c3%bcrkiye/platin-shipping-trading-co
2025-09-22 23:30:53,938 - INFO - FAILED - Reason: UNEXPECTED_ERROR: cannot unpack non-iterable bool object | Company ID: 9957 | Company Name: PLATIN SHIPPING & TRADING CO | Expected URL: https://magicport.ai/owners-managers/t%C3%BCrkiye/platin-shipping-trading-co
2025-09-22 23:31:09,336 - INFO - FAILED - Reason: URL_REDIRECT | Company ID: 9958 | Company Name: MISHA SHIPPING AGENCY & TRADE | Expected URL: https://magicport.ai/owners-managers/t%C3%BCrkiye/misha-shipping-agency-trade | Redirected to: https://magicport.ai/owners-managers/t%c3%bcrkiye/misha-shipping-agency-trade
2025-09-22 23:31:09,370 - INFO - FAILED - Reason: UNEXPECTED_ERROR: cannot unpack non-iterable bool object | Company ID: 9958 | Company Name: MISHA SHIPPING AGENCY & TRADE | Expected URL: https://magicport.ai/owners-managers/t%C3%BCrkiye/misha-shipping-agency-trade
2025-09-22 23:31:30,101 - INFO - FAILED - Reason: URL_REDIRECT | Company ID: 9959 | Company Name: YILMAR LOJISTIK GEMI | Expected URL: https://magicport.ai/owners-managers/t%C3%BCrkiye/yilmar-lojistik-gemi | Redirected to: https://magicport.ai/owners-managers/t%c3%bcrkiye/yilmar-lojistik-gemi
2025-09-22 23:31:30,132 - INFO - FAILED - Reason: UNEXPECTED_ERROR: cannot unpack non-iterable bool object | Company ID: 9959 | Company Name: YILMAR LOJISTIK GEMI | Expected URL: https://magicport.ai/owners-managers/t%C3%BCrkiye/yilmar-lojistik-gemi
2025-09-22 23:31:44,973 - INFO - FAILED - Reason: URL_REDIRECT | Company ID: 9960 | Company Name: ONE NAVIGATION DENIZCILIK AS | Expected URL: https://magicport.ai/owners-managers/t%C3%BCrkiye/one-navigation-denizcilik-as | Redirected to: https://magicport.ai/owners-managers/t%c3%bcrkiye/one-navigation-denizcilik-as
2025-09-22 23:31:45,009 - INFO - FAILED - Reason: UNEXPECTED_ERROR: cannot unpack non-iterable bool object | Company ID: 9960 | Company Name: ONE NAVIGATION DENIZCILIK AS | Expected URL: https://magicport.ai/owners-managers/t%C3%BCrkiye/one-navigation-denizcilik-as
2025-09-22 23:32:04,006 - INFO - FAILED - Reason: URL_REDIRECT | Company ID: 9961 | Company Name: ALBROS SHIPPING & TRADING CO | Expected URL: https://magicport.ai/owners-managers/t%C3%BCrkiye/albros-shipping-trading-co | Redirected to: https://magicport.ai/owners-managers/t%c3%bcrkiye/albros-shipping-trading-co
2025-09-22 23:32:04,046 - INFO - FAILED - Reason: UNEXPECTED_ERROR: cannot unpack non-iterable bool object | Company ID: 9961 | Company Name: ALBROS SHIPPING & TRADING CO | Expected URL: https://magicport.ai/owners-managers/t%C3%BCrkiye/albros-shipping-trading-co
2025-09-22 23:32:21,170 - INFO - FAILED - Reason: URL_REDIRECT | Company ID: 9962 | Company Name: MARIN ROMORKOR VE KILAVUZLUK | Expected URL: https://magicport.ai/owners-managers/t%C3%BCrkiye/marin-romorkor-ve-kilavuzluk | Redirected to: https://magicport.ai/owners-managers/t%c3%bcrkiye/marin-romorkor-ve-kilavuzluk
2025-09-22 23:32:21,208 - INFO - FAILED - Reason: UNEXPECTED_ERROR: cannot unpack non-iterable bool object | Company ID: 9962 | Company Name: MARIN ROMORKOR VE KILAVUZLUK | Expected URL: https://magicport.ai/owners-managers/t%C3%BCrkiye/marin-romorkor-ve-kilavuzluk
2025-09-22 23:32:36,344 - INFO - FAILED - Reason: URL_REDIRECT | Company ID: 9963 | Company Name: CS OFFSHORE DMCC | Expected URL: https://magicport.ai/owners-managers/t%C3%BCrkiye/cs-offshore-dmcc | Redirected to: https://magicport.ai/owners-managers/t%c3%bcrkiye/cs-offshore-dmcc
2025-09-22 23:32:36,381 - INFO - FAILED - Reason: UNEXPECTED_ERROR: cannot unpack non-iterable bool object | Company ID: 9963 | Company Name: CS OFFSHORE DMCC | Expected URL: https://magicport.ai/owners-managers/t%C3%BCrkiye/cs-offshore-dmcc
2025-09-22 23:32:51,512 - INFO - FAILED - Reason: URL_REDIRECT | Company ID: 9964 | Company Name: UNIFLEET MANAGEMENT CO SA | Expected URL: https://magicport.ai/owners-managers/t%C3%BCrkiye/unifleet-management-co-sa | Redirected to: https://magicport.ai/owners-managers/t%c3%bcrkiye/unifleet-management-co-sa
2025-09-22 23:32:51,549 - INFO - FAILED - Reason: UNEXPECTED_ERROR: cannot unpack non-iterable bool object | Company ID: 9964 | Company Name: UNIFLEET MANAGEMENT CO SA | Expected URL: https://magicport.ai/owners-managers/t%C3%BCrkiye/unifleet-management-co-sa
2025-09-22 23:33:06,601 - INFO - FAILED - Reason: URL_REDIRECT | Company ID: 9965 | Company Name: GEMICILER DENIZCILIK SANAYI | Expected URL: https://magicport.ai/owners-managers/t%C3%BCrkiye/gemiciler-denizcilik-sanayi | Redirected to: https://magicport.ai/owners-managers/t%c3%bcrkiye/gemiciler-denizcilik-sanayi
2025-09-22 23:33:06,641 - INFO - FAILED - Reason: UNEXPECTED_ERROR: cannot unpack non-iterable bool object | Company ID: 9965 | Company Name: GEMICILER DENIZCILIK SANAYI | Expected URL: https://magicport.ai/owners-managers/t%C3%BCrkiye/gemiciler-denizcilik-sanayi
2025-09-22 23:33:21,662 - INFO - FAILED - Reason: URL_REDIRECT | Company ID: 9966 | Company Name: RIVERS GROUP DENIZCILIK LTD | Expected URL: https://magicport.ai/owners-managers/t%C3%BCrkiye/rivers-group-denizcilik-ltd | Redirected to: https://magicport.ai/owners-managers/t%c3%bcrkiye/rivers-group-denizcilik-ltd
2025-09-22 23:33:21,700 - INFO - FAILED - Reason: UNEXPECTED_ERROR: cannot unpack non-iterable bool object | Company ID: 9966 | Company Name: RIVERS GROUP DENIZCILIK LTD | Expected URL: https://magicport.ai/owners-managers/t%C3%BCrkiye/rivers-group-denizcilik-ltd
2025-09-22 23:33:37,974 - INFO - FAILED - Reason: URL_REDIRECT | Company ID: 9967 | Company Name: PASIFIK LOJISTIK GRUBU | Expected URL: https://magicport.ai/owners-managers/t%C3%BCrkiye/pasifik-lojistik-grubu | Redirected to: https://magicport.ai/owners-managers/t%c3%bcrkiye/pasifik-lojistik-grubu
2025-09-22 23:33:38,009 - INFO - FAILED - Reason: UNEXPECTED_ERROR: cannot unpack non-iterable bool object | Company ID: 9967 | Company Name: PASIFIK LOJISTIK GRUBU | Expected URL: https://magicport.ai/owners-managers/t%C3%BCrkiye/pasifik-lojistik-grubu
2025-09-22 23:33:52,365 - INFO - FAILED - Reason: URL_REDIRECT | Company ID: 9968 | Company Name: HICRI ERCILI DENIZCILIK AS | Expected URL: https://magicport.ai/owners-managers/t%C3%BCrkiye/hicri-ercili-denizcilik-as | Redirected to: https://magicport.ai/owners-managers/t%c3%bcrkiye/hicri-ercili-denizcilik-as
2025-09-22 23:33:52,404 - INFO - FAILED - Reason: UNEXPECTED_ERROR: cannot unpack non-iterable bool object | Company ID: 9968 | Company Name: HICRI ERCILI DENIZCILIK AS | Expected URL: https://magicport.ai/owners-managers/t%C3%BCrkiye/hicri-ercili-denizcilik-as
2025-09-22 23:34:36,992 - INFO - FAILED - Reason: URL_REDIRECT | Company ID: 9969 | Company Name: MORGAN NAVIGATION CO SA | Expected URL: https://magicport.ai/owners-managers/t%C3%BCrkiye/morgan-navigation-co-sa | Redirected to: https://magicport.ai/owners-managers/t%c3%bcrkiye/morgan-navigation-co-sa
2025-09-22 23:34:37,027 - INFO - FAILED - Reason: UNEXPECTED_ERROR: cannot unpack non-iterable bool object | Company ID: 9969 | Company Name: MORGAN NAVIGATION CO SA | Expected URL: https://magicport.ai/owners-managers/t%C3%BCrkiye/morgan-navigation-co-sa
2025-09-22 23:35:24,799 - INFO - FAILED - Reason: URL_REDIRECT | Company ID: 9970 | Company Name: UNIFLEET MANAGEMENT CO SA | Expected URL: https://magicport.ai/owners-managers/t%C3%BCrkiye/unifleet-management-co-sa | Redirected to: https://magicport.ai/owners-managers/t%c3%bcrkiye/unifleet-management-co-sa
2025-09-22 23:35:24,833 - INFO - FAILED - Reason: UNEXPECTED_ERROR: cannot unpack non-iterable bool object | Company ID: 9970 | Company Name: UNIFLEET MANAGEMENT CO SA | Expected URL: https://magicport.ai/owners-managers/t%C3%BCrkiye/unifleet-management-co-sa
2025-09-22 23:35:39,749 - INFO - FAILED - Reason: URL_REDIRECT | Company ID: 9971 | Company Name: DINAMIK DENIZCILIK VE TICARET | Expected URL: https://magicport.ai/owners-managers/t%C3%BCrkiye/dinamik-denizcilik-ve-ticaret | Redirected to: https://magicport.ai/owners-managers/t%c3%bcrkiye/dinamik-denizcilik-ve-ticaret
2025-09-22 23:35:39,785 - INFO - FAILED - Reason: UNEXPECTED_ERROR: cannot unpack non-iterable bool object | Company ID: 9971 | Company Name: DINAMIK DENIZCILIK VE TICARET | Expected URL: https://magicport.ai/owners-managers/t%C3%BCrkiye/dinamik-denizcilik-ve-ticaret
2025-09-22 23:35:56,451 - INFO - FAILED - Reason: URL_REDIRECT | Company ID: 9972 | Company Name: SERENITY SHIPMANAGEMENT LTD | Expected URL: https://magicport.ai/owners-managers/t%C3%BCrkiye/serenity-shipmanagement-ltd | Redirected to: https://magicport.ai/owners-managers/t%c3%bcrkiye/serenity-shipmanagement-ltd
2025-09-22 23:35:56,487 - INFO - FAILED - Reason: UNEXPECTED_ERROR: cannot unpack non-iterable bool object | Company ID: 9972 | Company Name: SERENITY SHIPMANAGEMENT LTD | Expected URL: https://magicport.ai/owners-managers/t%C3%BCrkiye/serenity-shipmanagement-ltd
2025-09-22 23:36:10,463 - INFO - FAILED - Reason: URL_REDIRECT | Company ID: 9973 | Company Name: SATA CHARTERING & SHIPPING CO | Expected URL: https://magicport.ai/owners-managers/t%C3%BCrkiye/sata-chartering-shipping-co | Redirected to: https://magicport.ai/owners-managers/t%c3%bcrkiye/sata-chartering-shipping-co
2025-09-22 23:36:10,499 - INFO - FAILED - Reason: UNEXPECTED_ERROR: cannot unpack non-iterable bool object | Company ID: 9973 | Company Name: SATA CHARTERING & SHIPPING CO | Expected URL: https://magicport.ai/owners-managers/t%C3%BCrkiye/sata-chartering-shipping-co
2025-09-22 23:36:26,213 - INFO - FAILED - Reason: URL_REDIRECT | Company ID: 9974 | Company Name: SAND GEMI ISLETMECILIGI AS | Expected URL: https://magicport.ai/owners-managers/t%C3%BCrkiye/sand-gemi-isletmeciligi-as | Redirected to: https://magicport.ai/owners-managers/t%c3%bcrkiye/sand-gemi-isletmeciligi-as
2025-09-22 23:36:26,247 - INFO - FAILED - Reason: UNEXPECTED_ERROR: cannot unpack non-iterable bool object | Company ID: 9974 | Company Name: SAND GEMI ISLETMECILIGI AS | Expected URL: https://magicport.ai/owners-managers/t%C3%BCrkiye/sand-gemi-isletmeciligi-as
2025-09-22 23:36:41,310 - INFO - FAILED - Reason: URL_REDIRECT | Company ID: 9975 | Company Name: ARUNA SHIPPING LTD CORP | Expected URL: https://magicport.ai/owners-managers/t%C3%BCrkiye/aruna-shipping-ltd-corp | Redirected to: https://magicport.ai/owners-managers/t%c3%bcrkiye/aruna-shipping-ltd-corp
2025-09-22 23:36:41,350 - INFO - FAILED - Reason: UNEXPECTED_ERROR: cannot unpack non-iterable bool object | Company ID: 9975 | Company Name: ARUNA SHIPPING LTD CORP | Expected URL: https://magicport.ai/owners-managers/t%C3%BCrkiye/aruna-shipping-ltd-corp
2025-09-22 23:37:25,735 - INFO - FAILED - Reason: URL_REDIRECT | Company ID: 9976 | Company Name: BRIGHT DENIZCILIK VE GEMI | Expected URL: https://magicport.ai/owners-managers/t%C3%BCrkiye/bright-denizcilik-ve-gemi | Redirected to: https://magicport.ai/owners-managers/t%c3%bcrkiye/bright-denizcilik-ve-gemi
2025-09-22 23:37:25,770 - INFO - FAILED - Reason: UNEXPECTED_ERROR: cannot unpack non-iterable bool object | Company ID: 9976 | Company Name: BRIGHT DENIZCILIK VE GEMI | Expected URL: https://magicport.ai/owners-managers/t%C3%BCrkiye/bright-denizcilik-ve-gemi
2025-09-22 23:37:48,844 - INFO - FAILED - Reason: URL_REDIRECT | Company ID: 9977 | Company Name: ALEMAX DENIZCILIK VE GEMI | Expected URL: https://magicport.ai/owners-managers/t%C3%BCrkiye/alemax-denizcilik-ve-gemi | Redirected to: https://magicport.ai/owners-managers/t%c3%bcrkiye/alemax-denizcilik-ve-gemi
2025-09-22 23:37:48,882 - INFO - FAILED - Reason: UNEXPECTED_ERROR: cannot unpack non-iterable bool object | Company ID: 9977 | Company Name: ALEMAX DENIZCILIK VE GEMI | Expected URL: https://magicport.ai/owners-managers/t%C3%BCrkiye/alemax-denizcilik-ve-gemi
2025-09-22 23:38:09,565 - INFO - FAILED - Reason: URL_REDIRECT | Company ID: 9978 | Company Name: AKGUNLER ISLETMELERI STI LTD | Expected URL: https://magicport.ai/owners-managers/t%C3%BCrkiye/akgunler-isletmeleri-sti-ltd | Redirected to: https://magicport.ai/owners-managers/t%c3%bcrkiye/akgunler-isletmeleri-sti-ltd
2025-09-22 23:38:09,601 - INFO - FAILED - Reason: UNEXPECTED_ERROR: cannot unpack non-iterable bool object | Company ID: 9978 | Company Name: AKGUNLER ISLETMELERI STI LTD | Expected URL: https://magicport.ai/owners-managers/t%C3%BCrkiye/akgunler-isletmeleri-sti-ltd
2025-09-22 23:38:54,167 - INFO - FAILED - Reason: URL_REDIRECT | Company ID: 9979 | Company Name: ARMONA DENIZCILIK AS | Expected URL: https://magicport.ai/owners-managers/t%C3%BCrkiye/armona-denizcilik-as | Redirected to: https://magicport.ai/owners-managers/t%c3%bcrkiye/armona-denizcilik-as
2025-09-22 23:38:54,203 - INFO - FAILED - Reason: UNEXPECTED_ERROR: cannot unpack non-iterable bool object | Company ID: 9979 | Company Name: ARMONA DENIZCILIK AS | Expected URL: https://magicport.ai/owners-managers/t%C3%BCrkiye/armona-denizcilik-as
2025-09-22 23:39:10,193 - INFO - FAILED - Reason: URL_REDIRECT | Company ID: 9980 | Company Name: ALESTA RORO GEMI ACENTELIGI | Expected URL: https://magicport.ai/owners-managers/t%C3%BCrkiye/alesta-roro-gemi-acenteligi | Redirected to: https://magicport.ai/owners-managers/t%c3%bcrkiye/alesta-roro-gemi-acenteligi
2025-09-22 23:39:10,230 - INFO - FAILED - Reason: UNEXPECTED_ERROR: cannot unpack non-iterable bool object | Company ID: 9980 | Company Name: ALESTA RORO GEMI ACENTELIGI | Expected URL: https://magicport.ai/owners-managers/t%C3%BCrkiye/alesta-roro-gemi-acenteligi
2025-09-22 23:39:24,388 - INFO - FAILED - Reason: URL_REDIRECT | Company ID: 9981 | Company Name: DEDE DENIZCILIK TASIMACILIK | Expected URL: https://magicport.ai/owners-managers/t%C3%BCrkiye/dede-denizcilik-tasimacilik | Redirected to: https://magicport.ai/owners-managers/t%c3%bcrkiye/dede-denizcilik-tasimacilik
2025-09-22 23:39:24,424 - INFO - FAILED - Reason: UNEXPECTED_ERROR: cannot unpack non-iterable bool object | Company ID: 9981 | Company Name: DEDE DENIZCILIK TASIMACILIK | Expected URL: https://magicport.ai/owners-managers/t%C3%BCrkiye/dede-denizcilik-tasimacilik
2025-09-22 23:39:39,054 - INFO - FAILED - Reason: URL_REDIRECT | Company ID: 9982 | Company Name: SUSESEA DENIZ ISLETMECILIGI AS | Expected URL: https://magicport.ai/owners-managers/t%C3%BCrkiye/susesea-deniz-isletmeciligi-as | Redirected to: https://magicport.ai/owners-managers/t%c3%bcrkiye/susesea-deniz-isletmeciligi-as
2025-09-22 23:39:39,091 - INFO - FAILED - Reason: UNEXPECTED_ERROR: cannot unpack non-iterable bool object | Company ID: 9982 | Company Name: SUSESEA DENIZ ISLETMECILIGI AS | Expected URL: https://magicport.ai/owners-managers/t%C3%BCrkiye/susesea-deniz-isletmeciligi-as
2025-09-22 23:40:23,308 - INFO - FAILED - Reason: URL_REDIRECT | Company ID: 9983 | Company Name: TURKIYE PETROLLERI | Expected URL: https://magicport.ai/owners-managers/t%C3%BCrkiye/turkiye-petrolleri | Redirected to: https://magicport.ai/owners-managers/t%c3%bcrkiye/turkiye-petrolleri
2025-09-22 23:40:23,349 - INFO - FAILED - Reason: UNEXPECTED_ERROR: cannot unpack non-iterable bool object | Company ID: 9983 | Company Name: TURKIYE PETROLLERI | Expected URL: https://magicport.ai/owners-managers/t%C3%BCrkiye/turkiye-petrolleri
2025-09-22 23:40:37,938 - INFO - FAILED - Reason: URL_REDIRECT | Company ID: 9984 | Company Name: NORTHWIND DENIZCILIK SANAYI | Expected URL: https://magicport.ai/owners-managers/t%C3%BCrkiye/northwind-denizcilik-sanayi | Redirected to: https://magicport.ai/owners-managers/t%c3%bcrkiye/northwind-denizcilik-sanayi
2025-09-22 23:40:37,975 - INFO - FAILED - Reason: UNEXPECTED_ERROR: cannot unpack non-iterable bool object | Company ID: 9984 | Company Name: NORTHWIND DENIZCILIK SANAYI | Expected URL: https://magicport.ai/owners-managers/t%C3%BCrkiye/northwind-denizcilik-sanayi
2025-09-22 23:40:53,023 - INFO - FAILED - Reason: URL_REDIRECT | Company ID: 9985 | Company Name: ACECHEM TANKER BV | Expected URL: https://magicport.ai/owners-managers/t%C3%BCrkiye/acechem-tanker-bv | Redirected to: https://magicport.ai/owners-managers/t%c3%bcrkiye/acechem-tanker-bv
2025-09-22 23:40:53,060 - INFO - FAILED - Reason: UNEXPECTED_ERROR: cannot unpack non-iterable bool object | Company ID: 9985 | Company Name: ACECHEM TANKER BV | Expected URL: https://magicport.ai/owners-managers/t%C3%BCrkiye/acechem-tanker-bv
2025-09-22 23:41:07,419 - INFO - FAILED - Reason: URL_REDIRECT | Company ID: 9986 | Company Name: DEDE DENIZCILIK TASIMACILIK | Expected URL: https://magicport.ai/owners-managers/t%C3%BCrkiye/dede-denizcilik-tasimacilik | Redirected to: https://magicport.ai/owners-managers/t%c3%bcrkiye/dede-denizcilik-tasimacilik
2025-09-22 23:41:07,455 - INFO - FAILED - Reason: UNEXPECTED_ERROR: cannot unpack non-iterable bool object | Company ID: 9986 | Company Name: DEDE DENIZCILIK TASIMACILIK | Expected URL: https://magicport.ai/owners-managers/t%C3%BCrkiye/dede-denizcilik-tasimacilik
2025-09-22 23:41:40,851 - INFO - FAILED - Reason: URL_REDIRECT | Company ID: 9987 | Company Name: SAAM TOWAGE PERU SAC | Expected URL: https://magicport.ai/owners-managers/t%C3%BCrkiye/saam-towage-peru-sac | Redirected to: https://magicport.ai/owners-managers/t%c3%bcrkiye/saam-towage-peru-sac
2025-09-22 23:41:40,885 - INFO - FAILED - Reason: UNEXPECTED_ERROR: cannot unpack non-iterable bool object | Company ID: 9987 | Company Name: SAAM TOWAGE PERU SAC | Expected URL: https://magicport.ai/owners-managers/t%C3%BCrkiye/saam-towage-peru-sac
2025-09-22 23:41:55,552 - INFO - FAILED - Reason: URL_REDIRECT | Company ID: 9988 | Company Name: TOKYO GEMI ISLETMECILIGI AS | Expected URL: https://magicport.ai/owners-managers/t%C3%BCrkiye/tokyo-gemi-isletmeciligi-as | Redirected to: https://magicport.ai/owners-managers/t%c3%bcrkiye/tokyo-gemi-isletmeciligi-as
2025-09-22 23:41:55,589 - INFO - FAILED - Reason: UNEXPECTED_ERROR: cannot unpack non-iterable bool object | Company ID: 9988 | Company Name: TOKYO GEMI ISLETMECILIGI AS | Expected URL: https://magicport.ai/owners-managers/t%C3%BCrkiye/tokyo-gemi-isletmeciligi-as
2025-09-22 23:42:09,672 - INFO - FAILED - Reason: URL_REDIRECT | Company ID: 9989 | Company Name: ISTANBUL DENIZCILIK VE DENIZ | Expected URL: https://magicport.ai/owners-managers/t%C3%BCrkiye/istanbul-denizcilik-ve-deniz | Redirected to: https://magicport.ai/owners-managers/t%c3%bcrkiye/istanbul-denizcilik-ve-deniz
2025-09-22 23:42:09,710 - INFO - FAILED - Reason: UNEXPECTED_ERROR: cannot unpack non-iterable bool object | Company ID: 9989 | Company Name: ISTANBUL DENIZCILIK VE DENIZ | Expected URL: https://magicport.ai/owners-managers/t%C3%BCrkiye/istanbul-denizcilik-ve-deniz
2025-09-22 23:42:24,366 - INFO - FAILED - Reason: URL_REDIRECT | Company ID: 9990 | Company Name: ULUSOY DENIZYOLLARI | Expected URL: https://magicport.ai/owners-managers/t%C3%BCrkiye/ulusoy-denizyollari | Redirected to: https://magicport.ai/owners-managers/t%c3%bcrkiye/ulusoy-denizyollari
2025-09-22 23:42:24,403 - INFO - FAILED - Reason: UNEXPECTED_ERROR: cannot unpack non-iterable bool object | Company ID: 9990 | Company Name: ULUSOY DENIZYOLLARI | Expected URL: https://magicport.ai/owners-managers/t%C3%BCrkiye/ulusoy-denizyollari
2025-09-22 23:42:40,341 - INFO - FAILED - Reason: URL_REDIRECT | Company ID: 9991 | Company Name: ALESTA RORO GEMI ACENTELIGI | Expected URL: https://magicport.ai/owners-managers/t%C3%BCrkiye/alesta-roro-gemi-acenteligi | Redirected to: https://magicport.ai/owners-managers/t%c3%bcrkiye/alesta-roro-gemi-acenteligi
2025-09-22 23:42:40,378 - INFO - FAILED - Reason: UNEXPECTED_ERROR: cannot unpack non-iterable bool object | Company ID: 9991 | Company Name: ALESTA RORO GEMI ACENTELIGI | Expected URL: https://magicport.ai/owners-managers/t%C3%BCrkiye/alesta-roro-gemi-acenteligi
2025-09-22 23:42:54,777 - INFO - FAILED - Reason: URL_REDIRECT | Company ID: 9992 | Company Name: BOREALIS TANKER KIRALAMA AS | Expected URL: https://magicport.ai/owners-managers/t%C3%BCrkiye/borealis-tanker-kiralama-as | Redirected to: https://magicport.ai/owners-managers/t%c3%bcrkiye/borealis-tanker-kiralama-as
2025-09-22 23:42:54,813 - INFO - FAILED - Reason: UNEXPECTED_ERROR: cannot unpack non-iterable bool object | Company ID: 9992 | Company Name: BOREALIS TANKER KIRALAMA AS | Expected URL: https://magicport.ai/owners-managers/t%C3%BCrkiye/borealis-tanker-kiralama-as
2025-09-22 23:43:09,511 - INFO - FAILED - Reason: URL_REDIRECT | Company ID: 9993 | Company Name: VENTO DENIZ ISLETMELERI | Expected URL: https://magicport.ai/owners-managers/t%C3%BCrkiye/vento-deniz-isletmeleri | Redirected to: https://magicport.ai/owners-managers/t%c3%bcrkiye/vento-deniz-isletmeleri
2025-09-22 23:43:09,547 - INFO - FAILED - Reason: UNEXPECTED_ERROR: cannot unpack non-iterable bool object | Company ID: 9993 | Company Name: VENTO DENIZ ISLETMELERI | Expected URL: https://magicport.ai/owners-managers/t%C3%BCrkiye/vento-deniz-isletmeleri
2025-09-22 23:43:53,546 - INFO - FAILED - Reason: URL_REDIRECT | Company ID: 9994 | Company Name: ARAS DENIZ INSAAT AS | Expected URL: https://magicport.ai/owners-managers/t%C3%BCrkiye/aras-deniz-insaat-as | Redirected to: https://magicport.ai/owners-managers/t%c3%bcrkiye/aras-deniz-insaat-as
2025-09-22 23:43:53,583 - INFO - FAILED - Reason: UNEXPECTED_ERROR: cannot unpack non-iterable bool object | Company ID: 9994 | Company Name: ARAS DENIZ INSAAT AS | Expected URL: https://magicport.ai/owners-managers/t%C3%BCrkiye/aras-deniz-insaat-as
2025-09-22 23:44:08,776 - INFO - FAILED - Reason: URL_REDIRECT | Company ID: 9995 | Company Name: ENKA INSAAT VE SANAYI AS | Expected URL: https://magicport.ai/owners-managers/t%C3%BCrkiye/enka-insaat-ve-sanayi-as | Redirected to: https://magicport.ai/owners-managers/t%c3%bcrkiye/enka-insaat-ve-sanayi-as
2025-09-22 23:44:08,811 - INFO - FAILED - Reason: UNEXPECTED_ERROR: cannot unpack non-iterable bool object | Company ID: 9995 | Company Name: ENKA INSAAT VE SANAYI AS | Expected URL: https://magicport.ai/owners-managers/t%C3%BCrkiye/enka-insaat-ve-sanayi-as
2025-09-22 23:44:23,030 - INFO - FAILED - Reason: URL_REDIRECT | Company ID: 9996 | Company Name: SUSESEA DENIZ ISLETMECILIGI AS | Expected URL: https://magicport.ai/owners-managers/t%C3%BCrkiye/susesea-deniz-isletmeciligi-as | Redirected to: https://magicport.ai/owners-managers/t%c3%bcrkiye/susesea-deniz-isletmeciligi-as
2025-09-22 23:44:23,066 - INFO - FAILED - Reason: UNEXPECTED_ERROR: cannot unpack non-iterable bool object | Company ID: 9996 | Company Name: SUSESEA DENIZ ISLETMECILIGI AS | Expected URL: https://magicport.ai/owners-managers/t%C3%BCrkiye/susesea-deniz-isletmeciligi-as
2025-09-22 23:44:37,715 - INFO - FAILED - Reason: URL_REDIRECT | Company ID: 9997 | Company Name: DEDE DENIZCILIK TASIMACILIK | Expected URL: https://magicport.ai/owners-managers/t%C3%BCrkiye/dede-denizcilik-tasimacilik | Redirected to: https://magicport.ai/owners-managers/t%c3%bcrkiye/dede-denizcilik-tasimacilik
2025-09-22 23:44:37,750 - INFO - FAILED - Reason: UNEXPECTED_ERROR: cannot unpack non-iterable bool object | Company ID: 9997 | Company Name: DEDE DENIZCILIK TASIMACILIK | Expected URL: https://magicport.ai/owners-managers/t%C3%BCrkiye/dede-denizcilik-tasimacilik
2025-09-22 23:44:52,149 - INFO - FAILED - Reason: URL_REDIRECT | Company ID: 9998 | Company Name: SAAM TOWAGE PERU SAC | Expected URL: https://magicport.ai/owners-managers/t%C3%BCrkiye/saam-towage-peru-sac | Redirected to: https://magicport.ai/owners-managers/t%c3%bcrkiye/saam-towage-peru-sac
2025-09-22 23:44:52,190 - INFO - FAILED - Reason: UNEXPECTED_ERROR: cannot unpack non-iterable bool object | Company ID: 9998 | Company Name: SAAM TOWAGE PERU SAC | Expected URL: https://magicport.ai/owners-managers/t%C3%BCrkiye/saam-towage-peru-sac
2025-09-22 23:45:11,573 - INFO - FAILED - Reason: URL_REDIRECT | Company ID: 9999 | Company Name: MEFA DENIZ ACENTELIGI | Expected URL: https://magicport.ai/owners-managers/t%C3%BCrkiye/mefa-deniz-acenteligi | Redirected to: https://magicport.ai/owners-managers/t%c3%bcrkiye/mefa-deniz-acenteligi
2025-09-22 23:45:11,610 - INFO - FAILED - Reason: UNEXPECTED_ERROR: cannot unpack non-iterable bool object | Company ID: 9999 | Company Name: MEFA DENIZ ACENTELIGI | Expected URL: https://magicport.ai/owners-managers/t%C3%BCrkiye/mefa-deniz-acenteligi
2025-09-22 23:45:29,596 - INFO - FAILED - Reason: URL_REDIRECT | Company ID: 10000 | Company Name: BEYKAR DENIZCILIK GEMI | Expected URL: https://magicport.ai/owners-managers/t%C3%BCrkiye/beykar-denizcilik-gemi | Redirected to: https://magicport.ai/owners-managers/t%c3%bcrkiye/beykar-denizcilik-gemi
2025-09-22 23:45:29,634 - INFO - FAILED - Reason: UNEXPECTED_ERROR: cannot unpack non-iterable bool object | Company ID: 10000 | Company Name: BEYKAR DENIZCILIK GEMI | Expected URL: https://magicport.ai/owners-managers/t%C3%BCrkiye/beykar-denizcilik-gemi
2025-09-22 23:45:44,168 - INFO - FAILED - Reason: URL_REDIRECT | Company ID: 10001 | Company Name: ORAS DENIZCILIK VE TICARET LTD | Expected URL: https://magicport.ai/owners-managers/t%C3%BCrkiye/oras-denizcilik-ve-ticaret-ltd | Redirected to: https://magicport.ai/owners-managers/t%c3%bcrkiye/oras-denizcilik-ve-ticaret-ltd
2025-09-22 23:45:44,207 - INFO - FAILED - Reason: UNEXPECTED_ERROR: cannot unpack non-iterable bool object | Company ID: 10001 | Company Name: ORAS DENIZCILIK VE TICARET LTD | Expected URL: https://magicport.ai/owners-managers/t%C3%BCrkiye/oras-denizcilik-ve-ticaret-ltd
2025-09-22 23:45:59,778 - INFO - FAILED - Reason: URL_REDIRECT | Company ID: 10002 | Company Name: TURKISH PETROLEUM OFF-SHORE AS | Expected URL: https://magicport.ai/owners-managers/t%C3%BCrkiye/turkish-petroleum-off-shore-as | Redirected to: https://magicport.ai/owners-managers/t%c3%bcrkiye/turkish-petroleum-off-shore-as
2025-09-22 23:45:59,813 - INFO - FAILED - Reason: UNEXPECTED_ERROR: cannot unpack non-iterable bool object | Company ID: 10002 | Company Name: TURKISH PETROLEUM OFF-SHORE AS | Expected URL: https://magicport.ai/owners-managers/t%C3%BCrkiye/turkish-petroleum-off-shore-as
2025-09-22 23:46:15,757 - INFO - FAILED - Reason: URL_REDIRECT | Company ID: 10003 | Company Name: BEYKIM DENIZCILIK GEMI | Expected URL: https://magicport.ai/owners-managers/t%C3%BCrkiye/beykim-denizcilik-gemi | Redirected to: https://magicport.ai/owners-managers/t%c3%bcrkiye/beykim-denizcilik-gemi
2025-09-22 23:46:15,792 - INFO - FAILED - Reason: UNEXPECTED_ERROR: cannot unpack non-iterable bool object | Company ID: 10003 | Company Name: BEYKIM DENIZCILIK GEMI | Expected URL: https://magicport.ai/owners-managers/t%C3%BCrkiye/beykim-denizcilik-gemi
2025-09-22 23:46:30,337 - INFO - FAILED - Reason: URL_REDIRECT | Company ID: 10004 | Company Name: AVRASYA DENIZ TASIMACILIGI | Expected URL: https://magicport.ai/owners-managers/t%C3%BCrkiye/avrasya-deniz-tasimaciligi | Redirected to: https://magicport.ai/owners-managers/t%c3%bcrkiye/avrasya-deniz-tasimaciligi
2025-09-22 23:46:30,375 - INFO - FAILED - Reason: UNEXPECTED_ERROR: cannot unpack non-iterable bool object | Company ID: 10004 | Company Name: AVRASYA DENIZ TASIMACILIGI | Expected URL: https://magicport.ai/owners-managers/t%C3%BCrkiye/avrasya-deniz-tasimaciligi
2025-09-22 23:46:45,817 - INFO - FAILED - Reason: URL_REDIRECT | Company ID: 10005 | Company Name: CANBAZ DENIZCILIK VE NAKLIYAT | Expected URL: https://magicport.ai/owners-managers/t%C3%BCrkiye/canbaz-denizcilik-ve-nakliyat | Redirected to: https://magicport.ai/owners-managers/t%c3%bcrkiye/canbaz-denizcilik-ve-nakliyat
2025-09-22 23:46:45,856 - INFO - FAILED - Reason: UNEXPECTED_ERROR: cannot unpack non-iterable bool object | Company ID: 10005 | Company Name: CANBAZ DENIZCILIK VE NAKLIYAT | Expected URL: https://magicport.ai/owners-managers/t%C3%BCrkiye/canbaz-denizcilik-ve-nakliyat
2025-09-22 23:47:01,039 - INFO - FAILED - Reason: URL_REDIRECT | Company ID: 10006 | Company Name: HGF DENIZCILIK LTD STI | Expected URL: https://magicport.ai/owners-managers/t%C3%BCrkiye/hgf-denizcilik-ltd-sti | Redirected to: https://magicport.ai/owners-managers/t%c3%bcrkiye/hgf-denizcilik-ltd-sti
2025-09-22 23:47:01,077 - INFO - FAILED - Reason: UNEXPECTED_ERROR: cannot unpack non-iterable bool object | Company ID: 10006 | Company Name: HGF DENIZCILIK LTD STI | Expected URL: https://magicport.ai/owners-managers/t%C3%BCrkiye/hgf-denizcilik-ltd-sti
2025-09-22 23:47:16,792 - INFO - FAILED - Reason: URL_REDIRECT | Company ID: 10007 | Company Name: NARLI FERIBOT ISLETMECILIGI AS | Expected URL: https://magicport.ai/owners-managers/t%C3%BCrkiye/narli-feribot-isletmeciligi-as | Redirected to: https://magicport.ai/owners-managers/t%c3%bcrkiye/narli-feribot-isletmeciligi-as
2025-09-22 23:47:16,838 - INFO - FAILED - Reason: UNEXPECTED_ERROR: cannot unpack non-iterable bool object | Company ID: 10007 | Company Name: NARLI FERIBOT ISLETMECILIGI AS | Expected URL: https://magicport.ai/owners-managers/t%C3%BCrkiye/narli-feribot-isletmeciligi-as
2025-09-22 23:47:34,914 - INFO - FAILED - Reason: URL_REDIRECT | Company ID: 10008 | Company Name: BEYKAR DENIZCILIK GEMI | Expected URL: https://magicport.ai/owners-managers/t%C3%BCrkiye/beykar-denizcilik-gemi | Redirected to: https://magicport.ai/owners-managers/t%c3%bcrkiye/beykar-denizcilik-gemi
2025-09-22 23:47:34,951 - INFO - FAILED - Reason: UNEXPECTED_ERROR: cannot unpack non-iterable bool object | Company ID: 10008 | Company Name: BEYKAR DENIZCILIK GEMI | Expected URL: https://magicport.ai/owners-managers/t%C3%BCrkiye/beykar-denizcilik-gemi
2025-09-22 23:47:49,737 - INFO - FAILED - Reason: URL_REDIRECT | Company ID: 10009 | Company Name: AVRASYA DENIZ TASIMACILIGI | Expected URL: https://magicport.ai/owners-managers/t%C3%BCrkiye/avrasya-deniz-tasimaciligi | Redirected to: https://magicport.ai/owners-managers/t%c3%bcrkiye/avrasya-deniz-tasimaciligi
2025-09-22 23:47:49,773 - INFO - FAILED - Reason: UNEXPECTED_ERROR: cannot unpack non-iterable bool object | Company ID: 10009 | Company Name: AVRASYA DENIZ TASIMACILIGI | Expected URL: https://magicport.ai/owners-managers/t%C3%BCrkiye/avrasya-deniz-tasimaciligi
2025-09-22 23:48:04,328 - INFO - FAILED - Reason: URL_REDIRECT | Company ID: 10010 | Company Name: MIKLAGARD S GEMI ISLETMECILIGI | Expected URL: https://magicport.ai/owners-managers/t%C3%BCrkiye/miklagard-s-gemi-isletmeciligi | Redirected to: https://magicport.ai/owners-managers/t%c3%bcrkiye/miklagard-s-gemi-isletmeciligi
2025-09-22 23:48:04,364 - INFO - FAILED - Reason: UNEXPECTED_ERROR: cannot unpack non-iterable bool object | Company ID: 10010 | Company Name: MIKLAGARD S GEMI ISLETMECILIGI | Expected URL: https://magicport.ai/owners-managers/t%C3%BCrkiye/miklagard-s-gemi-isletmeciligi
2025-09-22 23:48:19,288 - INFO - FAILED - Reason: URL_REDIRECT | Company ID: 10011 | Company Name: KAMER MARINE ULUSLARARASI | Expected URL: https://magicport.ai/owners-managers/t%C3%BCrkiye/kamer-marine-uluslararasi | Redirected to: https://magicport.ai/owners-managers/t%c3%bcrkiye/kamer-marine-uluslararasi
2025-09-22 23:48:19,324 - INFO - FAILED - Reason: UNEXPECTED_ERROR: cannot unpack non-iterable bool object | Company ID: 10011 | Company Name: KAMER MARINE ULUSLARARASI | Expected URL: https://magicport.ai/owners-managers/t%C3%BCrkiye/kamer-marine-uluslararasi
2025-09-22 23:48:37,347 - INFO - FAILED - Reason: URL_REDIRECT | Company ID: 10012 | Company Name: CANBAZ DENIZCILIK VE NAKLIYAT | Expected URL: https://magicport.ai/owners-managers/t%C3%BCrkiye/canbaz-denizcilik-ve-nakliyat | Redirected to: https://magicport.ai/owners-managers/t%c3%bcrkiye/canbaz-denizcilik-ve-nakliyat
2025-09-22 23:48:37,383 - INFO - FAILED - Reason: UNEXPECTED_ERROR: cannot unpack non-iterable bool object | Company ID: 10012 | Company Name: CANBAZ DENIZCILIK VE NAKLIYAT | Expected URL: https://magicport.ai/owners-managers/t%C3%BCrkiye/canbaz-denizcilik-ve-nakliyat
2025-09-22 23:48:52,277 - INFO - FAILED - Reason: URL_REDIRECT | Company ID: 10013 | Company Name: GESTAS DENIZ ULASIM TURIZM | Expected URL: https://magicport.ai/owners-managers/t%C3%BCrkiye/gestas-deniz-ulasim-turizm | Redirected to: https://magicport.ai/owners-managers/t%c3%bcrkiye/gestas-deniz-ulasim-turizm
2025-09-22 23:48:52,315 - INFO - FAILED - Reason: UNEXPECTED_ERROR: cannot unpack non-iterable bool object | Company ID: 10013 | Company Name: GESTAS DENIZ ULASIM TURIZM | Expected URL: https://magicport.ai/owners-managers/t%C3%BCrkiye/gestas-deniz-ulasim-turizm
2025-09-22 23:49:12,073 - INFO - FAILED - Reason: URL_REDIRECT | Company ID: 10014 | Company Name: TRANS KA TANKER | Expected URL: https://magicport.ai/owners-managers/t%C3%BCrkiye/trans-ka-tanker | Redirected to: https://magicport.ai/owners-managers/t%c3%bcrkiye/trans-ka-tanker
2025-09-22 23:49:12,112 - INFO - FAILED - Reason: UNEXPECTED_ERROR: cannot unpack non-iterable bool object | Company ID: 10014 | Company Name: TRANS KA TANKER | Expected URL: https://magicport.ai/owners-managers/t%C3%BCrkiye/trans-ka-tanker
2025-09-22 23:49:58,724 - INFO - FAILED - Reason: URL_REDIRECT | Company ID: 10015 | Company Name: LIMAR LIMAN VE GEMI | Expected URL: https://magicport.ai/owners-managers/t%C3%BCrkiye/limar-liman-ve-gemi | Redirected to: https://magicport.ai/owners-managers/t%c3%bcrkiye/limar-liman-ve-gemi
2025-09-22 23:49:58,762 - INFO - FAILED - Reason: UNEXPECTED_ERROR: cannot unpack non-iterable bool object | Company ID: 10015 | Company Name: LIMAR LIMAN VE GEMI | Expected URL: https://magicport.ai/owners-managers/t%C3%BCrkiye/limar-liman-ve-gemi
2025-09-22 23:50:15,154 - INFO - FAILED - Reason: URL_REDIRECT | Company ID: 10016 | Company Name: STAR SHIP DENIZCILIK | Expected URL: https://magicport.ai/owners-managers/t%C3%BCrkiye/star-ship-denizcilik | Redirected to: https://magicport.ai/owners-managers/t%c3%bcrkiye/star-ship-denizcilik
2025-09-22 23:50:15,192 - INFO - FAILED - Reason: UNEXPECTED_ERROR: cannot unpack non-iterable bool object | Company ID: 10016 | Company Name: STAR SHIP DENIZCILIK | Expected URL: https://magicport.ai/owners-managers/t%C3%BCrkiye/star-ship-denizcilik
2025-09-22 23:50:31,295 - INFO - FAILED - Reason: URL_REDIRECT | Company ID: 10017 | Company Name: NISMAR SHIPPING LTD | Expected URL: https://magicport.ai/owners-managers/t%C3%BCrkiye/nismar-shipping-ltd | Redirected to: https://magicport.ai/owners-managers/t%c3%bcrkiye/nismar-shipping-ltd
2025-09-22 23:50:31,329 - INFO - FAILED - Reason: UNEXPECTED_ERROR: cannot unpack non-iterable bool object | Company ID: 10017 | Company Name: NISMAR SHIPPING LTD | Expected URL: https://magicport.ai/owners-managers/t%C3%BCrkiye/nismar-shipping-ltd
2025-09-22 23:50:47,244 - INFO - FAILED - Reason: URL_REDIRECT | Company ID: 10018 | Company Name: TAYF DENIZCILIK VE NAKLIYAT | Expected URL: https://magicport.ai/owners-managers/t%C3%BCrkiye/tayf-denizcilik-ve-nakliyat | Redirected to: https://magicport.ai/owners-managers/t%c3%bcrkiye/tayf-denizcilik-ve-nakliyat
2025-09-22 23:50:47,283 - INFO - FAILED - Reason: UNEXPECTED_ERROR: cannot unpack non-iterable bool object | Company ID: 10018 | Company Name: TAYF DENIZCILIK VE NAKLIYAT | Expected URL: https://magicport.ai/owners-managers/t%C3%BCrkiye/tayf-denizcilik-ve-nakliyat
2025-09-22 23:51:02,164 - INFO - FAILED - Reason: URL_REDIRECT | Company ID: 10019 | Company Name: DEVAL MARINE GEMI | Expected URL: https://magicport.ai/owners-managers/t%C3%BCrkiye/deval-marine-gemi | Redirected to: https://magicport.ai/owners-managers/t%c3%bcrkiye/deval-marine-gemi
2025-09-22 23:51:02,200 - INFO - FAILED - Reason: UNEXPECTED_ERROR: cannot unpack non-iterable bool object | Company ID: 10019 | Company Name: DEVAL MARINE GEMI | Expected URL: https://magicport.ai/owners-managers/t%C3%BCrkiye/deval-marine-gemi
2025-09-22 23:51:16,605 - INFO - FAILED - Reason: URL_REDIRECT | Company ID: 10020 | Company Name: TTS DENIZCILIK AS | Expected URL: https://magicport.ai/owners-managers/t%C3%BCrkiye/tts-denizcilik-as | Redirected to: https://magicport.ai/owners-managers/t%c3%bcrkiye/tts-denizcilik-as
2025-09-22 23:51:16,641 - INFO - FAILED - Reason: UNEXPECTED_ERROR: cannot unpack non-iterable bool object | Company ID: 10020 | Company Name: TTS DENIZCILIK AS | Expected URL: https://magicport.ai/owners-managers/t%C3%BCrkiye/tts-denizcilik-as
2025-09-22 23:51:30,825 - INFO - FAILED - Reason: URL_REDIRECT | Company ID: 10021 | Company Name: MEFA DENIZ ACENTELIGI | Expected URL: https://magicport.ai/owners-managers/t%C3%BCrkiye/mefa-deniz-acenteligi | Redirected to: https://magicport.ai/owners-managers/t%c3%bcrkiye/mefa-deniz-acenteligi
2025-09-22 23:51:30,865 - INFO - FAILED - Reason: UNEXPECTED_ERROR: cannot unpack non-iterable bool object | Company ID: 10021 | Company Name: MEFA DENIZ ACENTELIGI | Expected URL: https://magicport.ai/owners-managers/t%C3%BCrkiye/mefa-deniz-acenteligi
2025-09-22 23:51:45,420 - INFO - FAILED - Reason: URL_REDIRECT | Company ID: 10022 | Company Name: AQUA ACTIVITY HOLDING SA | Expected URL: https://magicport.ai/owners-managers/t%C3%BCrkiye/aqua-activity-holding-sa | Redirected to: https://magicport.ai/owners-managers/t%c3%bcrkiye/aqua-activity-holding-sa
2025-09-22 23:51:45,457 - INFO - FAILED - Reason: UNEXPECTED_ERROR: cannot unpack non-iterable bool object | Company ID: 10022 | Company Name: AQUA ACTIVITY HOLDING SA | Expected URL: https://magicport.ai/owners-managers/t%C3%BCrkiye/aqua-activity-holding-sa
2025-09-22 23:52:00,541 - INFO - FAILED - Reason: URL_REDIRECT | Company ID: 10023 | Company Name: AVRASYA DENIZ TASIMACILIGI | Expected URL: https://magicport.ai/owners-managers/t%C3%BCrkiye/avrasya-deniz-tasimaciligi | Redirected to: https://magicport.ai/owners-managers/t%c3%bcrkiye/avrasya-deniz-tasimaciligi
2025-09-22 23:52:00,581 - INFO - FAILED - Reason: UNEXPECTED_ERROR: cannot unpack non-iterable bool object | Company ID: 10023 | Company Name: AVRASYA DENIZ TASIMACILIGI | Expected URL: https://magicport.ai/owners-managers/t%C3%BCrkiye/avrasya-deniz-tasimaciligi
2025-09-22 23:52:16,944 - INFO - FAILED - Reason: URL_REDIRECT | Company ID: 10024 | Company Name: OCEAN EAGLE SHIPPING & TRADING | Expected URL: https://magicport.ai/owners-managers/t%C3%BCrkiye/ocean-eagle-shipping-trading | Redirected to: https://magicport.ai/owners-managers/t%c3%bcrkiye/ocean-eagle-shipping-trading
2025-09-22 23:52:16,984 - INFO - FAILED - Reason: UNEXPECTED_ERROR: cannot unpack non-iterable bool object | Company ID: 10024 | Company Name: OCEAN EAGLE SHIPPING & TRADING | Expected URL: https://magicport.ai/owners-managers/t%C3%BCrkiye/ocean-eagle-shipping-trading
2025-09-22 23:52:32,502 - INFO - FAILED - Reason: URL_REDIRECT | Company ID: 10025 | Company Name: GLORY DENIZCILIK VE GEMI | Expected URL: https://magicport.ai/owners-managers/t%C3%BCrkiye/glory-denizcilik-ve-gemi | Redirected to: https://magicport.ai/owners-managers/t%c3%bcrkiye/glory-denizcilik-ve-gemi
2025-09-22 23:52:32,540 - INFO - FAILED - Reason: UNEXPECTED_ERROR: cannot unpack non-iterable bool object | Company ID: 10025 | Company Name: GLORY DENIZCILIK VE GEMI | Expected URL: https://magicport.ai/owners-managers/t%C3%BCrkiye/glory-denizcilik-ve-gemi
2025-09-22 23:52:54,129 - INFO - FAILED - Reason: URL_REDIRECT | Company ID: 10026 | Company Name: MCE KARGO-MAHMUT CAN EGERCI | Expected URL: https://magicport.ai/owners-managers/t%C3%BCrkiye/mce-kargo-mahmut-can-egerci | Redirected to: https://magicport.ai/owners-managers/t%c3%bcrkiye/mce-kargo-mahmut-can-egerci
2025-09-22 23:52:54,175 - INFO - FAILED - Reason: UNEXPECTED_ERROR: cannot unpack non-iterable bool object | Company ID: 10026 | Company Name: MCE KARGO-MAHMUT CAN EGERCI | Expected URL: https://magicport.ai/owners-managers/t%C3%BCrkiye/mce-kargo-mahmut-can-egerci
2025-09-22 23:53:09,375 - INFO - FAILED - Reason: URL_REDIRECT | Company ID: 10027 | Company Name: CVS DENIZCILIK SANAYI TICARET | Expected URL: https://magicport.ai/owners-managers/t%C3%BCrkiye/cvs-denizcilik-sanayi-ticaret | Redirected to: https://magicport.ai/owners-managers/t%c3%bcrkiye/cvs-denizcilik-sanayi-ticaret
2025-09-22 23:53:09,409 - INFO - FAILED - Reason: UNEXPECTED_ERROR: cannot unpack non-iterable bool object | Company ID: 10027 | Company Name: CVS DENIZCILIK SANAYI TICARET | Expected URL: https://magicport.ai/owners-managers/t%C3%BCrkiye/cvs-denizcilik-sanayi-ticaret
2025-09-22 23:53:24,239 - INFO - FAILED - Reason: URL_REDIRECT | Company ID: 10028 | Company Name: ORUBA SHIPPING LTD | Expected URL: https://magicport.ai/owners-managers/t%C3%BCrkiye/oruba-shipping-ltd | Redirected to: https://magicport.ai/owners-managers/t%c3%bcrkiye/oruba-shipping-ltd
2025-09-22 23:53:24,275 - INFO - FAILED - Reason: UNEXPECTED_ERROR: cannot unpack non-iterable bool object | Company ID: 10028 | Company Name: ORUBA SHIPPING LTD | Expected URL: https://magicport.ai/owners-managers/t%C3%BCrkiye/oruba-shipping-ltd
2025-09-22 23:53:39,127 - INFO - FAILED - Reason: URL_REDIRECT | Company ID: 10029 | Company Name: TAYF DENIZCILIK VE NAKLIYAT | Expected URL: https://magicport.ai/owners-managers/t%C3%BCrkiye/tayf-denizcilik-ve-nakliyat | Redirected to: https://magicport.ai/owners-managers/t%c3%bcrkiye/tayf-denizcilik-ve-nakliyat
2025-09-22 23:53:39,163 - INFO - FAILED - Reason: UNEXPECTED_ERROR: cannot unpack non-iterable bool object | Company ID: 10029 | Company Name: TAYF DENIZCILIK VE NAKLIYAT | Expected URL: https://magicport.ai/owners-managers/t%C3%BCrkiye/tayf-denizcilik-ve-nakliyat
2025-09-22 23:53:54,425 - INFO - FAILED - Reason: URL_REDIRECT | Company ID: 10030 | Company Name: NORDIC HAMBURG TURKEY GEMI | Expected URL: https://magicport.ai/owners-managers/t%C3%BCrkiye/nordic-hamburg-turkey-gemi | Redirected to: https://magicport.ai/owners-managers/t%c3%bcrkiye/nordic-hamburg-turkey-gemi
2025-09-22 23:53:54,461 - INFO - FAILED - Reason: UNEXPECTED_ERROR: cannot unpack non-iterable bool object | Company ID: 10030 | Company Name: NORDIC HAMBURG TURKEY GEMI | Expected URL: https://magicport.ai/owners-managers/t%C3%BCrkiye/nordic-hamburg-turkey-gemi
2025-09-22 23:54:10,132 - INFO - FAILED - Reason: URL_REDIRECT | Company ID: 10031 | Company Name: TURYOL | Expected URL: https://magicport.ai/owners-managers/t%C3%BCrkiye/turyol | Redirected to: https://magicport.ai/owners-managers/t%c3%bcrkiye/turyol
2025-09-22 23:54:10,168 - INFO - FAILED - Reason: UNEXPECTED_ERROR: cannot unpack non-iterable bool object | Company ID: 10031 | Company Name: TURYOL | Expected URL: https://magicport.ai/owners-managers/t%C3%BCrkiye/turyol
2025-09-22 23:54:24,920 - INFO - FAILED - Reason: URL_REDIRECT | Company ID: 10032 | Company Name: BEYKAR DENIZCILIK GEMI | Expected URL: https://magicport.ai/owners-managers/t%C3%BCrkiye/beykar-denizcilik-gemi | Redirected to: https://magicport.ai/owners-managers/t%c3%bcrkiye/beykar-denizcilik-gemi
2025-09-22 23:54:24,954 - INFO - FAILED - Reason: UNEXPECTED_ERROR: cannot unpack non-iterable bool object | Company ID: 10032 | Company Name: BEYKAR DENIZCILIK GEMI | Expected URL: https://magicport.ai/owners-managers/t%C3%BCrkiye/beykar-denizcilik-gemi
2025-09-22 23:54:39,283 - INFO - FAILED - Reason: URL_REDIRECT | Company ID: 10033 | Company Name: PAKOIL DENIZCILIK TICARET | Expected URL: https://magicport.ai/owners-managers/t%C3%BCrkiye/pakoil-denizcilik-ticaret | Redirected to: https://magicport.ai/owners-managers/t%c3%bcrkiye/pakoil-denizcilik-ticaret
2025-09-22 23:54:39,319 - INFO - FAILED - Reason: UNEXPECTED_ERROR: cannot unpack non-iterable bool object | Company ID: 10033 | Company Name: PAKOIL DENIZCILIK TICARET | Expected URL: https://magicport.ai/owners-managers/t%C3%BCrkiye/pakoil-denizcilik-ticaret
2025-09-22 23:54:55,512 - INFO - FAILED - Reason: URL_REDIRECT | Company ID: 10034 | Company Name: HGF DENIZCILIK LTD STI | Expected URL: https://magicport.ai/owners-managers/t%C3%BCrkiye/hgf-denizcilik-ltd-sti | Redirected to: https://magicport.ai/owners-managers/t%c3%bcrkiye/hgf-denizcilik-ltd-sti
2025-09-22 23:54:55,547 - INFO - FAILED - Reason: UNEXPECTED_ERROR: cannot unpack non-iterable bool object | Company ID: 10034 | Company Name: HGF DENIZCILIK LTD STI | Expected URL: https://magicport.ai/owners-managers/t%C3%BCrkiye/hgf-denizcilik-ltd-sti
2025-09-22 23:55:14,334 - INFO - FAILED - Reason: URL_REDIRECT | Company ID: 10035 | Company Name: ISTANBUL BUYUKSEHIR BELEDIYE | Expected URL: https://magicport.ai/owners-managers/t%C3%BCrkiye/istanbul-buyuksehir-belediye | Redirected to: https://magicport.ai/owners-managers/t%c3%bcrkiye/istanbul-buyuksehir-belediye
2025-09-22 23:55:14,371 - INFO - FAILED - Reason: UNEXPECTED_ERROR: cannot unpack non-iterable bool object | Company ID: 10035 | Company Name: ISTANBUL BUYUKSEHIR BELEDIYE | Expected URL: https://magicport.ai/owners-managers/t%C3%BCrkiye/istanbul-buyuksehir-belediye
2025-09-22 23:55:29,698 - INFO - FAILED - Reason: URL_REDIRECT | Company ID: 10036 | Company Name: SEA PIONEER DENIZCILIK | Expected URL: https://magicport.ai/owners-managers/t%C3%BCrkiye/sea-pioneer-denizcilik | Redirected to: https://magicport.ai/owners-managers/t%c3%bcrkiye/sea-pioneer-denizcilik
2025-09-22 23:55:29,739 - INFO - FAILED - Reason: UNEXPECTED_ERROR: cannot unpack non-iterable bool object | Company ID: 10036 | Company Name: SEA PIONEER DENIZCILIK | Expected URL: https://magicport.ai/owners-managers/t%C3%BCrkiye/sea-pioneer-denizcilik
2025-09-22 23:55:45,882 - INFO - FAILED - Reason: URL_REDIRECT | Company ID: 10037 | Company Name: ARKAS BUNKERING & TRADING SA | Expected URL: https://magicport.ai/owners-managers/t%C3%BCrkiye/arkas-bunkering-trading-sa | Redirected to: https://magicport.ai/owners-managers/t%c3%bcrkiye/arkas-bunkering-trading-sa
2025-09-22 23:55:45,920 - INFO - FAILED - Reason: UNEXPECTED_ERROR: cannot unpack non-iterable bool object | Company ID: 10037 | Company Name: ARKAS BUNKERING & TRADING SA | Expected URL: https://magicport.ai/owners-managers/t%C3%BCrkiye/arkas-bunkering-trading-sa
2025-09-22 23:56:05,530 - INFO - FAILED - Reason: URL_REDIRECT | Company ID: 10038 | Company Name: MERRY ENTERPRISES DENIZCILK | Expected URL: https://magicport.ai/owners-managers/t%C3%BCrkiye/merry-enterprises-denizcilk | Redirected to: https://magicport.ai/owners-managers/t%c3%bcrkiye/merry-enterprises-denizcilk
2025-09-22 23:56:05,565 - INFO - FAILED - Reason: UNEXPECTED_ERROR: cannot unpack non-iterable bool object | Company ID: 10038 | Company Name: MERRY ENTERPRISES DENIZCILK | Expected URL: https://magicport.ai/owners-managers/t%C3%BCrkiye/merry-enterprises-denizcilk
2025-09-22 23:56:21,320 - INFO - FAILED - Reason: URL_REDIRECT | Company ID: 10039 | Company Name: ALPHAMOON SHIPPING MANAGEMENT | Expected URL: https://magicport.ai/owners-managers/t%C3%BCrkiye/alphamoon-shipping-management | Redirected to: https://magicport.ai/owners-managers/t%c3%bcrkiye/alphamoon-shipping-management
2025-09-22 23:56:21,358 - INFO - FAILED - Reason: UNEXPECTED_ERROR: cannot unpack non-iterable bool object | Company ID: 10039 | Company Name: ALPHAMOON SHIPPING MANAGEMENT | Expected URL: https://magicport.ai/owners-managers/t%C3%BCrkiye/alphamoon-shipping-management
2025-09-22 23:56:35,670 - INFO - FAILED - Reason: URL_REDIRECT | Company ID: 10040 | Company Name: REFORM SHIPPING SA | Expected URL: https://magicport.ai/owners-managers/t%C3%BCrkiye/reform-shipping-sa | Redirected to: https://magicport.ai/owners-managers/t%c3%bcrkiye/reform-shipping-sa
2025-09-22 23:56:35,708 - INFO - FAILED - Reason: UNEXPECTED_ERROR: cannot unpack non-iterable bool object | Company ID: 10040 | Company Name: REFORM SHIPPING SA | Expected URL: https://magicport.ai/owners-managers/t%C3%BCrkiye/reform-shipping-sa
2025-09-22 23:56:50,478 - INFO - FAILED - Reason: URL_REDIRECT | Company ID: 10041 | Company Name: GULNAK DENIZCILIK NAKLIYAT | Expected URL: https://magicport.ai/owners-managers/t%C3%BCrkiye/gulnak-denizcilik-nakliyat | Redirected to: https://magicport.ai/owners-managers/t%c3%bcrkiye/gulnak-denizcilik-nakliyat
2025-09-22 23:56:50,516 - INFO - FAILED - Reason: UNEXPECTED_ERROR: cannot unpack non-iterable bool object | Company ID: 10041 | Company Name: GULNAK DENIZCILIK NAKLIYAT | Expected URL: https://magicport.ai/owners-managers/t%C3%BCrkiye/gulnak-denizcilik-nakliyat
2025-09-22 23:57:34,675 - INFO - FAILED - Reason: URL_REDIRECT | Company ID: 10042 | Company Name: EGE DENIZCILIK MURSEL TEKSEN | Expected URL: https://magicport.ai/owners-managers/t%C3%BCrkiye/ege-denizcilik-mursel-teksen | Redirected to: https://magicport.ai/owners-managers/t%c3%bcrkiye/ege-denizcilik-mursel-teksen
2025-09-22 23:57:34,711 - INFO - FAILED - Reason: UNEXPECTED_ERROR: cannot unpack non-iterable bool object | Company ID: 10042 | Company Name: EGE DENIZCILIK MURSEL TEKSEN | Expected URL: https://magicport.ai/owners-managers/t%C3%BCrkiye/ege-denizcilik-mursel-teksen
2025-09-22 23:57:49,234 - INFO - FAILED - Reason: URL_REDIRECT | Company ID: 10043 | Company Name: GSD DENIZCILIK GAYRIMENKUL | Expected URL: https://magicport.ai/owners-managers/t%C3%BCrkiye/gsd-denizcilik-gayrimenkul | Redirected to: https://magicport.ai/owners-managers/t%c3%bcrkiye/gsd-denizcilik-gayrimenkul
2025-09-22 23:57:49,271 - INFO - FAILED - Reason: UNEXPECTED_ERROR: cannot unpack non-iterable bool object | Company ID: 10043 | Company Name: GSD DENIZCILIK GAYRIMENKUL | Expected URL: https://magicport.ai/owners-managers/t%C3%BCrkiye/gsd-denizcilik-gayrimenkul
2025-09-22 23:58:05,588 - INFO - FAILED - Reason: URL_REDIRECT | Company ID: 10044 | Company Name: AREL DENIZCILIK TICARET | Expected URL: https://magicport.ai/owners-managers/t%C3%BCrkiye/arel-denizcilik-ticaret | Redirected to: https://magicport.ai/owners-managers/t%c3%bcrkiye/arel-denizcilik-ticaret
2025-09-22 23:58:05,625 - INFO - FAILED - Reason: UNEXPECTED_ERROR: cannot unpack non-iterable bool object | Company ID: 10044 | Company Name: AREL DENIZCILIK TICARET | Expected URL: https://magicport.ai/owners-managers/t%C3%BCrkiye/arel-denizcilik-ticaret
2025-09-22 23:58:44,430 - INFO - FAILED - Reason: URL_REDIRECT | Company ID: 10045 | Company Name: DSM GEMI ISLETMECILIGI AS | Expected URL: https://magicport.ai/owners-managers/t%C3%BCrkiye/dsm-gemi-isletmeciligi-as | Redirected to: https://magicport.ai/owners-managers/t%c3%bcrkiye/dsm-gemi-isletmeciligi-as
2025-09-22 23:58:44,473 - INFO - FAILED - Reason: UNEXPECTED_ERROR: cannot unpack non-iterable bool object | Company ID: 10045 | Company Name: DSM GEMI ISLETMECILIGI AS | Expected URL: https://magicport.ai/owners-managers/t%C3%BCrkiye/dsm-gemi-isletmeciligi-as
2025-09-22 23:59:07,068 - INFO - FAILED - Reason: URL_REDIRECT | Company ID: 10046 | Company Name: MARMARA ISLANDS SHIPPING CORP | Expected URL: https://magicport.ai/owners-managers/t%C3%BCrkiye/marmara-islands-shipping-corp | Redirected to: https://magicport.ai/owners-managers/t%c3%bcrkiye/marmara-islands-shipping-corp
2025-09-22 23:59:07,104 - INFO - FAILED - Reason: UNEXPECTED_ERROR: cannot unpack non-iterable bool object | Company ID: 10046 | Company Name: MARMARA ISLANDS SHIPPING CORP | Expected URL: https://magicport.ai/owners-managers/t%C3%BCrkiye/marmara-islands-shipping-corp
2025-09-22 23:59:21,476 - INFO - FAILED - Reason: URL_REDIRECT | Company ID: 10047 | Company Name: CAPA DENIZCILIK NAKLIYAT | Expected URL: https://magicport.ai/owners-managers/t%C3%BCrkiye/capa-denizcilik-nakliyat | Redirected to: https://magicport.ai/owners-managers/t%c3%bcrkiye/capa-denizcilik-nakliyat
2025-09-22 23:59:21,510 - INFO - FAILED - Reason: UNEXPECTED_ERROR: cannot unpack non-iterable bool object | Company ID: 10047 | Company Name: CAPA DENIZCILIK NAKLIYAT | Expected URL: https://magicport.ai/owners-managers/t%C3%BCrkiye/capa-denizcilik-nakliyat
2025-09-22 23:59:36,409 - INFO - FAILED - Reason: URL_REDIRECT | Company ID: 10048 | Company Name: ULUSOY RO/RO ISLETMELERI | Expected URL: https://magicport.ai/owners-managers/t%C3%BCrkiye/ulusoy-roro-isletmeleri | Redirected to: https://magicport.ai/owners-managers/t%c3%bcrkiye/ulusoy-roro-isletmeleri
2025-09-22 23:59:36,448 - INFO - FAILED - Reason: UNEXPECTED_ERROR: cannot unpack non-iterable bool object | Company ID: 10048 | Company Name: ULUSOY RO/RO ISLETMELERI | Expected URL: https://magicport.ai/owners-managers/t%C3%BCrkiye/ulusoy-roro-isletmeleri
2025-09-22 23:59:51,774 - INFO - FAILED - Reason: URL_REDIRECT | Company ID: 10049 | Company Name: DXB SHIPPING & SHIP MANAGEMENT | Expected URL: https://magicport.ai/owners-managers/t%C3%BCrkiye/dxb-shipping-ship-management | Redirected to: https://magicport.ai/owners-managers/t%c3%bcrkiye/dxb-shipping-ship-management
2025-09-22 23:59:51,798 - INFO - FAILED - Reason: UNEXPECTED_ERROR: cannot unpack non-iterable bool object | Company ID: 10049 | Company Name: DXB SHIPPING & SHIP MANAGEMENT | Expected URL: https://magicport.ai/owners-managers/t%C3%BCrkiye/dxb-shipping-ship-management
2025-09-23 00:00:08,096 - INFO - FAILED - Reason: URL_REDIRECT | Company ID: 10050 | Company Name: NORDIC SHIPPING & SHIP MGMT CO | Expected URL: https://magicport.ai/owners-managers/t%C3%BCrkiye/nordic-shipping-ship-mgmt-co | Redirected to: https://magicport.ai/owners-managers/t%c3%bcrkiye/nordic-shipping-ship-mgmt-co
2025-09-23 00:00:08,133 - INFO - FAILED - Reason: UNEXPECTED_ERROR: cannot unpack non-iterable bool object | Company ID: 10050 | Company Name: NORDIC SHIPPING & SHIP MGMT CO | Expected URL: https://magicport.ai/owners-managers/t%C3%BCrkiye/nordic-shipping-ship-mgmt-co
2025-09-23 00:00:24,073 - INFO - FAILED - Reason: URL_REDIRECT | Company ID: 10051 | Company Name: ISTIFAN ULUSLARARASI | Expected URL: https://magicport.ai/owners-managers/t%C3%BCrkiye/istifan-uluslararasi | Redirected to: https://magicport.ai/owners-managers/t%c3%bcrkiye/istifan-uluslararasi
2025-09-23 00:00:24,111 - INFO - FAILED - Reason: UNEXPECTED_ERROR: cannot unpack non-iterable bool object | Company ID: 10051 | Company Name: ISTIFAN ULUSLARARASI | Expected URL: https://magicport.ai/owners-managers/t%C3%BCrkiye/istifan-uluslararasi
2025-09-23 00:00:40,291 - INFO - FAILED - Reason: URL_REDIRECT | Company ID: 10052 | Company Name: VASTO MARINE GEMI ISLET | Expected URL: https://magicport.ai/owners-managers/t%C3%BCrkiye/vasto-marine-gemi-islet | Redirected to: https://magicport.ai/owners-managers/t%c3%bcrkiye/vasto-marine-gemi-islet
2025-09-23 00:00:40,328 - INFO - FAILED - Reason: UNEXPECTED_ERROR: cannot unpack non-iterable bool object | Company ID: 10052 | Company Name: VASTO MARINE GEMI ISLET | Expected URL: https://magicport.ai/owners-managers/t%C3%BCrkiye/vasto-marine-gemi-islet
2025-09-23 00:00:55,160 - INFO - FAILED - Reason: URL_REDIRECT | Company ID: 10053 | Company Name: AGA TEKNIK DENIZCILIK SANAYI | Expected URL: https://magicport.ai/owners-managers/t%C3%BCrkiye/aga-teknik-denizcilik-sanayi | Redirected to: https://magicport.ai/owners-managers/t%c3%bcrkiye/aga-teknik-denizcilik-sanayi
2025-09-23 00:00:55,203 - INFO - FAILED - Reason: UNEXPECTED_ERROR: cannot unpack non-iterable bool object | Company ID: 10053 | Company Name: AGA TEKNIK DENIZCILIK SANAYI | Expected URL: https://magicport.ai/owners-managers/t%C3%BCrkiye/aga-teknik-denizcilik-sanayi
2025-09-23 00:01:10,564 - INFO - FAILED - Reason: URL_REDIRECT | Company ID: 10054 | Company Name: ALPHAMOON SHIPPING MANAGEMENT | Expected URL: https://magicport.ai/owners-managers/t%C3%BCrkiye/alphamoon-shipping-management | Redirected to: https://magicport.ai/owners-managers/t%c3%bcrkiye/alphamoon-shipping-management
2025-09-23 00:01:10,601 - INFO - FAILED - Reason: UNEXPECTED_ERROR: cannot unpack non-iterable bool object | Company ID: 10054 | Company Name: ALPHAMOON SHIPPING MANAGEMENT | Expected URL: https://magicport.ai/owners-managers/t%C3%BCrkiye/alphamoon-shipping-management
2025-09-23 00:01:27,040 - INFO - FAILED - Reason: URL_REDIRECT | Company ID: 10055 | Company Name: MERRY ENTERPRISES DENIZCILK | Expected URL: https://magicport.ai/owners-managers/t%C3%BCrkiye/merry-enterprises-denizcilk | Redirected to: https://magicport.ai/owners-managers/t%c3%bcrkiye/merry-enterprises-denizcilk
2025-09-23 00:01:27,085 - INFO - FAILED - Reason: UNEXPECTED_ERROR: cannot unpack non-iterable bool object | Company ID: 10055 | Company Name: MERRY ENTERPRISES DENIZCILK | Expected URL: https://magicport.ai/owners-managers/t%C3%BCrkiye/merry-enterprises-denizcilk
2025-09-23 00:01:43,311 - INFO - FAILED - Reason: URL_REDIRECT | Company ID: 10056 | Company Name: ALPHAMOON SHIPPING MANAGEMENT | Expected URL: https://magicport.ai/owners-managers/t%C3%BCrkiye/alphamoon-shipping-management | Redirected to: https://magicport.ai/owners-managers/t%c3%bcrkiye/alphamoon-shipping-management
2025-09-23 00:01:43,345 - INFO - FAILED - Reason: UNEXPECTED_ERROR: cannot unpack non-iterable bool object | Company ID: 10056 | Company Name: ALPHAMOON SHIPPING MANAGEMENT | Expected URL: https://magicport.ai/owners-managers/t%C3%BCrkiye/alphamoon-shipping-management
