2025-09-25 18:57:41,181 - INFO - FAILED - Reason: URL_REDIRECT | Company ID: 7969 | Company Name: BAHRI | Expected URL: https://magicport.ai/owners-managers/saudi-arabia/bahri | Redirected to: https://magicport.ai/owners-managers
2025-09-25 18:57:41,219 - INFO - FAILED - Reason: UNEXPECTED_ERROR: cannot unpack non-iterable bool object | Company ID: 7969 | Company Name: BAHRI | Expected URL: https://magicport.ai/owners-managers/saudi-arabia/bahri
2025-09-25 18:57:52,900 - INFO - FAILED - Reason: URL_REDIRECT | Company ID: 7972 | Company Name: BIHAR INTERNATIONAL CO LTD | Expected URL: https://magicport.ai/owners-managers/saudi-arabia/bihar-international-co-ltd | Redirected to: https://magicport.ai/owners-managers
2025-09-25 18:57:52,935 - INFO - FAILED - Reason: UNEXPECTED_ERROR: cannot unpack non-iterable bool object | Company ID: 7972 | Company Name: BIHAR INTERNATIONAL CO LTD | Expected URL: https://magicport.ai/owners-managers/saudi-arabia/bihar-international-co-ltd
2025-09-25 19:00:49,170 - INFO - FAILED - Reason: URL_REDIRECT | Company ID: 8248 | Company Name: STRAITS ORIENT LINES SINGAPORE | Expected URL: https://magicport.ai/owners-managers/singapore/straits-orient-lines-singapore-private-limited-sol | Redirected to: https://magicport.ai/owners-managers
2025-09-25 19:00:49,209 - INFO - FAILED - Reason: UNEXPECTED_ERROR: cannot unpack non-iterable bool object | Company ID: 8248 | Company Name: STRAITS ORIENT LINES SINGAPORE | Expected URL: https://magicport.ai/owners-managers/singapore/straits-orient-lines-singapore-private-limited-sol
2025-09-25 19:02:40,381 - INFO - FAILED - Reason: URL_REDIRECT | Company ID: 8447 | Company Name: SE SHIPPING LINES PTE LTD | Expected URL: https://magicport.ai/owners-managers/singapore/se-shipping-lines-pte-ltd | Redirected to: https://magicport.ai/owners-managers
2025-09-25 19:02:40,418 - INFO - FAILED - Reason: UNEXPECTED_ERROR: cannot unpack non-iterable bool object | Company ID: 8447 | Company Name: SE SHIPPING LINES PTE LTD | Expected URL: https://magicport.ai/owners-managers/singapore/se-shipping-lines-pte-ltd
2025-09-25 19:02:52,678 - INFO - FAILED - Reason: URL_REDIRECT | Company ID: 8464 | Company Name: SE SHIPPING LINES PTE LTD | Expected URL: https://magicport.ai/owners-managers/singapore/se-shipping-lines-pte-ltd | Redirected to: https://magicport.ai/owners-managers
2025-09-25 19:02:52,714 - INFO - FAILED - Reason: UNEXPECTED_ERROR: cannot unpack non-iterable bool object | Company ID: 8464 | Company Name: SE SHIPPING LINES PTE LTD | Expected URL: https://magicport.ai/owners-managers/singapore/se-shipping-lines-pte-ltd
2025-09-25 19:03:07,437 - INFO - FAILED - Reason: URL_REDIRECT | Company ID: 8618 | Company Name: EPIC SHIPPING PTE LTD | Expected URL: https://magicport.ai/owners-managers/singapore/epic-shipping-pte-ltd | Redirected to: https://magicport.ai/owners-managers
2025-09-25 19:03:07,474 - INFO - FAILED - Reason: UNEXPECTED_ERROR: cannot unpack non-iterable bool object | Company ID: 8618 | Company Name: EPIC SHIPPING PTE LTD | Expected URL: https://magicport.ai/owners-managers/singapore/epic-shipping-pte-ltd
2025-09-25 19:03:19,407 - INFO - FAILED - Reason: URL_REDIRECT | Company ID: 8630 | Company Name: OSLO BULK HOLDING PTE LTD | Expected URL: https://magicport.ai/owners-managers/singapore/oslo-bulk-holding-pte-ltd | Redirected to: https://magicport.ai/owners-managers
2025-09-25 19:03:19,442 - INFO - FAILED - Reason: UNEXPECTED_ERROR: cannot unpack non-iterable bool object | Company ID: 8630 | Company Name: OSLO BULK HOLDING PTE LTD | Expected URL: https://magicport.ai/owners-managers/singapore/oslo-bulk-holding-pte-ltd
2025-09-25 19:03:33,949 - INFO - FAILED - Reason: URL_REDIRECT | Company ID: 8712 | Company Name: VENTURA ERLYNE PRIVAT PT | Expected URL: https://magicport.ai/owners-managers/singapore/ventura-erlyne-privat-pt | Redirected to: https://magicport.ai/owners-managers
2025-09-25 19:03:33,985 - INFO - FAILED - Reason: UNEXPECTED_ERROR: cannot unpack non-iterable bool object | Company ID: 8712 | Company Name: VENTURA ERLYNE PRIVAT PT | Expected URL: https://magicport.ai/owners-managers/singapore/ventura-erlyne-privat-pt
2025-09-25 19:05:06,937 - INFO - FAILED - Reason: URL_REDIRECT | Company ID: 9524 | Company Name: CLINTON MARINE SURVEY AB | Expected URL: https://magicport.ai/owners-managers/sweden/clinton-marine-survey-ab | Redirected to: https://magicport.ai/owners-managers
2025-09-25 19:05:06,974 - INFO - FAILED - Reason: UNEXPECTED_ERROR: cannot unpack non-iterable bool object | Company ID: 9524 | Company Name: CLINTON MARINE SURVEY AB | Expected URL: https://magicport.ai/owners-managers/sweden/clinton-marine-survey-ab
2025-09-25 19:05:20,136 - INFO - FAILED - Reason: URL_REDIRECT | Company ID: 9581 | Company Name: MED TANKERS SARL | Expected URL: https://magicport.ai/owners-managers/switzerland/med-tankers-sarl | Redirected to: https://magicport.ai/owners-managers
2025-09-25 19:05:20,171 - INFO - FAILED - Reason: UNEXPECTED_ERROR: cannot unpack non-iterable bool object | Company ID: 9581 | Company Name: MED TANKERS SARL | Expected URL: https://magicport.ai/owners-managers/switzerland/med-tankers-sarl
2025-09-25 19:05:33,550 - INFO - FAILED - Reason: URL_REDIRECT | Company ID: 9584 | Company Name: MED TANKERS SARL | Expected URL: https://magicport.ai/owners-managers/switzerland/med-tankers-sarl | Redirected to: https://magicport.ai/owners-managers
2025-09-25 19:05:33,584 - INFO - FAILED - Reason: UNEXPECTED_ERROR: cannot unpack non-iterable bool object | Company ID: 9584 | Company Name: MED TANKERS SARL | Expected URL: https://magicport.ai/owners-managers/switzerland/med-tankers-sarl
2025-09-25 20:12:44,337 - INFO - FAILED - Reason: URL_REDIRECT | Company ID: 10075 | Company Name: VOLARIS SHIPPING CO LTD | Expected URL: https://magicport.ai/owners-managers/t%C3%BCrkiye/volaris-shipping-co-ltd | Redirected to: https://magicport.ai/owners-managers
2025-09-25 20:12:44,360 - INFO - FAILED - Reason: UNEXPECTED_ERROR: cannot unpack non-iterable bool object | Company ID: 10075 | Company Name: VOLARIS SHIPPING CO LTD | Expected URL: https://magicport.ai/owners-managers/t%C3%BCrkiye/volaris-shipping-co-ltd
2025-09-25 20:12:54,004 - INFO - FAILED - Reason: URL_REDIRECT | Company ID: 10095 | Company Name: VOLARIS SHIPPING CO LTD | Expected URL: https://magicport.ai/owners-managers/t%C3%BCrkiye/volaris-shipping-co-ltd | Redirected to: https://magicport.ai/owners-managers
2025-09-25 20:12:54,041 - INFO - FAILED - Reason: UNEXPECTED_ERROR: cannot unpack non-iterable bool object | Company ID: 10095 | Company Name: VOLARIS SHIPPING CO LTD | Expected URL: https://magicport.ai/owners-managers/t%C3%BCrkiye/volaris-shipping-co-ltd
2025-09-25 20:13:03,740 - INFO - FAILED - Reason: URL_REDIRECT | Company ID: 10103 | Company Name: VOLARIS SHIPPING CO LTD | Expected URL: https://magicport.ai/owners-managers/t%C3%BCrkiye/volaris-shipping-co-ltd | Redirected to: https://magicport.ai/owners-managers
2025-09-25 20:13:03,775 - INFO - FAILED - Reason: UNEXPECTED_ERROR: cannot unpack non-iterable bool object | Company ID: 10103 | Company Name: VOLARIS SHIPPING CO LTD | Expected URL: https://magicport.ai/owners-managers/t%C3%BCrkiye/volaris-shipping-co-ltd
2025-09-25 20:13:14,171 - INFO - FAILED - Reason: URL_REDIRECT | Company ID: 10143 | Company Name: SPDBFL ONE HUNDRED & FIFTY-SIX | Expected URL: https://magicport.ai/owners-managers/t%C3%BCrkiye/spdbfl-one-hundred-fifty-six | Redirected to: https://magicport.ai/owners-managers
2025-09-25 20:13:14,206 - INFO - FAILED - Reason: UNEXPECTED_ERROR: cannot unpack non-iterable bool object | Company ID: 10143 | Company Name: SPDBFL ONE HUNDRED & FIFTY-SIX | Expected URL: https://magicport.ai/owners-managers/t%C3%BCrkiye/spdbfl-one-hundred-fifty-six
2025-09-25 20:13:29,307 - INFO - FAILED - Reason: URL_REDIRECT | Company ID: 10312 | Company Name: MIRZAM SHIPPING CO LTD | Expected URL: https://magicport.ai/owners-managers/t%C3%BCrkiye/mirzam-shipping-co-ltd | Redirected to: https://magicport.ai/owners-managers
2025-09-25 20:13:29,341 - INFO - FAILED - Reason: UNEXPECTED_ERROR: cannot unpack non-iterable bool object | Company ID: 10312 | Company Name: MIRZAM SHIPPING CO LTD | Expected URL: https://magicport.ai/owners-managers/t%C3%BCrkiye/mirzam-shipping-co-ltd
2025-09-25 20:13:38,734 - INFO - FAILED - Reason: URL_REDIRECT | Company ID: 10400 | Company Name: NAVEGAR SHIP MARITIME MGMT | Expected URL: https://magicport.ai/owners-managers/t%C3%BCrkiye/navegar-ship-maritime-mgmt | Redirected to: https://magicport.ai/owners-managers
2025-09-25 20:13:38,770 - INFO - FAILED - Reason: UNEXPECTED_ERROR: cannot unpack non-iterable bool object | Company ID: 10400 | Company Name: NAVEGAR SHIP MARITIME MGMT | Expected URL: https://magicport.ai/owners-managers/t%C3%BCrkiye/navegar-ship-maritime-mgmt
2025-09-25 20:13:48,198 - INFO - FAILED - Reason: URL_REDIRECT | Company ID: 10418 | Company Name: NAVEGAR SHIP MARITIME MGMT | Expected URL: https://magicport.ai/owners-managers/t%C3%BCrkiye/navegar-ship-maritime-mgmt | Redirected to: https://magicport.ai/owners-managers
2025-09-25 20:13:48,232 - INFO - FAILED - Reason: UNEXPECTED_ERROR: cannot unpack non-iterable bool object | Company ID: 10418 | Company Name: NAVEGAR SHIP MARITIME MGMT | Expected URL: https://magicport.ai/owners-managers/t%C3%BCrkiye/navegar-ship-maritime-mgmt
2025-09-25 20:13:57,817 - INFO - FAILED - Reason: URL_REDIRECT | Company ID: 10467 | Company Name: PUFFIN SHIPPING & TRADING LTD | Expected URL: https://magicport.ai/owners-managers/t%C3%BCrkiye/puffin-shipping-trading-ltd | Redirected to: https://magicport.ai/owners-managers
2025-09-25 20:13:57,852 - INFO - FAILED - Reason: UNEXPECTED_ERROR: cannot unpack non-iterable bool object | Company ID: 10467 | Company Name: PUFFIN SHIPPING & TRADING LTD | Expected URL: https://magicport.ai/owners-managers/t%C3%BCrkiye/puffin-shipping-trading-ltd
2025-09-25 20:14:30,312 - INFO - FAILED - Reason: URL_REDIRECT | Company ID: 11137 | Company Name: MOL GLOBAL SHIP MANAGEMENT PTE | Expected URL: https://magicport.ai/owners-managers/united-kingdom/mol-global-ship-management-pte | Redirected to: https://magicport.ai/owners-managers
2025-09-25 20:14:30,348 - INFO - FAILED - Reason: UNEXPECTED_ERROR: cannot unpack non-iterable bool object | Company ID: 11137 | Company Name: MOL GLOBAL SHIP MANAGEMENT PTE | Expected URL: https://magicport.ai/owners-managers/united-kingdom/mol-global-ship-management-pte
